Archive member included to satisfy reference by file (symbol)

/tmp/.mount_rvQoA7/bin/../lib/gcc/arm-none-eabi/6.3.1/thumb/v7e-m/fpv4-sp/hard/libgcc.a(_aeabi_uldivmod.o)
                              out/libs/lpc_chip_43xx/src/uart_18xx_43xx.o (__aeabi_uldivmod)
/tmp/.mount_rvQoA7/bin/../lib/gcc/arm-none-eabi/6.3.1/thumb/v7e-m/fpv4-sp/hard/libgcc.a(_udivmoddi4.o)
                              /tmp/.mount_rvQoA7/bin/../lib/gcc/arm-none-eabi/6.3.1/thumb/v7e-m/fpv4-sp/hard/libgcc.a(_aeabi_uldivmod.o) (__udivmoddi4)
/tmp/.mount_rvQoA7/bin/../lib/gcc/arm-none-eabi/6.3.1/thumb/v7e-m/fpv4-sp/hard/libgcc.a(_dvmd_tls.o)
                              /tmp/.mount_rvQoA7/bin/../lib/gcc/arm-none-eabi/6.3.1/thumb/v7e-m/fpv4-sp/hard/libgcc.a(_aeabi_uldivmod.o) (__aeabi_ldiv0)
/tmp/.mount_rvQoA7/bin/../lib/gcc/arm-none-eabi/6.3.1/../../../../arm-none-eabi/lib/thumb/v7e-m/fpv4-sp/hard/libc_nano.a(lib_a-memcpy-stub.o)
                              out/libs/lpc_chip_43xx/src/ring_buffer.o (memcpy)
/tmp/.mount_rvQoA7/bin/../lib/gcc/arm-none-eabi/6.3.1/../../../../arm-none-eabi/lib/thumb/v7e-m/fpv4-sp/hard/libc_nano.a(lib_a-memset.o)
                              out/libs/lpc_chip_43xx/src/clock_18xx_43xx.o (memset)

Allocating common symbols
Common symbol       size              file

SystemCoreClock     0x4               out/libs/lpc_chip_43xx/src/chip_18xx_43xx.o
tickCounter         0x8               out/libs/sapi/src/sapi_tick.o
tickRateMS          0x8               out/libs/sapi/src/sapi_tick.o

Discarded input sections

 .group         0x0000000000000000        0x8 out/app/src/program.o
 .group         0x0000000000000000        0x8 out/app/src/program.o
 .group         0x0000000000000000        0x8 out/app/src/program.o
 .group         0x0000000000000000        0x8 out/app/src/program.o
 .group         0x0000000000000000        0x8 out/app/src/program.o
 .group         0x0000000000000000        0x8 out/app/src/program.o
 .group         0x0000000000000000        0x8 out/app/src/program.o
 .group         0x0000000000000000        0x8 out/app/src/program.o
 .group         0x0000000000000000        0x8 out/app/src/program.o
 .group         0x0000000000000000        0x8 out/app/src/program.o
 .group         0x0000000000000000        0x8 out/app/src/program.o
 .group         0x0000000000000000        0x8 out/app/src/program.o
 .group         0x0000000000000000        0x8 out/app/src/program.o
 .group         0x0000000000000000        0x8 out/app/src/program.o
 .group         0x0000000000000000        0x8 out/app/src/program.o
 .group         0x0000000000000000        0x8 out/app/src/program.o
 .group         0x0000000000000000        0x8 out/app/src/program.o
 .group         0x0000000000000000        0x8 out/app/src/program.o
 .group         0x0000000000000000        0x8 out/app/src/program.o
 .group         0x0000000000000000        0x8 out/app/src/program.o
 .group         0x0000000000000000        0x8 out/app/src/program.o
 .group         0x0000000000000000        0x8 out/app/src/program.o
 .group         0x0000000000000000        0x8 out/app/src/program.o
 .group         0x0000000000000000        0x8 out/app/src/program.o
 .group         0x0000000000000000        0x8 out/app/src/program.o
 .group         0x0000000000000000        0x8 out/app/src/program.o
 .group         0x0000000000000000        0x8 out/app/src/program.o
 .group         0x0000000000000000        0x8 out/app/src/program.o
 .group         0x0000000000000000        0x8 out/app/src/program.o
 .group         0x0000000000000000        0x8 out/app/src/program.o
 .group         0x0000000000000000        0x8 out/app/src/program.o
 .group         0x0000000000000000        0x8 out/app/src/program.o
 .group         0x0000000000000000        0x8 out/app/src/program.o
 .group         0x0000000000000000        0x8 out/app/src/program.o
 .group         0x0000000000000000        0x8 out/app/src/program.o
 .group         0x0000000000000000        0x8 out/app/src/program.o
 .group         0x0000000000000000        0x8 out/app/src/program.o
 .group         0x0000000000000000        0x8 out/app/src/program.o
 .group         0x0000000000000000        0x8 out/app/src/program.o
 .group         0x0000000000000000        0x8 out/app/src/program.o
 .group         0x0000000000000000        0x8 out/app/src/program.o
 .group         0x0000000000000000        0x8 out/app/src/program.o
 .group         0x0000000000000000        0x8 out/app/src/program.o
 .group         0x0000000000000000        0x8 out/app/src/program.o
 .group         0x0000000000000000        0x8 out/app/src/program.o
 .group         0x0000000000000000        0x8 out/app/src/program.o
 .group         0x0000000000000000        0x8 out/app/src/program.o
 .group         0x0000000000000000        0x8 out/app/src/program.o
 .group         0x0000000000000000        0x8 out/app/src/program.o
 .group         0x0000000000000000        0x8 out/app/src/program.o
 .group         0x0000000000000000        0x8 out/app/src/program.o
[...]
Memory Configuration

Name             Origin             Length             Attributes
MFlashA512       0x000000001a000000 0x0000000000080000 xr
MFlashB512       0x000000001b000000 0x0000000000080000 xr
RamLoc32         0x0000000010000000 0x0000000000008000 xrw
RamLoc40         0x0000000010080000 0x000000000000a000 xrw
RamAHB32         0x0000000020000000 0x0000000000008000 xrw
RamAHB16         0x0000000020008000 0x0000000000004000 xrw
RamAHB_ETB16     0x000000002000c000 0x0000000000004000 xrw
*default*        0x0000000000000000 0xffffffffffffffff

Linker script and memory map

LOAD out/app/src/program.o
LOAD out/libs/lpc_chip_43xx/src/gpiogroup_18xx_43xx.o
LOAD out/libs/lpc_chip_43xx/src/dac_18xx_43xx.o
LOAD out/libs/lpc_chip_43xx/src/lcd_18xx_43xx.o
LOAD out/libs/lpc_chip_43xx/src/uart_18xx_43xx.o
LOAD out/libs/lpc_chip_43xx/src/adc_18xx_43xx.o
LOAD out/libs/lpc_chip_43xx/src/stopwatch_18xx_43xx.o
LOAD out/libs/lpc_chip_43xx/src/chip_18xx_43xx.o
LOAD out/libs/lpc_chip_43xx/src/pmc_18xx_43xx.o
LOAD out/libs/lpc_chip_43xx/src/clock_18xx_43xx.o
LOAD out/libs/lpc_chip_43xx/src/aes_18xx_43xx.o
LOAD out/libs/lpc_chip_43xx/src/atimer_18xx_43xx.o
LOAD out/libs/lpc_chip_43xx/src/sdif_18xx_43xx.o
LOAD out/libs/lpc_chip_43xx/src/i2s_18xx_43xx.o
LOAD out/libs/lpc_chip_43xx/src/iap_18xx_43xx.o
LOAD out/libs/lpc_chip_43xx/src/wwdt_18xx_43xx.o
LOAD out/libs/lpc_chip_43xx/src/timer_18xx_43xx.o
LOAD out/libs/lpc_chip_43xx/src/ring_buffer.o
LOAD out/libs/lpc_chip_43xx/src/i2cm_18xx_43xx.o
LOAD out/libs/lpc_chip_43xx/src/pinint_18xx_43xx.o
LOAD out/libs/lpc_chip_43xx/src/fpu_init.o
LOAD out/libs/lpc_chip_43xx/src/rtc_18xx_43xx.o
LOAD out/libs/lpc_chip_43xx/src/sct_18xx_43xx.o
LOAD out/libs/lpc_chip_43xx/src/emc_18xx_43xx.o
LOAD out/libs/lpc_chip_43xx/src/eeprom_18xx_43xx.o
LOAD out/libs/lpc_chip_43xx/src/ritimer_18xx_43xx.o
LOAD out/libs/lpc_chip_43xx/src/sdmmc_18xx_43xx.o
LOAD out/libs/lpc_chip_43xx/src/sdio_18xx_43xx.o
LOAD out/libs/lpc_chip_43xx/src/otp_18xx_43xx.o
LOAD out/libs/lpc_chip_43xx/src/spi_18xx_43xx.o
LOAD out/libs/lpc_chip_43xx/src/gpio_18xx_43xx.o
LOAD out/libs/lpc_chip_43xx/src/hsadc_18xx_43xx.o
LOAD out/libs/lpc_chip_43xx/src/sysinit_18xx_43xx.o
LOAD out/libs/lpc_chip_43xx/src/gpdma_18xx_43xx.o
LOAD out/libs/lpc_chip_43xx/src/ccan_18xx_43xx.o
LOAD out/libs/lpc_chip_43xx/src/evrt_18xx_43xx.o
LOAD out/libs/lpc_chip_43xx/src/sct_pwm_18xx_43xx.o
LOAD out/libs/lpc_chip_43xx/src/enet_18xx_43xx.o
LOAD out/libs/lpc_chip_43xx/src/ssp_18xx_43xx.o
LOAD out/libs/lpc_chip_43xx/src/i2c_18xx_43xx.o
LOAD out/libs/lpc_board_ciaa_edu_4337/src/board.o
LOAD out/libs/lpc_board_ciaa_edu_4337/src/crp.o
LOAD out/libs/lpc_board_ciaa_edu_4337/src/system.o
LOAD out/libs/lpc_board_ciaa_edu_4337/src/cr_startup_lpc43xx.o
LOAD out/libs/lpc_board_ciaa_edu_4337/src/sysinit.o
LOAD out/libs/lpc_board_ciaa_edu_4337/src/board_sysinit.o
LOAD out/libs/sapi/src/sapi_keypad.o
LOAD out/libs/sapi/src/sapi_dac.o
LOAD out/libs/sapi/src/sapi_hmc5883l.o
LOAD out/libs/sapi/src/sapi_sleep.o
LOAD out/libs/sapi/src/sapi_uart.o
LOAD out/libs/sapi/src/sapi_servo.o
LOAD out/libs/sapi/src/sapi_spi.o
LOAD out/libs/sapi/src/sapi_datatypes.o
LOAD out/libs/sapi/src/sapi_7_segment_display.o
LOAD out/libs/sapi/src/sapi_pwm.o
LOAD out/libs/sapi/src/sapi_delay.o
LOAD out/libs/sapi/src/sapi_rtc.o
LOAD out/libs/sapi/src/sapi_tick.o
LOAD out/libs/sapi/src/sapi_i2c.o
LOAD out/libs/sapi/src/sapi_timer.o
LOAD out/libs/sapi/src/sapi_adc.o
LOAD out/libs/sapi/src/sapi_board.o
LOAD out/libs/sapi/src/sapi_sct.o
LOAD out/libs/sapi/src/sapi_gpio.o
START GROUP
LOAD /tmp/.mount_rvQoA7/bin/../lib/gcc/arm-none-eabi/6.3.1/thumb/v7e-m/fpv4-sp/hard/libgcc.a
LOAD /tmp/.mount_rvQoA7/bin/../lib/gcc/arm-none-eabi/6.3.1/../../../../arm-none-eabi/lib/thumb/v7e-m/fpv4-sp/hard/libc_nano.a
END GROUP
START GROUP
LOAD /tmp/.mount_rvQoA7/bin/../lib/gcc/arm-none-eabi/6.3.1/thumb/v7e-m/fpv4-sp/hard/libgcc.a
LOAD /tmp/.mount_rvQoA7/bin/../lib/gcc/arm-none-eabi/6.3.1/../../../../arm-none-eabi/lib/thumb/v7e-m/fpv4-sp/hard/libc_nano.a
END GROUP
START GROUP
LOAD /tmp/.mount_rvQoA7/bin/../lib/gcc/arm-none-eabi/6.3.1/thumb/v7e-m/fpv4-sp/hard/libgcc.a
LOAD /tmp/.mount_rvQoA7/bin/../lib/gcc/arm-none-eabi/6.3.1/../../../../arm-none-eabi/lib/thumb/v7e-m/fpv4-sp/hard/libc.a
LOAD /tmp/.mount_rvQoA7/bin/../lib/gcc/arm-none-eabi/6.3.1/../../../../arm-none-eabi/lib/thumb/v7e-m/fpv4-sp/hard/libm.a
END GROUP
                0x000000001a080000                __top_MFlashA512 = 0x1a080000
                0x000000001b080000                __top_MFlashB512 = 0x1b080000
                0x0000000010008000                __top_RamLoc32 = 0x10008000
                0x000000001008a000                __top_RamLoc40 = 0x1008a000
                0x0000000020008000                __top_RamAHB32 = 0x20008000
                0x000000002000c000                __top_RamAHB16 = 0x2000c000
                0x0000000020010000                __top_RamAHB_ETB16 = 0x20010000

.text_Flash2    0x000000001b000000        0x0
 FILL mask 0xff
 *(.text_Flash2*)
 *(.text_MFlashB512*)
 *(.text.$Flash2*)
 *(.text.$MFlashB512*)
 *(.rodata.$Flash2*)
 *(.rodata.$MFlashB512*)

.text           0x000000001a000000     0x1cb8
 FILL mask 0xff
                0x000000001a000000                __vectors_start__ = ABSOLUTE (.)
 *(.isr_vector)
 .isr_vector    0x000000001a000000      0x114 out/libs/lpc_board_ciaa_edu_4337/src/cr_startup_lpc43xx.o
                0x000000001a000000                g_pfnVectors
                0x000000001a000114                . = ALIGN (0x4)
                0x000000001a000114                __section_table_start = .
                0x000000001a000114                __data_section_table = .
                0x000000001a000114        0x4 LONG 0x1a001cc0 LOADADDR (.data)
                0x000000001a000118        0x4 LONG 0x10000000 ADDR (.data)
                0x000000001a00011c        0x4 LONG 0x44 SIZEOF (.data)
                0x000000001a000120        0x4 LONG 0x1a001cc0 LOADADDR (.data_RAM2)
                0x000000001a000124        0x4 LONG 0x10080000 ADDR (.data_RAM2)
                0x000000001a000128        0x4 LONG 0x0 SIZEOF (.data_RAM2)
                0x000000001a00012c        0x4 LONG 0x1a001cc0 LOADADDR (.data_RAM3)
                0x000000001a000130        0x4 LONG 0x20000000 ADDR (.data_RAM3)
                0x000000001a000134        0x4 LONG 0x0 SIZEOF (.data_RAM3)
                0x000000001a000138        0x4 LONG 0x1a001cc0 LOADADDR (.data_RAM4)
                0x000000001a00013c        0x4 LONG 0x20008000 ADDR (.data_RAM4)
                0x000000001a000140        0x4 LONG 0x0 SIZEOF (.data_RAM4)
                0x000000001a000144        0x4 LONG 0x1a001cc0 LOADADDR (.data_RAM5)
                0x000000001a000148        0x4 LONG 0x2000c000 ADDR (.data_RAM5)
                0x000000001a00014c        0x4 LONG 0x0 SIZEOF (.data_RAM5)
                0x000000001a000150                __data_section_table_end = .
                0x000000001a000150                __bss_section_table = .
                0x000000001a000150        0x4 LONG 0x10000048 ADDR (.bss)
                0x000000001a000154        0x4 LONG 0x20 SIZEOF (.bss)
                0x000000001a000158        0x4 LONG 0x10080000 ADDR (.bss_RAM2)
                0x000000001a00015c        0x4 LONG 0x0 SIZEOF (.bss_RAM2)
                0x000000001a000160        0x4 LONG 0x20000000 ADDR (.bss_RAM3)
                0x000000001a000164        0x4 LONG 0x0 SIZEOF (.bss_RAM3)
                0x000000001a000168        0x4 LONG 0x20008000 ADDR (.bss_RAM4)
                0x000000001a00016c        0x4 LONG 0x0 SIZEOF (.bss_RAM4)
                0x000000001a000170        0x4 LONG 0x2000c000 ADDR (.bss_RAM5)
                0x000000001a000174        0x4 LONG 0x0 SIZEOF (.bss_RAM5)
                0x000000001a000178                __bss_section_table_end = .
                0x000000001a000178                __section_table_end = .
 *(.after_vectors*)
 .after_vectors
                0x000000001a000178       0x44 out/libs/lpc_board_ciaa_edu_4337/src/cr_startup_lpc43xx.o
                0x000000001a000178                NMI_Handler
                0x000000001a00017a                HardFault_Handler
                0x000000001a00017c                MemManage_Handler
                0x000000001a00017e                BusFault_Handler
                0x000000001a000180                UsageFault_Handler
                0x000000001a000182                SVC_Handler
                0x000000001a000184                DebugMon_Handler
                0x000000001a000186                PendSV_Handler
                0x000000001a00018a                RIT_IRQHandler
                0x000000001a00018a                ADCHS_IRQHandler
                0x000000001a00018a                FLASH_EEPROM_IRQHandler
                0x000000001a00018a                I2C0_IRQHandler
                0x000000001a00018a                SDIO_IRQHandler
                0x000000001a00018a                ATIMER_IRQHandler
                0x000000001a00018a                I2C1_IRQHandler
                0x000000001a00018a                UART1_IRQHandler
                0x000000001a00018a                GPIO5_IRQHandler
                0x000000001a00018a                CAN1_IRQHandler
                0x000000001a00018a                USB1_IRQHandler
                0x000000001a00018a                I2S0_IRQHandler
                0x000000001a00018a                SGPIO_IRQHandler
                0x000000001a00018a                ADC0_IRQHandler
                0x000000001a00018a                GPIO6_IRQHandler
                0x000000001a00018a                IntDefaultHandler
                0x000000001a00018a                GPIO1_IRQHandler
                0x000000001a00018a                SSP0_IRQHandler
                0x000000001a00018a                ADC1_IRQHandler
                0x000000001a00018a                RTC_IRQHandler
                0x000000001a00018a                SPI_IRQHandler
                0x000000001a00018a                LCD_IRQHandler
                0x000000001a00018a                GPIO2_IRQHandler
                0x000000001a00018a                I2S1_IRQHandler
                0x000000001a00018a                SSP1_IRQHandler
                0x000000001a00018a                USB0_IRQHandler
                0x000000001a00018a                GPIO3_IRQHandler
                0x000000001a00018a                SCT_IRQHandler
                0x000000001a00018a                WDT_IRQHandler
                0x000000001a00018a                GPIO7_IRQHandler
                0x000000001a00018a                SPIFI_IRQHandler
                0x000000001a00018a                QEI_IRQHandler
                0x000000001a00018a                ETH_IRQHandler
                0x000000001a00018a                CAN0_IRQHandler
                0x000000001a00018a                GINT0_IRQHandler
                0x000000001a00018a                DAC_IRQHandler
                0x000000001a00018a                M0SUB_IRQHandler
                0x000000001a00018a                GPIO0_IRQHandler
                0x000000001a00018a                DMA_IRQHandler
                0x000000001a00018a                EVRT_IRQHandler
                0x000000001a00018a                MCPWM_IRQHandler
                0x000000001a00018a                M0APP_IRQHandler
                0x000000001a00018a                GINT1_IRQHandler
                0x000000001a00018a                GPIO4_IRQHandler
                0x000000001a00018c                data_init
                0x000000001a0001aa                bss_init
 .after_vectors
                0x000000001a0001bc        0x2 out/libs/sapi/src/sapi_uart.o
                0x000000001a0001bc                UART0_IRQHandler
                0x00000000000002fc                . = 0x2fc
 *fill*         0x000000001a0001be      0x13e ff
                0x000000001a0002fc                PROVIDE (__CRP_WORD_START__, .)
 *(.crp)
 .crp           0x000000001a0002fc        0x4 out/libs/lpc_board_ciaa_edu_4337/src/crp.o
                0x000000001a0002fc                CRP_WORD
                0x000000001a000300                PROVIDE (__CRP_WORD_END__, .)
                0x0000000000000001                ASSERT (! ((__CRP_WORD_START__ == __CRP_WORD_END__)), Linker CRP Enabled, but no CRP_WORD provided within application)
 *(.text*)
 .text.main     0x000000001a000300      0x20c out/app/src/program.o
                0x000000001a000300                main
 .text.Chip_UART_GetIndex
                0x000000001a00050c       0x2c out/libs/lpc_chip_43xx/src/uart_18xx_43xx.o
 .text.Chip_UART_Init
                0x000000001a000538       0x54 out/libs/lpc_chip_43xx/src/uart_18xx_43xx.o
                0x000000001a000538                Chip_UART_Init
 .text.Chip_UART_SetBaud
                0x000000001a00058c       0x40 out/libs/lpc_chip_43xx/src/uart_18xx_43xx.o
                0x000000001a00058c                Chip_UART_SetBaud
 .text.Chip_UART_SetBaudFDR
                0x000000001a0005cc       0xe8 out/libs/lpc_chip_43xx/src/uart_18xx_43xx.o
                0x000000001a0005cc                Chip_UART_SetBaudFDR
 .text.SystemCoreClockUpdate
                0x000000001a0006b4       0x14 out/libs/lpc_chip_43xx/src/chip_18xx_43xx.o
                0x000000001a0006b4                SystemCoreClockUpdate
 .text.pll_calc_divs
                0x000000001a0006c8       0xa0 out/libs/lpc_chip_43xx/src/clock_18xx_43xx.o
 .text.pll_get_frac
                0x000000001a000768      0x100 out/libs/lpc_chip_43xx/src/clock_18xx_43xx.o
 .text.Chip_Clock_FindBaseClock
                0x000000001a000868       0x4c out/libs/lpc_chip_43xx/src/clock_18xx_43xx.o
 .text.Chip_Clock_EnableCrystal
                0x000000001a0008b4       0x4c out/libs/lpc_chip_43xx/src/clock_18xx_43xx.o
                0x000000001a0008b4                Chip_Clock_EnableCrystal
 .text.Chip_Clock_GetDividerSource
                0x000000001a000900       0x1c out/libs/lpc_chip_43xx/src/clock_18xx_43xx.o
                0x000000001a000900                Chip_Clock_GetDividerSource
 .text.Chip_Clock_GetDividerDivisor
                0x000000001a00091c       0x1c out/libs/lpc_chip_43xx/src/clock_18xx_43xx.o
                0x000000001a00091c                Chip_Clock_GetDividerDivisor
 .text.Chip_Clock_GetClockInputHz
                0x000000001a000938       0xb8 out/libs/lpc_chip_43xx/src/clock_18xx_43xx.o
                0x000000001a000938                Chip_Clock_GetClockInputHz
 .text.Chip_Clock_CalcMainPLLValue
                0x000000001a0009f0       0x80 out/libs/lpc_chip_43xx/src/clock_18xx_43xx.o
                0x000000001a0009f0                Chip_Clock_CalcMainPLLValue
 .text.Chip_Clock_GetMainPLLHz
                0x000000001a000a70       0x6c out/libs/lpc_chip_43xx/src/clock_18xx_43xx.o
                0x000000001a000a70                Chip_Clock_GetMainPLLHz
 .text.Chip_Clock_GetDivRate
                0x000000001a000adc       0x22 out/libs/lpc_chip_43xx/src/clock_18xx_43xx.o
 *fill*         0x000000001a000afe        0x2 ff
 .text.Chip_Clock_SetBaseClock
                0x000000001a000b00       0x58 out/libs/lpc_chip_43xx/src/clock_18xx_43xx.o
                0x000000001a000b00                Chip_Clock_SetBaseClock
 .text.Chip_Clock_GetBaseClock
                0x000000001a000b58       0x26 out/libs/lpc_chip_43xx/src/clock_18xx_43xx.o
                0x000000001a000b58                Chip_Clock_GetBaseClock
 .text.Chip_Clock_GetBaseClocktHz
                0x000000001a000b7e        0xc out/libs/lpc_chip_43xx/src/clock_18xx_43xx.o
                0x000000001a000b7e                Chip_Clock_GetBaseClocktHz
 *fill*         0x000000001a000b8a        0x2 ff
 .text.Chip_Clock_EnableOpts
                0x000000001a000b8c       0x3c out/libs/lpc_chip_43xx/src/clock_18xx_43xx.o
                0x000000001a000b8c                Chip_Clock_EnableOpts
 .text.Chip_Clock_GetRate
                0x000000001a000bc8       0x4c out/libs/lpc_chip_43xx/src/clock_18xx_43xx.o
                0x000000001a000bc8                Chip_Clock_GetRate
 .text.fpuInit  0x000000001a000c14       0x54 out/libs/lpc_chip_43xx/src/fpu_init.o
                0x000000001a000c14                fpuInit
 .text.Chip_GPIO_Init
                0x000000001a000c68        0x2 out/libs/lpc_chip_43xx/src/gpio_18xx_43xx.o
                0x000000001a000c68                Chip_GPIO_Init
 .text.Chip_GPIO_SetDir
                0x000000001a000c6a       0x24 out/libs/lpc_chip_43xx/src/gpio_18xx_43xx.o
                0x000000001a000c6a                Chip_GPIO_SetDir
 *fill*         0x000000001a000c8e        0x2 ff
 .text.Chip_SetupCoreClock
                0x000000001a000c90      0x158 out/libs/lpc_chip_43xx/src/sysinit_18xx_43xx.o
                0x000000001a000c90                Chip_SetupCoreClock
 .text.Board_LED_Init
                0x000000001a000de8       0x44 out/libs/lpc_board_ciaa_edu_4337/src/board.o
 .text.Board_UART_Init
                0x000000001a000e2c       0x14 out/libs/lpc_board_ciaa_edu_4337/src/board.o
                0x000000001a000e2c                Board_UART_Init
 .text.Board_Debug_Init
                0x000000001a000e40       0x28 out/libs/lpc_board_ciaa_edu_4337/src/board.o
                0x000000001a000e40                Board_Debug_Init
 .text.Board_Init
                0x000000001a000e68       0x28 out/libs/lpc_board_ciaa_edu_4337/src/board.o
                0x000000001a000e68                Board_Init
 .text.ResetISR
                0x000000001a000e90       0x7c out/libs/lpc_board_ciaa_edu_4337/src/cr_startup_lpc43xx.o
                0x000000001a000e90                ResetISR
 .text.SystemInit
                0x000000001a000f0c        0xc out/libs/lpc_board_ciaa_edu_4337/src/sysinit.o
                0x000000001a000f0c                SystemInit
 .text.Board_SetupMuxing
                0x000000001a000f18       0x38 out/libs/lpc_board_ciaa_edu_4337/src/board_sysinit.o
                0x000000001a000f18                Board_SetupMuxing
 .text.Board_SetupClocking
                0x000000001a000f50       0x6c out/libs/lpc_board_ciaa_edu_4337/src/board_sysinit.o
                0x000000001a000f50                Board_SetupClocking
 .text.Board_SystemInit
                0x000000001a000fbc        0xc out/libs/lpc_board_ciaa_edu_4337/src/board_sysinit.o
                0x000000001a000fbc                Board_SystemInit
 .text.uartConfig
                0x000000001a000fc8       0x64 out/libs/sapi/src/sapi_uart.o
                0x000000001a000fc8                uartConfig
 .text.uartReadByte
                0x000000001a00102c       0x44 out/libs/sapi/src/sapi_uart.o
                0x000000001a00102c                uartReadByte
 .text.uartWriteByte
                0x000000001a001070       0x30 out/libs/sapi/src/sapi_uart.o
                0x000000001a001070                uartWriteByte
 .text.uartWriteString
                0x000000001a0010a0       0x18 out/libs/sapi/src/sapi_uart.o
                0x000000001a0010a0                uartWriteString
 .text.UART2_IRQHandler
                0x000000001a0010b8        0x2 out/libs/sapi/src/sapi_uart.o
                0x000000001a0010b8                UART2_IRQHandler
 .text.UART3_IRQHandler
                0x000000001a0010ba        0x2 out/libs/sapi/src/sapi_uart.o
                0x000000001a0010ba                UART3_IRQHandler
 .text.sAPI_NullFuncPtr
                0x000000001a0010bc        0x4 out/libs/sapi/src/sapi_datatypes.o
                0x000000001a0010bc                sAPI_NullFuncPtr
 .text.delay    0x000000001a0010c0       0x38 out/libs/sapi/src/sapi_delay.o
                0x000000001a0010c0                delay
 .text.tickConfig
                0x000000001a0010f8       0x78 out/libs/sapi/src/sapi_tick.o
                0x000000001a0010f8                tickConfig
 .text.tickRead
                0x000000001a001170        0xc out/libs/sapi/src/sapi_tick.o
                0x000000001a001170                tickRead
 .text.SysTick_Handler
                0x000000001a00117c       0x24 out/libs/sapi/src/sapi_tick.o
                0x000000001a00117c                SysTick_Handler
 .text.errorOcurred
                0x000000001a0011a0        0x2 out/libs/sapi/src/sapi_timer.o
 .text.doNothing
                0x000000001a0011a2        0x2 out/libs/sapi/src/sapi_timer.o
 .text.TIMER0_IRQHandler
                0x000000001a0011a4       0x40 out/libs/sapi/src/sapi_timer.o
                0x000000001a0011a4                TIMER0_IRQHandler
 .text.TIMER1_IRQHandler
                0x000000001a0011e4       0x40 out/libs/sapi/src/sapi_timer.o
                0x000000001a0011e4                TIMER1_IRQHandler
 .text.TIMER2_IRQHandler
                0x000000001a001224       0x44 out/libs/sapi/src/sapi_timer.o
                0x000000001a001224                TIMER2_IRQHandler
 .text.TIMER3_IRQHandler
                0x000000001a001268       0x44 out/libs/sapi/src/sapi_timer.o
                0x000000001a001268                TIMER3_IRQHandler
 .text.boardConfig
                0x000000001a0012ac       0xee out/libs/sapi/src/sapi_board.o
                0x000000001a0012ac                boardConfig
 *fill*         0x000000001a00139a        0x2 ff
 .text.gpioObtainPinConfig
                0x000000001a00139c       0x34 out/libs/sapi/src/sapi_gpio.o
 .text.gpioConfig
                0x000000001a0013d0      0x174 out/libs/sapi/src/sapi_gpio.o
                0x000000001a0013d0                gpioConfig
 .text.gpioWrite
                0x000000001a001544       0x56 out/libs/sapi/src/sapi_gpio.o
                0x000000001a001544                gpioWrite
 .text.gpioRead
                0x000000001a00159a       0x54 out/libs/sapi/src/sapi_gpio.o
                0x000000001a00159a                gpioRead
 *fill*         0x000000001a0015ee        0x2 ff
 .text          0x000000001a0015f0       0x30 /tmp/.mount_rvQoA7/bin/../lib/gcc/arm-none-eabi/6.3.1/thumb/v7e-m/fpv4-sp/hard/libgcc.a(_aeabi_uldivmod.o)
                0x000000001a0015f0                __aeabi_uldivmod
 .text          0x000000001a001620      0x2dc /tmp/.mount_rvQoA7/bin/../lib/gcc/arm-none-eabi/6.3.1/thumb/v7e-m/fpv4-sp/hard/libgcc.a(_udivmoddi4.o)
                0x000000001a001620                __udivmoddi4
 .text          0x000000001a0018fc        0x4 /tmp/.mount_rvQoA7/bin/../lib/gcc/arm-none-eabi/6.3.1/thumb/v7e-m/fpv4-sp/hard/libgcc.a(_dvmd_tls.o)
                0x000000001a0018fc                __aeabi_ldiv0
                0x000000001a0018fc                __aeabi_idiv0
 .text.memset   0x000000001a001900       0x10 /tmp/.mount_rvQoA7/bin/../lib/gcc/arm-none-eabi/6.3.1/../../../../arm-none-eabi/lib/thumb/v7e-m/fpv4-sp/hard/libc_nano.a(lib_a-memset.o)
                0x000000001a001900                memset
 *(.rodata .rodata.* .constdata .constdata.*)
 .rodata.main.str1.4
                0x000000001a001910      0x11d out/app/src/program.o
 *fill*         0x000000001a001a2d        0x3 ff
 .rodata.UART_BClock
                0x000000001a001a30        0x8 out/libs/lpc_chip_43xx/src/uart_18xx_43xx.o
 .rodata.UART_PClock
                0x000000001a001a38        0x8 out/libs/lpc_chip_43xx/src/uart_18xx_43xx.o
 .rodata        0x000000001a001a40        0x4 out/libs/lpc_chip_43xx/src/clock_18xx_43xx.o
 .rodata.Chip_Clock_SetDivider.str1.4
                0x000000001a001a44        0x8 out/libs/lpc_chip_43xx/src/clock_18xx_43xx.o
                                          0x6 (size before relaxing)
 .rodata.periph_to_base
                0x000000001a001a4c       0x6c out/libs/lpc_chip_43xx/src/clock_18xx_43xx.o
 .rodata.InitClkStates
                0x000000001a001ab8       0x48 out/libs/lpc_chip_43xx/src/sysinit_18xx_43xx.o
 .rodata.ExtRateIn
                0x000000001a001b00        0x4 out/libs/lpc_board_ciaa_edu_4337/src/board.o
                0x000000001a001b00                ExtRateIn
 .rodata.OscRateIn
                0x000000001a001b04        0x4 out/libs/lpc_board_ciaa_edu_4337/src/board.o
                0x000000001a001b04                OscRateIn
 .rodata.gpioLEDBits
                0x000000001a001b08        0xc out/libs/lpc_board_ciaa_edu_4337/src/board.o
 .rodata.InitClkStates
                0x000000001a001b14        0xc out/libs/lpc_board_ciaa_edu_4337/src/board_sysinit.o
 .rodata.pinmuxing
                0x000000001a001b20       0x60 out/libs/lpc_board_ciaa_edu_4337/src/board_sysinit.o
 .rodata.gpioPinsConfig
                0x000000001a001b80      0x136 out/libs/sapi/src/sapi_gpio.o
                0x000000001a001b80                gpioPinsConfig
                0x000000001a001cb8                . = ALIGN (0x4)
 *fill*         0x000000001a001cb6        0x2 ff

.glue_7         0x000000001a001cb8        0x0
 .glue_7        0x000000001a001cb8        0x0 linker stubs

.glue_7t        0x000000001a001cb8        0x0
 .glue_7t       0x000000001a001cb8        0x0 linker stubs

.vfp11_veneer   0x000000001a001cb8        0x0
 .vfp11_veneer  0x000000001a001cb8        0x0 linker stubs

.v4_bx          0x000000001a001cb8        0x0
 .v4_bx         0x000000001a001cb8        0x0 linker stubs

.iplt           0x000000001a001cb8        0x0
 .iplt          0x000000001a001cb8        0x0 out/app/src/program.o

.ARM.extab
 *(.ARM.extab* .gnu.linkonce.armextab.*)
                0x000000001a001cb8                __exidx_start = .

.ARM.exidx      0x000000001a001cb8        0x8
 *(.ARM.exidx* .gnu.linkonce.armexidx.*)
 .ARM.exidx     0x000000001a001cb8        0x8 /tmp/.mount_rvQoA7/bin/../lib/gcc/arm-none-eabi/6.3.1/thumb/v7e-m/fpv4-sp/hard/libgcc.a(_udivmoddi4.o)
                0x000000001a001cc0                __exidx_end = .
                0x000000001a001cc0                _etext = .

.rel.dyn        0x000000001a001cc0        0x0
 .rel.iplt      0x000000001a001cc0        0x0 out/app/src/program.o

.data_RAM2      0x0000000010080000        0x0 load address 0x000000001a001cc0
 FILL mask 0xff
 *(.ramfunc.$RAM2)
 *(.ramfunc.$RamLoc40)
 *(.data.$RAM2*)
 *(.data.$RamLoc40*)
                0x0000000010080000                . = ALIGN (0x4)

.data_RAM3      0x0000000020000000        0x0 load address 0x000000001a001cc0
 FILL mask 0xff
 *(.ramfunc.$RAM3)
 *(.ramfunc.$RamAHB32)
 *(.data.$RAM3*)
 *(.data.$RamAHB32*)
                0x0000000020000000                . = ALIGN (0x4)

.data_RAM4      0x0000000020008000        0x0 load address 0x000000001a001cc0
 FILL mask 0xff
 *(.ramfunc.$RAM4)
 *(.ramfunc.$RamAHB16)
 *(.data.$RAM4*)
 *(.data.$RamAHB16*)
                0x0000000020008000                . = ALIGN (0x4)

.data_RAM5      0x000000002000c000        0x0 load address 0x000000001a001cc0
 FILL mask 0xff
 *(.ramfunc.$RAM5)
 *(.ramfunc.$RamAHB_ETB16)
 *(.data.$RAM5*)
 *(.data.$RamAHB_ETB16*)
                0x000000002000c000                . = ALIGN (0x4)

.uninit_RESERVED
                0x0000000010000000        0x0
 *(.bss.$RESERVED*)
                0x0000000010000000                . = ALIGN (0x4)
                0x0000000010000000                _end_uninit_RESERVED = .

.data           0x0000000010000000       0x44 load address 0x000000001a001cc0
 FILL mask 0xff
                0x0000000010000000                _data = .
 *(vtable)
 *(.ramfunc*)
 *(.data*)
 .data.tickHookFunction
                0x0000000010000000        0x4 out/libs/sapi/src/sapi_tick.o
                0x0000000010000000                tickHookFunction
 .data.timer_dd
                0x0000000010000004       0x40 out/libs/sapi/src/sapi_timer.o
                0x0000000010000044                . = ALIGN (0x4)
                0x0000000010000044                _edata = .

.igot.plt       0x0000000010000044        0x0 load address 0x000000001a001d04
 .igot.plt      0x0000000010000044        0x0 out/app/src/program.o

.bss_RAM2       0x0000000010080000        0x0
 *(.bss.$RAM2*)
 *(.bss.$RamLoc40*)
                0x0000000010080000                . = ALIGN (0x4)

.bss_RAM3       0x0000000020000000        0x0
 *(.bss.$RAM3*)
 *(.bss.$RamAHB32*)
                0x0000000020000000                . = ALIGN (0x4)

.bss_RAM4       0x0000000020008000        0x0
 *(.bss.$RAM4*)
 *(.bss.$RamAHB16*)
                0x0000000020008000                . = ALIGN (0x4)

.bss_RAM5       0x000000002000c000        0x0
 *(.bss.$RAM5*)
 *(.bss.$RamAHB_ETB16*)
                0x000000002000c000                . = ALIGN (0x4)

.bss            0x0000000010000048       0x20
                0x0000000010000048                _bss = .
 *(.bss*)
 .bss.audio_usb_pll_freq
                0x0000000010000048        0x8 out/libs/lpc_chip_43xx/src/clock_18xx_43xx.o
 *(COMMON)
 COMMON         0x0000000010000050        0x4 out/libs/lpc_chip_43xx/src/chip_18xx_43xx.o
                0x0000000010000050                SystemCoreClock
 *fill*         0x0000000010000054        0x4 
 COMMON         0x0000000010000058       0x10 out/libs/sapi/src/sapi_tick.o
                0x0000000010000058                tickCounter
                0x0000000010000060                tickRateMS
                0x0000000010000068                . = ALIGN (0x4)
                0x0000000010000068                _ebss = .
                [!provide]                        PROVIDE (end, .)

.noinit_RAM2    0x0000000010080000        0x0
 *(.noinit.$RAM2*)
 *(.noinit.$RamLoc40*)
                0x0000000010080000                . = ALIGN (0x4)

.noinit_RAM3    0x0000000020000000        0x0
 *(.noinit.$RAM3*)
 *(.noinit.$RamAHB32*)
                0x0000000020000000                . = ALIGN (0x4)

.noinit_RAM4    0x0000000020008000        0x0
 *(.noinit.$RAM4*)
 *(.noinit.$RamAHB16*)
                0x0000000020008000                . = ALIGN (0x4)

.noinit_RAM5    0x000000002000c000        0x0
 *(.noinit.$RAM5*)
 *(.noinit.$RamAHB_ETB16*)
                0x000000002000c000                . = ALIGN (0x4)

.noinit         0x0000000010000068        0x0
                0x0000000010000068                _noinit = .
 *(.noinit*)
                0x0000000010000068                . = ALIGN (0x4)
                0x0000000010000068                _end_noinit = .
                0x0000000010000068                PROVIDE (_pvHeapStart, .)
                0x0000000010008000                PROVIDE (_vStackTop, (__top_RamLoc32 - 0x0))
                0xffffffff53ff69fe                PROVIDE (__valid_user_code_checksum, (0x0 - ((((((_vStackTop + (ResetISR + 0x1)) + (NMI_Handler + 0x1)) + (HardFault_Handler + 0x1)) + (DEFINED (MemManage_Handler)?MemManage_Handler:0x0 + 0x1)) + (DEFINED (BusFault_Handler)?BusFault_Handler:0x0 + 0x1)) + (DEFINED (UsageFault_Handler)?UsageFault_Handler:0x0 + 0x1))))
OUTPUT(out/program.elf elf32-littlearm)

.debug_info     0x0000000000000000    0x11eed
 .debug_info    0x0000000000000000      0xf0c out/app/src/program.o
 .debug_info    0x0000000000000f0c     0x164c out/libs/lpc_chip_43xx/src/uart_18xx_43xx.o
 .debug_info    0x0000000000002558      0xc3b out/libs/lpc_chip_43xx/src/chip_18xx_43xx.o
 .debug_info    0x0000000000003193     0x18e4 out/libs/lpc_chip_43xx/src/clock_18xx_43xx.o
 .debug_info    0x0000000000004a77      0x14c out/libs/lpc_chip_43xx/src/fpu_init.o
 .debug_info    0x0000000000004bc3      0x4c8 out/libs/lpc_chip_43xx/src/gpio_18xx_43xx.o
 .debug_info    0x000000000000508b      0xb07 out/libs/lpc_chip_43xx/src/sysinit_18xx_43xx.o
 .debug_info    0x0000000000005b92     0x212f out/libs/lpc_board_ciaa_edu_4337/src/board.o
 .debug_info    0x0000000000007cc1       0x3f out/libs/lpc_board_ciaa_edu_4337/src/crp.o
 .debug_info    0x0000000000007d00      0x2ec out/libs/lpc_board_ciaa_edu_4337/src/cr_startup_lpc43xx.o
 .debug_info    0x0000000000007fec      0x95e out/libs/lpc_board_ciaa_edu_4337/src/sysinit.o
 .debug_info    0x000000000000894a     0x14b0 out/libs/lpc_board_ciaa_edu_4337/src/board_sysinit.o
 .debug_info    0x0000000000009dfa     0x145b out/libs/sapi/src/sapi_uart.o
 .debug_info    0x000000000000b255      0x957 out/libs/sapi/src/sapi_datatypes.o
 .debug_info    0x000000000000bbac      0xb22 out/libs/sapi/src/sapi_delay.o
 .debug_info    0x000000000000c6ce     0x1438 out/libs/sapi/src/sapi_tick.o
 .debug_info    0x000000000000db06     0x1c99 out/libs/sapi/src/sapi_timer.o
 .debug_info    0x000000000000f79f      0xdc8 out/libs/sapi/src/sapi_board.o
 .debug_info    0x0000000000010567     0x1986 out/libs/sapi/src/sapi_gpio.o

.debug_abbrev   0x0000000000000000     0x2cf3
 .debug_abbrev  0x0000000000000000      0x234 out/app/src/program.o
 .debug_abbrev  0x0000000000000234      0x3b3 out/libs/lpc_chip_43xx/src/uart_18xx_43xx.o
 .debug_abbrev  0x00000000000005e7      0x1bf out/libs/lpc_chip_43xx/src/chip_18xx_43xx.o
 .debug_abbrev  0x00000000000007a6      0x36f out/libs/lpc_chip_43xx/src/clock_18xx_43xx.o
 .debug_abbrev  0x0000000000000b15       0xa2 out/libs/lpc_chip_43xx/src/fpu_init.o
 .debug_abbrev  0x0000000000000bb7      0x172 out/libs/lpc_chip_43xx/src/gpio_18xx_43xx.o
 .debug_abbrev  0x0000000000000d29      0x20a out/libs/lpc_chip_43xx/src/sysinit_18xx_43xx.o
 .debug_abbrev  0x0000000000000f33      0x3d6 out/libs/lpc_board_ciaa_edu_4337/src/board.o
 .debug_abbrev  0x0000000000001309       0x36 out/libs/lpc_board_ciaa_edu_4337/src/crp.o
 .debug_abbrev  0x000000000000133f      0x114 out/libs/lpc_board_ciaa_edu_4337/src/cr_startup_lpc43xx.o
 .debug_abbrev  0x0000000000001453      0x1de out/libs/lpc_board_ciaa_edu_4337/src/sysinit.o
 .debug_abbrev  0x0000000000001631      0x2f8 out/libs/lpc_board_ciaa_edu_4337/src/board_sysinit.o
 .debug_abbrev  0x0000000000001929      0x360 out/libs/sapi/src/sapi_uart.o
 .debug_abbrev  0x0000000000001c89      0x1c2 out/libs/sapi/src/sapi_datatypes.o
 .debug_abbrev  0x0000000000001e4b      0x241 out/libs/sapi/src/sapi_delay.o
 .debug_abbrev  0x000000000000208c      0x301 out/libs/sapi/src/sapi_tick.o
 .debug_abbrev  0x000000000000238d      0x3cd out/libs/sapi/src/sapi_timer.o
 .debug_abbrev  0x000000000000275a      0x214 out/libs/sapi/src/sapi_board.o
 .debug_abbrev  0x000000000000296e      0x385 out/libs/sapi/src/sapi_gpio.o

.debug_loc      0x0000000000000000     0x44a2
 .debug_loc     0x0000000000000000       0xb3 out/app/src/program.o
 .debug_loc     0x00000000000000b3      0xd25 out/libs/lpc_chip_43xx/src/uart_18xx_43xx.o
 .debug_loc     0x0000000000000dd8     0x1295 out/libs/lpc_chip_43xx/src/clock_18xx_43xx.o
 .debug_loc     0x000000000000206d       0x2b out/libs/lpc_chip_43xx/src/fpu_init.o
 .debug_loc     0x0000000000002098      0x3d8 out/libs/lpc_chip_43xx/src/gpio_18xx_43xx.o
 .debug_loc     0x0000000000002470      0x14d out/libs/lpc_chip_43xx/src/sysinit_18xx_43xx.o
 .debug_loc     0x00000000000025bd      0x5e2 out/libs/lpc_board_ciaa_edu_4337/src/board.o
 .debug_loc     0x0000000000002b9f      0x206 out/libs/lpc_board_ciaa_edu_4337/src/cr_startup_lpc43xx.o
 .debug_loc     0x0000000000002da5       0xc3 out/libs/lpc_board_ciaa_edu_4337/src/board_sysinit.o
 .debug_loc     0x0000000000002e68      0x594 out/libs/sapi/src/sapi_uart.o
 .debug_loc     0x00000000000033fc       0x21 out/libs/sapi/src/sapi_datatypes.o
 .debug_loc     0x000000000000341d      0x1af out/libs/sapi/src/sapi_delay.o
 .debug_loc     0x00000000000035cc      0x129 out/libs/sapi/src/sapi_tick.o
 .debug_loc     0x00000000000036f5      0x7c0 out/libs/sapi/src/sapi_timer.o
 .debug_loc     0x0000000000003eb5      0x5ed out/libs/sapi/src/sapi_gpio.o

.debug_aranges  0x0000000000000000      0x610
 .debug_aranges
                0x0000000000000000       0x20 out/app/src/program.o
 .debug_aranges
                0x0000000000000020       0xa8 out/libs/lpc_chip_43xx/src/uart_18xx_43xx.o
 .debug_aranges
                0x00000000000000c8       0x38 out/libs/lpc_chip_43xx/src/chip_18xx_43xx.o
 .debug_aranges
                0x0000000000000100      0x128 out/libs/lpc_chip_43xx/src/clock_18xx_43xx.o
 .debug_aranges
                0x0000000000000228       0x20 out/libs/lpc_chip_43xx/src/fpu_init.o
 .debug_aranges
                0x0000000000000248       0x48 out/libs/lpc_chip_43xx/src/gpio_18xx_43xx.o
 .debug_aranges
                0x0000000000000290       0x38 out/libs/lpc_chip_43xx/src/sysinit_18xx_43xx.o
 .debug_aranges
                0x00000000000002c8       0x90 out/libs/lpc_board_ciaa_edu_4337/src/board.o
 .debug_aranges
                0x0000000000000358       0x18 out/libs/lpc_board_ciaa_edu_4337/src/crp.o
 .debug_aranges
                0x0000000000000370       0x80 out/libs/lpc_board_ciaa_edu_4337/src/cr_startup_lpc43xx.o
 .debug_aranges
                0x00000000000003f0       0x20 out/libs/lpc_board_ciaa_edu_4337/src/sysinit.o
 .debug_aranges
                0x0000000000000410       0x30 out/libs/lpc_board_ciaa_edu_4337/src/board_sysinit.o
 .debug_aranges
                0x0000000000000440       0x60 out/libs/sapi/src/sapi_uart.o
 .debug_aranges
                0x00000000000004a0       0x20 out/libs/sapi/src/sapi_datatypes.o
 .debug_aranges
                0x00000000000004c0       0x48 out/libs/sapi/src/sapi_delay.o
 .debug_aranges
                0x0000000000000508       0x38 out/libs/sapi/src/sapi_tick.o
 .debug_aranges
                0x0000000000000540       0x78 out/libs/sapi/src/sapi_timer.o
 .debug_aranges
                0x00000000000005b8       0x20 out/libs/sapi/src/sapi_board.o
 .debug_aranges
                0x00000000000005d8       0x38 out/libs/sapi/src/sapi_gpio.o

.debug_ranges   0x0000000000000000      0x598
 .debug_ranges  0x0000000000000000       0x10 out/app/src/program.o
 .debug_ranges  0x0000000000000010       0xb0 out/libs/lpc_chip_43xx/src/uart_18xx_43xx.o
 .debug_ranges  0x00000000000000c0       0x28 out/libs/lpc_chip_43xx/src/chip_18xx_43xx.o
 .debug_ranges  0x00000000000000e8      0x190 out/libs/lpc_chip_43xx/src/clock_18xx_43xx.o
 .debug_ranges  0x0000000000000278       0x10 out/libs/lpc_chip_43xx/src/fpu_init.o
 .debug_ranges  0x0000000000000288       0x38 out/libs/lpc_chip_43xx/src/gpio_18xx_43xx.o
 .debug_ranges  0x00000000000002c0       0x28 out/libs/lpc_chip_43xx/src/sysinit_18xx_43xx.o
 .debug_ranges  0x00000000000002e8       0x80 out/libs/lpc_board_ciaa_edu_4337/src/board.o
 .debug_ranges  0x0000000000000368       0x70 out/libs/lpc_board_ciaa_edu_4337/src/cr_startup_lpc43xx.o
 .debug_ranges  0x00000000000003d8       0x10 out/libs/lpc_board_ciaa_edu_4337/src/sysinit.o
 .debug_ranges  0x00000000000003e8       0x38 out/libs/lpc_board_ciaa_edu_4337/src/board_sysinit.o
 .debug_ranges  0x0000000000000420       0x50 out/libs/sapi/src/sapi_uart.o
 .debug_ranges  0x0000000000000470       0x10 out/libs/sapi/src/sapi_datatypes.o
 .debug_ranges  0x0000000000000480       0x38 out/libs/sapi/src/sapi_delay.o
 .debug_ranges  0x00000000000004b8       0x28 out/libs/sapi/src/sapi_tick.o
 .debug_ranges  0x00000000000004e0       0x80 out/libs/sapi/src/sapi_timer.o
 .debug_ranges  0x0000000000000560       0x10 out/libs/sapi/src/sapi_board.o
 .debug_ranges  0x0000000000000570       0x28 out/libs/sapi/src/sapi_gpio.o

.debug_macro    0x0000000000000000     0x9378
 .debug_macro   0x0000000000000000      0x52b out/app/src/program.o
 .debug_macro   0x000000000000052b      0x8b0 out/app/src/program.o
 .debug_macro   0x0000000000000ddb       0x22 out/app/src/program.o
 .debug_macro   0x0000000000000dfd       0x87 out/app/src/program.o
 .debug_macro   0x0000000000000e84       0x51 out/app/src/program.o
 .debug_macro   0x0000000000000ed5       0xef out/app/src/program.o
 .debug_macro   0x0000000000000fc4       0x6a out/app/src/program.o
 .debug_macro   0x000000000000102e      0x1df out/app/src/program.o
 .debug_macro   0x000000000000120d       0x10 out/app/src/program.o
 .debug_macro   0x000000000000121d       0x22 out/app/src/program.o
 .debug_macro   0x000000000000123f       0x66 out/app/src/program.o
 .debug_macro   0x00000000000012a5       0x28 out/app/src/program.o
 .debug_macro   0x00000000000012cd       0x3b out/app/src/program.o
 .debug_macro   0x0000000000001308       0x2d out/app/src/program.o
 .debug_macro   0x0000000000001335       0x42 out/app/src/program.o
 .debug_macro   0x0000000000001377      0xd39 out/app/src/program.o
 .debug_macro   0x00000000000020b0      0x2bc out/app/src/program.o
 .debug_macro   0x000000000000236c      0x112 out/app/src/program.o
 .debug_macro   0x000000000000247e       0x11 out/app/src/program.o
 .debug_macro   0x000000000000248f       0x2a out/app/src/program.o
 .debug_macro   0x00000000000024b9       0x16 out/app/src/program.o
 .debug_macro   0x00000000000024cf      0x2e6 out/app/src/program.o
 .debug_macro   0x00000000000027b5       0x82 out/app/src/program.o
 .debug_macro   0x0000000000002837      0x13d out/app/src/program.o
 .debug_macro   0x0000000000002974      0x198 out/app/src/program.o
 .debug_macro   0x0000000000002b0c       0x34 out/app/src/program.o
 .debug_macro   0x0000000000002b40       0x58 out/app/src/program.o
 .debug_macro   0x0000000000002b98      0x236 out/app/src/program.o
 .debug_macro   0x0000000000002dce      0x572 out/app/src/program.o
 .debug_macro   0x0000000000003340       0x16 out/app/src/program.o
 .debug_macro   0x0000000000003356      0x18a out/app/src/program.o
 .debug_macro   0x00000000000034e0       0x88 out/app/src/program.o
 .debug_macro   0x0000000000003568      0x1b9 out/app/src/program.o
 .debug_macro   0x0000000000003721      0x1da out/app/src/program.o
 .debug_macro   0x00000000000038fb       0x40 out/app/src/program.o
 .debug_macro   0x000000000000393b       0x1c out/app/src/program.o
 .debug_macro   0x0000000000003957       0x2e out/app/src/program.o
 .debug_macro   0x0000000000003985       0x2e out/app/src/program.o
 .debug_macro   0x00000000000039b3       0x22 out/app/src/program.o
 .debug_macro   0x00000000000039d5      0x201 out/app/src/program.o
 .debug_macro   0x0000000000003bd6       0xe0 out/app/src/program.o
 .debug_macro   0x0000000000003cb6      0x34c out/app/src/program.o
 .debug_macro   0x0000000000004002       0xdc out/app/src/program.o
 .debug_macro   0x00000000000040de       0xc4 out/app/src/program.o
 .debug_macro   0x00000000000041a2       0x94 out/app/src/program.o
 .debug_macro   0x0000000000004236       0xb8 out/app/src/program.o
 .debug_macro   0x00000000000042ee       0x4c out/app/src/program.o
 .debug_macro   0x000000000000433a       0x16 out/app/src/program.o
 .debug_macro   0x0000000000004350      0x328 out/app/src/program.o
 .debug_macro   0x0000000000004678       0x3a out/app/src/program.o
 .debug_macro   0x00000000000046b2       0xd0 out/app/src/program.o
 .debug_macro   0x0000000000004782       0x18 out/app/src/program.o
 .debug_macro   0x000000000000479a       0x22 out/app/src/program.o
 .debug_macro   0x00000000000047bc       0x40 out/app/src/program.o
 .debug_macro   0x00000000000047fc       0x4c out/app/src/program.o
 .debug_macro   0x0000000000004848       0x58 out/app/src/program.o
 .debug_macro   0x00000000000048a0       0x35 out/app/src/program.o
 .debug_macro   0x00000000000048d5       0x9c out/app/src/program.o
 .debug_macro   0x0000000000004971       0x16 out/app/src/program.o
 .debug_macro   0x0000000000004987       0x97 out/app/src/program.o
 .debug_macro   0x0000000000004a1e      0x30d out/app/src/program.o
 .debug_macro   0x0000000000004d2b       0xfd out/app/src/program.o
 .debug_macro   0x0000000000004e28       0x10 out/app/src/program.o
 .debug_macro   0x0000000000004e38       0x58 out/app/src/program.o
 .debug_macro   0x0000000000004e90       0x1f out/app/src/program.o
 .debug_macro   0x0000000000004eaf       0x43 out/app/src/program.o
 .debug_macro   0x0000000000004ef2       0x20 out/app/src/program.o
 .debug_macro   0x0000000000004f12      0x187 out/app/src/program.o
 .debug_macro   0x0000000000005099       0x10 out/app/src/program.o
 .debug_macro   0x00000000000050a9       0x1c out/app/src/program.o
 .debug_macro   0x00000000000050c5       0x52 out/app/src/program.o
 .debug_macro   0x0000000000005117       0x40 out/app/src/program.o
 .debug_macro   0x0000000000005157       0x10 out/app/src/program.o
 .debug_macro   0x0000000000005167       0x40 out/app/src/program.o
 .debug_macro   0x00000000000051a7       0xd7 out/app/src/program.o
 .debug_macro   0x000000000000527e       0x16 out/app/src/program.o
 .debug_macro   0x0000000000005294      0x18b out/app/src/program.o
 .debug_macro   0x000000000000541f       0x20 out/app/src/program.o
 .debug_macro   0x000000000000543f       0x28 out/app/src/program.o
 .debug_macro   0x0000000000005467       0x16 out/app/src/program.o
 .debug_macro   0x000000000000547d       0x3a out/app/src/program.o
 .debug_macro   0x00000000000054b7       0x10 out/app/src/program.o
 .debug_macro   0x00000000000054c7       0x70 out/app/src/program.o
 .debug_macro   0x0000000000005537      0x301 out/libs/lpc_chip_43xx/src/uart_18xx_43xx.o
 .debug_macro   0x0000000000005838      0x301 out/libs/lpc_chip_43xx/src/chip_18xx_43xx.o
 .debug_macro   0x0000000000005b39      0x307 out/libs/lpc_chip_43xx/src/clock_18xx_43xx.o
 .debug_macro   0x0000000000005e40       0xe7 out/libs/lpc_chip_43xx/src/fpu_init.o
 .debug_macro   0x0000000000005f27      0x301 out/libs/lpc_chip_43xx/src/gpio_18xx_43xx.o
 .debug_macro   0x0000000000006228      0x301 out/libs/lpc_chip_43xx/src/sysinit_18xx_43xx.o
 .debug_macro   0x0000000000006529      0x499 out/libs/lpc_board_ciaa_edu_4337/src/board.o
 .debug_macro   0x00000000000069c2       0x46 out/libs/lpc_board_ciaa_edu_4337/src/board.o
 .debug_macro   0x0000000000006a08       0x16 out/libs/lpc_board_ciaa_edu_4337/src/board.o
 .debug_macro   0x0000000000006a1e       0x17 out/libs/lpc_board_ciaa_edu_4337/src/crp.o
 .debug_macro   0x0000000000006a35       0x1d out/libs/lpc_board_ciaa_edu_4337/src/cr_startup_lpc43xx.o
 .debug_macro   0x0000000000006a52      0x472 out/libs/lpc_board_ciaa_edu_4337/src/sysinit.o
 .debug_macro   0x0000000000006ec4      0x472 out/libs/lpc_board_ciaa_edu_4337/src/board_sysinit.o
 .debug_macro   0x0000000000007336      0x4d1 out/libs/sapi/src/sapi_uart.o
 .debug_macro   0x0000000000007807       0x10 out/libs/sapi/src/sapi_uart.o
 .debug_macro   0x0000000000007817      0x47b out/libs/sapi/src/sapi_datatypes.o
 .debug_macro   0x0000000000007c92      0x494 out/libs/sapi/src/sapi_delay.o
 .debug_macro   0x0000000000008126      0x485 out/libs/sapi/src/sapi_tick.o
 .debug_macro   0x00000000000085ab      0x49b out/libs/sapi/src/sapi_timer.o
 .debug_macro   0x0000000000008a46      0x4a3 out/libs/sapi/src/sapi_board.o
 .debug_macro   0x0000000000008ee9      0x48f out/libs/sapi/src/sapi_gpio.o

.debug_line     0x0000000000000000     0x87b1
 .debug_line    0x0000000000000000      0x930 out/app/src/program.o
 .debug_line    0x0000000000000930      0x913 out/libs/lpc_chip_43xx/src/uart_18xx_43xx.o
 .debug_line    0x0000000000001243      0x675 out/libs/lpc_chip_43xx/src/chip_18xx_43xx.o
 .debug_line    0x00000000000018b8      0xa4b out/libs/lpc_chip_43xx/src/clock_18xx_43xx.o
 .debug_line    0x0000000000002303      0x231 out/libs/lpc_chip_43xx/src/fpu_init.o
 .debug_line    0x0000000000002534      0x69d out/libs/lpc_chip_43xx/src/gpio_18xx_43xx.o
 .debug_line    0x0000000000002bd1      0x6eb out/libs/lpc_chip_43xx/src/sysinit_18xx_43xx.o
 .debug_line    0x00000000000032bc      0x92f out/libs/lpc_board_ciaa_edu_4337/src/board.o
 .debug_line    0x0000000000003beb       0x47 out/libs/lpc_board_ciaa_edu_4337/src/crp.o
 .debug_line    0x0000000000003c32       0xe0 out/libs/lpc_board_ciaa_edu_4337/src/cr_startup_lpc43xx.o
 .debug_line    0x0000000000003d12      0x788 out/libs/lpc_board_ciaa_edu_4337/src/sysinit.o
 .debug_line    0x000000000000449a      0x7e8 out/libs/lpc_board_ciaa_edu_4337/src/board_sysinit.o
 .debug_line    0x0000000000004c82      0x93a out/libs/sapi/src/sapi_uart.o
 .debug_line    0x00000000000055bc      0x79b out/libs/sapi/src/sapi_datatypes.o
 .debug_line    0x0000000000005d57      0x83b out/libs/sapi/src/sapi_delay.o
 .debug_line    0x0000000000006592      0x7fd out/libs/sapi/src/sapi_tick.o
 .debug_line    0x0000000000006d8f      0x992 out/libs/sapi/src/sapi_timer.o
 .debug_line    0x0000000000007721      0x7fb out/libs/sapi/src/sapi_board.o
 .debug_line    0x0000000000007f1c      0x895 out/libs/sapi/src/sapi_gpio.o

.debug_str      0x0000000000000000    0x1bd60
 .debug_str     0x0000000000000000    0x18cf1 out/app/src/program.o
                                      0x18fb2 (size before relaxing)
 .debug_str     0x0000000000018cf1      0xedd out/libs/lpc_chip_43xx/src/uart_18xx_43xx.o
                                      0x1572e (size before relaxing)
 .debug_str     0x0000000000019bce      0x37c out/libs/lpc_chip_43xx/src/chip_18xx_43xx.o
                                      0x1561e (size before relaxing)
 .debug_str     0x0000000000019f4a      0x530 out/libs/lpc_chip_43xx/src/clock_18xx_43xx.o
                                      0x15ae0 (size before relaxing)
 .debug_str     0x000000000001a47a       0xc5 out/libs/lpc_chip_43xx/src/fpu_init.o
                                       0x90db (size before relaxing)
 .debug_str     0x000000000001a53f      0x14a out/libs/lpc_chip_43xx/src/gpio_18xx_43xx.o
                                      0x1496c (size before relaxing)
 .debug_str     0x000000000001a689       0xf1 out/libs/lpc_chip_43xx/src/sysinit_18xx_43xx.o
                                      0x1557c (size before relaxing)
 .debug_str     0x000000000001a77a      0x57d out/libs/lpc_board_ciaa_edu_4337/src/board.o
                                      0x19c20 (size before relaxing)
 .debug_str     0x000000000001acf7       0x46 out/libs/lpc_board_ciaa_edu_4337/src/crp.o
                                       0x2588 (size before relaxing)
 .debug_str     0x000000000001ad3d      0x20c out/libs/lpc_board_ciaa_edu_4337/src/cr_startup_lpc43xx.o
                                       0x2772 (size before relaxing)
 .debug_str     0x000000000001af49       0x46 out/libs/lpc_board_ciaa_edu_4337/src/sysinit.o
                                      0x189f1 (size before relaxing)
 .debug_str     0x000000000001af8f       0xce out/libs/lpc_board_ciaa_edu_4337/src/board_sysinit.o
                                      0x197ca (size before relaxing)
 .debug_str     0x000000000001b05d      0x274 out/libs/sapi/src/sapi_uart.o
                                      0x18eee (size before relaxing)
 .debug_str     0x000000000001b2d1       0x30 out/libs/sapi/src/sapi_datatypes.o
                                      0x18a29 (size before relaxing)
 .debug_str     0x000000000001b301       0x88 out/libs/sapi/src/sapi_delay.o
                                      0x18b2a (size before relaxing)
 .debug_str     0x000000000001b389      0x46a out/libs/sapi/src/sapi_tick.o
                                      0x19915 (size before relaxing)
 .debug_str     0x000000000001b7f3      0x406 out/libs/sapi/src/sapi_timer.o
                                      0x19c5d (size before relaxing)
 .debug_str     0x000000000001bbf9       0x8a out/libs/sapi/src/sapi_board.o
                                      0x18c26 (size before relaxing)
 .debug_str     0x000000000001bc83       0xdd out/libs/sapi/src/sapi_gpio.o
                                      0x19808 (size before relaxing)

.comment        0x0000000000000000       0x7f
 .comment       0x0000000000000000       0x7f out/app/src/program.o
                                         0x80 (size before relaxing)
 .comment       0x000000000000007f       0x80 out/libs/lpc_chip_43xx/src/uart_18xx_43xx.o
 .comment       0x000000000000007f       0x80 out/libs/lpc_chip_43xx/src/chip_18xx_43xx.o
 .comment       0x000000000000007f       0x80 out/libs/lpc_chip_43xx/src/clock_18xx_43xx.o
 .comment       0x000000000000007f       0x80 out/libs/lpc_chip_43xx/src/fpu_init.o
 .comment       0x000000000000007f       0x80 out/libs/lpc_chip_43xx/src/gpio_18xx_43xx.o
 .comment       0x000000000000007f       0x80 out/libs/lpc_chip_43xx/src/sysinit_18xx_43xx.o
 .comment       0x000000000000007f       0x80 out/libs/lpc_board_ciaa_edu_4337/src/board.o
 .comment       0x000000000000007f       0x80 out/libs/lpc_board_ciaa_edu_4337/src/crp.o
 .comment       0x000000000000007f       0x80 out/libs/lpc_board_ciaa_edu_4337/src/cr_startup_lpc43xx.o
 .comment       0x000000000000007f       0x80 out/libs/lpc_board_ciaa_edu_4337/src/sysinit.o
 .comment       0x000000000000007f       0x80 out/libs/lpc_board_ciaa_edu_4337/src/board_sysinit.o
 .comment       0x000000000000007f       0x80 out/libs/sapi/src/sapi_uart.o
 .comment       0x000000000000007f       0x80 out/libs/sapi/src/sapi_datatypes.o
 .comment       0x000000000000007f       0x80 out/libs/sapi/src/sapi_delay.o
 .comment       0x000000000000007f       0x80 out/libs/sapi/src/sapi_tick.o
 .comment       0x000000000000007f       0x80 out/libs/sapi/src/sapi_timer.o
 .comment       0x000000000000007f       0x80 out/libs/sapi/src/sapi_board.o
 .comment       0x000000000000007f       0x80 out/libs/sapi/src/sapi_gpio.o

.ARM.attributes
                0x0000000000000000       0x39
 .ARM.attributes
                0x0000000000000000       0x39 out/app/src/program.o
 .ARM.attributes
                0x0000000000000039       0x39 out/libs/lpc_chip_43xx/src/uart_18xx_43xx.o
 .ARM.attributes
                0x0000000000000072       0x39 out/libs/lpc_chip_43xx/src/chip_18xx_43xx.o
 .ARM.attributes
                0x00000000000000ab       0x39 out/libs/lpc_chip_43xx/src/clock_18xx_43xx.o
 .ARM.attributes
                0x00000000000000e4       0x39 out/libs/lpc_chip_43xx/src/fpu_init.o
 .ARM.attributes
                0x000000000000011d       0x39 out/libs/lpc_chip_43xx/src/gpio_18xx_43xx.o
 .ARM.attributes
                0x0000000000000156       0x39 out/libs/lpc_chip_43xx/src/sysinit_18xx_43xx.o
 .ARM.attributes
                0x000000000000018f       0x39 out/libs/lpc_board_ciaa_edu_4337/src/board.o
 .ARM.attributes
                0x00000000000001c8       0x39 out/libs/lpc_board_ciaa_edu_4337/src/crp.o
 .ARM.attributes
                0x0000000000000201       0x39 out/libs/lpc_board_ciaa_edu_4337/src/cr_startup_lpc43xx.o
 .ARM.attributes
                0x000000000000023a       0x39 out/libs/lpc_board_ciaa_edu_4337/src/sysinit.o
 .ARM.attributes
                0x0000000000000273       0x39 out/libs/lpc_board_ciaa_edu_4337/src/board_sysinit.o
 .ARM.attributes
                0x00000000000002ac       0x39 out/libs/sapi/src/sapi_uart.o
 .ARM.attributes
                0x00000000000002e5       0x39 out/libs/sapi/src/sapi_datatypes.o
 .ARM.attributes
                0x000000000000031e       0x39 out/libs/sapi/src/sapi_delay.o
 .ARM.attributes
                0x0000000000000357       0x39 out/libs/sapi/src/sapi_tick.o
 .ARM.attributes
                0x0000000000000390       0x39 out/libs/sapi/src/sapi_timer.o
 .ARM.attributes
                0x00000000000003c9       0x39 out/libs/sapi/src/sapi_board.o
 .ARM.attributes
                0x0000000000000402       0x39 out/libs/sapi/src/sapi_gpio.o
 .ARM.attributes
                0x000000000000043b       0x22 /tmp/.mount_rvQoA7/bin/../lib/gcc/arm-none-eabi/6.3.1/thumb/v7e-m/fpv4-sp/hard/libgcc.a(_aeabi_uldivmod.o)
 .ARM.attributes
                0x000000000000045d       0x34 /tmp/.mount_rvQoA7/bin/../lib/gcc/arm-none-eabi/6.3.1/thumb/v7e-m/fpv4-sp/hard/libgcc.a(_udivmoddi4.o)
 .ARM.attributes
                0x0000000000000491       0x22 /tmp/.mount_rvQoA7/bin/../lib/gcc/arm-none-eabi/6.3.1/thumb/v7e-m/fpv4-sp/hard/libgcc.a(_dvmd_tls.o)
 .ARM.attributes
                0x00000000000004b3       0x34 /tmp/.mount_rvQoA7/bin/../lib/gcc/arm-none-eabi/6.3.1/../../../../arm-none-eabi/lib/thumb/v7e-m/fpv4-sp/hard/libc_nano.a(lib_a-memset.o)

.debug_frame    0x0000000000000000      0xe00
 .debug_frame   0x0000000000000000       0x2c out/app/src/program.o
 .debug_frame   0x000000000000002c      0x1f4 out/libs/lpc_chip_43xx/src/uart_18xx_43xx.o
 .debug_frame   0x0000000000000220       0x70 out/libs/lpc_chip_43xx/src/chip_18xx_43xx.o
 .debug_frame   0x0000000000000290      0x314 out/libs/lpc_chip_43xx/src/clock_18xx_43xx.o
 .debug_frame   0x00000000000005a4       0x2c out/libs/lpc_chip_43xx/src/fpu_init.o
 .debug_frame   0x00000000000005d0       0x88 out/libs/lpc_chip_43xx/src/gpio_18xx_43xx.o
 .debug_frame   0x0000000000000658       0x7c out/libs/lpc_chip_43xx/src/sysinit_18xx_43xx.o
 .debug_frame   0x00000000000006d4      0x138 out/libs/lpc_board_ciaa_edu_4337/src/board.o
 .debug_frame   0x000000000000080c       0xf4 out/libs/lpc_board_ciaa_edu_4337/src/cr_startup_lpc43xx.o
 .debug_frame   0x0000000000000900       0x28 out/libs/lpc_board_ciaa_edu_4337/src/sysinit.o
 .debug_frame   0x0000000000000928       0x5c out/libs/lpc_board_ciaa_edu_4337/src/board_sysinit.o
 .debug_frame   0x0000000000000984       0xd8 out/libs/sapi/src/sapi_uart.o
 .debug_frame   0x0000000000000a5c       0x20 out/libs/sapi/src/sapi_datatypes.o
 .debug_frame   0x0000000000000a7c       0xbc out/libs/sapi/src/sapi_delay.o
 .debug_frame   0x0000000000000b38       0x60 out/libs/sapi/src/sapi_tick.o
 .debug_frame   0x0000000000000b98      0x134 out/libs/sapi/src/sapi_timer.o
 .debug_frame   0x0000000000000ccc       0x28 out/libs/sapi/src/sapi_board.o
 .debug_frame   0x0000000000000cf4       0x8c out/libs/sapi/src/sapi_gpio.o
 .debug_frame   0x0000000000000d80       0x2c /tmp/.mount_rvQoA7/bin/../lib/gcc/arm-none-eabi/6.3.1/thumb/v7e-m/fpv4-sp/hard/libgcc.a(_aeabi_uldivmod.o)
 .debug_frame   0x0000000000000dac       0x34 /tmp/.mount_rvQoA7/bin/../lib/gcc/arm-none-eabi/6.3.1/thumb/v7e-m/fpv4-sp/hard/libgcc.a(_udivmoddi4.o)
 .debug_frame   0x0000000000000de0       0x20 /tmp/.mount_rvQoA7/bin/../lib/gcc/arm-none-eabi/6.3.1/../../../../arm-none-eabi/lib/thumb/v7e-m/fpv4-sp/hard/libc_nano.a(lib_a-memset.o)

Cross Reference Table

Symbol                                            File
ADC0_IRQHandler                                   out/libs/lpc_board_ciaa_edu_4337/src/cr_startup_lpc43xx.o
ADC1_IRQHandler                                   out/libs/lpc_board_ciaa_edu_4337/src/cr_startup_lpc43xx.o
ADCHS_IRQHandler                                  out/libs/lpc_board_ciaa_edu_4337/src/cr_startup_lpc43xx.o
ATIMER_IRQHandler                                 out/libs/lpc_board_ciaa_edu_4337/src/cr_startup_lpc43xx.o
Board_DAC_Init                                    out/libs/lpc_board_ciaa_edu_4337/src/board.o
Board_Debug_Init                                  out/libs/lpc_board_ciaa_edu_4337/src/board.o
Board_ENET_GetMacADDR                             out/libs/lpc_board_ciaa_edu_4337/src/board.o
Board_I2C_Init                                    out/libs/lpc_board_ciaa_edu_4337/src/board.o
Board_Init                                        out/libs/lpc_board_ciaa_edu_4337/src/board.o
                                                  out/libs/sapi/src/sapi_board.o
Board_LED_Set                                     out/libs/lpc_board_ciaa_edu_4337/src/board.o
Board_LED_Test                                    out/libs/lpc_board_ciaa_edu_4337/src/board.o
Board_LED_Toggle                                  out/libs/lpc_board_ciaa_edu_4337/src/board.o
Board_SDMMC_Init                                  out/libs/lpc_board_ciaa_edu_4337/src/board.o
Board_SSP_Init                                    out/libs/lpc_board_ciaa_edu_4337/src/board.o
Board_SetupClocking                               out/libs/lpc_board_ciaa_edu_4337/src/board_sysinit.o
Board_SetupMuxing                                 out/libs/lpc_board_ciaa_edu_4337/src/board_sysinit.o
Board_SystemInit                                  out/libs/lpc_board_ciaa_edu_4337/src/board_sysinit.o
                                                  out/libs/lpc_board_ciaa_edu_4337/src/sysinit.o
Board_UARTGetChar                                 out/libs/lpc_board_ciaa_edu_4337/src/board.o
                                                  out/libs/lpc_board_ciaa_edu_4337/src/system.o
Board_UARTPutChar                                 out/libs/lpc_board_ciaa_edu_4337/src/board.o
                                                  out/libs/lpc_board_ciaa_edu_4337/src/system.o
Board_UARTPutSTR                                  out/libs/lpc_board_ciaa_edu_4337/src/board.o
Board_UART_Init                                   out/libs/lpc_board_ciaa_edu_4337/src/board.o
BusFault_Handler                                  out/libs/lpc_board_ciaa_edu_4337/src/cr_startup_lpc43xx.o
CAN0_IRQHandler                                   out/libs/lpc_board_ciaa_edu_4337/src/cr_startup_lpc43xx.o
CAN1_IRQHandler                                   out/libs/lpc_board_ciaa_edu_4337/src/cr_startup_lpc43xx.o
CRP_WORD                                          out/libs/lpc_board_ciaa_edu_4337/src/crp.o
Chip_ADC_DeInit                                   out/libs/lpc_chip_43xx/src/adc_18xx_43xx.o
                                                  out/libs/sapi/src/sapi_adc.o
Chip_ADC_EnableChannel                            out/libs/lpc_chip_43xx/src/adc_18xx_43xx.o
                                                  out/libs/sapi/src/sapi_adc.o
Chip_ADC_Init                                     out/libs/lpc_chip_43xx/src/adc_18xx_43xx.o
                                                  out/libs/sapi/src/sapi_adc.o
Chip_ADC_Int_SetChannelCmd                        out/libs/lpc_chip_43xx/src/adc_18xx_43xx.o
                                                  out/libs/sapi/src/sapi_adc.o
Chip_ADC_ReadByte                                 out/libs/lpc_chip_43xx/src/adc_18xx_43xx.o
Chip_ADC_ReadStatus                               out/libs/lpc_chip_43xx/src/adc_18xx_43xx.o
                                                  out/libs/sapi/src/sapi_adc.o
Chip_ADC_ReadValue                                out/libs/lpc_chip_43xx/src/adc_18xx_43xx.o
                                                  out/libs/sapi/src/sapi_adc.o
Chip_ADC_SetBurstCmd                              out/libs/lpc_chip_43xx/src/adc_18xx_43xx.o
                                                  out/libs/sapi/src/sapi_adc.o
Chip_ADC_SetResolution                            out/libs/lpc_chip_43xx/src/adc_18xx_43xx.o
Chip_ADC_SetSampleRate                            out/libs/lpc_chip_43xx/src/adc_18xx_43xx.o
                                                  out/libs/sapi/src/sapi_adc.o
Chip_ADC_SetStartMode                             out/libs/lpc_chip_43xx/src/adc_18xx_43xx.o
                                                  out/libs/sapi/src/sapi_adc.o
Chip_AES_Config_DMA                               out/libs/lpc_chip_43xx/src/aes_18xx_43xx.o
Chip_AES_GetStatusDMA                             out/libs/lpc_chip_43xx/src/aes_18xx_43xx.o
Chip_AES_Init                                     out/libs/lpc_chip_43xx/src/aes_18xx_43xx.o
Chip_AES_LoadIV_IC                                out/libs/lpc_chip_43xx/src/aes_18xx_43xx.o
Chip_AES_LoadIV_SW                                out/libs/lpc_chip_43xx/src/aes_18xx_43xx.o
Chip_AES_LoadKey                                  out/libs/lpc_chip_43xx/src/aes_18xx_43xx.o
Chip_AES_LoadKeyRNG                               out/libs/lpc_chip_43xx/src/aes_18xx_43xx.o
Chip_AES_LoadKeySW                                out/libs/lpc_chip_43xx/src/aes_18xx_43xx.o
Chip_AES_Operate                                  out/libs/lpc_chip_43xx/src/aes_18xx_43xx.o
Chip_AES_OperateDMA                               out/libs/lpc_chip_43xx/src/aes_18xx_43xx.o
Chip_AES_ProgramKey                               out/libs/lpc_chip_43xx/src/aes_18xx_43xx.o
Chip_AES_SetMode                                  out/libs/lpc_chip_43xx/src/aes_18xx_43xx.o
Chip_ATIMER_DeInit                                out/libs/lpc_chip_43xx/src/atimer_18xx_43xx.o
Chip_ATIMER_Init                                  out/libs/lpc_chip_43xx/src/atimer_18xx_43xx.o
Chip_CCAN_AddReceiveID                            out/libs/lpc_chip_43xx/src/ccan_18xx_43xx.o
Chip_CCAN_ClearStatus                             out/libs/lpc_chip_43xx/src/ccan_18xx_43xx.o
Chip_CCAN_DeInit                                  out/libs/lpc_chip_43xx/src/ccan_18xx_43xx.o
Chip_CCAN_DeleteReceiveID                         out/libs/lpc_chip_43xx/src/ccan_18xx_43xx.o
Chip_CCAN_GetMsgObject                            out/libs/lpc_chip_43xx/src/ccan_18xx_43xx.o
Chip_CCAN_Init                                    out/libs/lpc_chip_43xx/src/ccan_18xx_43xx.o
Chip_CCAN_Send                                    out/libs/lpc_chip_43xx/src/ccan_18xx_43xx.o
Chip_CCAN_SetBitRate                              out/libs/lpc_chip_43xx/src/ccan_18xx_43xx.o
Chip_CCAN_SetMsgObject                            out/libs/lpc_chip_43xx/src/ccan_18xx_43xx.o
Chip_CCAN_SetValidMsg                             out/libs/lpc_chip_43xx/src/ccan_18xx_43xx.o
Chip_CCAN_TransferMsgObject                       out/libs/lpc_chip_43xx/src/ccan_18xx_43xx.o
Chip_Clock_CalcMainPLLValue                       out/libs/lpc_chip_43xx/src/clock_18xx_43xx.o
                                                  out/libs/lpc_chip_43xx/src/sysinit_18xx_43xx.o
Chip_Clock_ClearPowerDown                         out/libs/lpc_chip_43xx/src/clock_18xx_43xx.o
Chip_Clock_Disable                                out/libs/lpc_chip_43xx/src/clock_18xx_43xx.o
                                                  out/libs/lpc_chip_43xx/src/i2c_18xx_43xx.o
                                                  out/libs/lpc_chip_43xx/src/ssp_18xx_43xx.o
                                                  out/libs/lpc_chip_43xx/src/enet_18xx_43xx.o
                                                  out/libs/lpc_chip_43xx/src/ccan_18xx_43xx.o
                                                  out/libs/lpc_chip_43xx/src/gpdma_18xx_43xx.o
                                                  out/libs/lpc_chip_43xx/src/hsadc_18xx_43xx.o
                                                  out/libs/lpc_chip_43xx/src/spi_18xx_43xx.o
                                                  out/libs/lpc_chip_43xx/src/ritimer_18xx_43xx.o
                                                  out/libs/lpc_chip_43xx/src/sct_18xx_43xx.o
                                                  out/libs/lpc_chip_43xx/src/i2cm_18xx_43xx.o
                                                  out/libs/lpc_chip_43xx/src/timer_18xx_43xx.o
                                                  out/libs/lpc_chip_43xx/src/i2s_18xx_43xx.o
                                                  out/libs/lpc_chip_43xx/src/sdif_18xx_43xx.o
                                                  out/libs/lpc_chip_43xx/src/adc_18xx_43xx.o
                                                  out/libs/lpc_chip_43xx/src/uart_18xx_43xx.o
                                                  out/libs/lpc_chip_43xx/src/lcd_18xx_43xx.o
                                                  out/libs/lpc_chip_43xx/src/dac_18xx_43xx.o
Chip_Clock_DisableBaseClock                       out/libs/lpc_chip_43xx/src/clock_18xx_43xx.o
Chip_Clock_DisableCrystal                         out/libs/lpc_chip_43xx/src/clock_18xx_43xx.o
Chip_Clock_DisablePLL                             out/libs/lpc_chip_43xx/src/clock_18xx_43xx.o
Chip_Clock_Enable                                 out/libs/lpc_chip_43xx/src/clock_18xx_43xx.o
                                                  out/libs/lpc_chip_43xx/src/i2c_18xx_43xx.o
                                                  out/libs/lpc_chip_43xx/src/ssp_18xx_43xx.o
                                                  out/libs/lpc_chip_43xx/src/hsadc_18xx_43xx.o
                                                  out/libs/lpc_chip_43xx/src/spi_18xx_43xx.o
                                                  out/libs/lpc_chip_43xx/src/i2cm_18xx_43xx.o
                                                  out/libs/lpc_chip_43xx/src/timer_18xx_43xx.o
                                                  out/libs/lpc_chip_43xx/src/i2s_18xx_43xx.o
Chip_Clock_EnableBaseClock                        out/libs/lpc_chip_43xx/src/clock_18xx_43xx.o
                                                  out/libs/lpc_chip_43xx/src/chip_18xx_43xx.o
Chip_Clock_EnableCrystal                          out/libs/lpc_chip_43xx/src/clock_18xx_43xx.o
                                                  out/libs/lpc_chip_43xx/src/sysinit_18xx_43xx.o
Chip_Clock_EnableOpts                             out/libs/lpc_chip_43xx/src/clock_18xx_43xx.o
                                                  out/libs/lpc_chip_43xx/src/enet_18xx_43xx.o
                                                  out/libs/lpc_chip_43xx/src/ccan_18xx_43xx.o
                                                  out/libs/lpc_chip_43xx/src/gpdma_18xx_43xx.o
                                                  out/libs/lpc_chip_43xx/src/hsadc_18xx_43xx.o
                                                  out/libs/lpc_chip_43xx/src/ritimer_18xx_43xx.o
                                                  out/libs/lpc_chip_43xx/src/sct_18xx_43xx.o
                                                  out/libs/lpc_chip_43xx/src/sdif_18xx_43xx.o
                                                  out/libs/lpc_chip_43xx/src/chip_18xx_43xx.o
                                                  out/libs/lpc_chip_43xx/src/adc_18xx_43xx.o
                                                  out/libs/lpc_chip_43xx/src/uart_18xx_43xx.o
                                                  out/libs/lpc_chip_43xx/src/lcd_18xx_43xx.o
                                                  out/libs/lpc_chip_43xx/src/dac_18xx_43xx.o
Chip_Clock_EnablePLL                              out/libs/lpc_chip_43xx/src/clock_18xx_43xx.o
                                                  out/libs/lpc_chip_43xx/src/chip_18xx_43xx.o
Chip_Clock_GetBaseClock                           out/libs/lpc_chip_43xx/src/clock_18xx_43xx.o
Chip_Clock_GetBaseClockOpts                       out/libs/lpc_chip_43xx/src/clock_18xx_43xx.o
Chip_Clock_GetBaseClocktHz                        out/libs/lpc_chip_43xx/src/clock_18xx_43xx.o
                                                  out/libs/lpc_chip_43xx/src/sdio_18xx_43xx.o
                                                  out/libs/lpc_chip_43xx/src/sdmmc_18xx_43xx.o
Chip_Clock_GetClockInputHz                        out/libs/lpc_chip_43xx/src/clock_18xx_43xx.o
                                                  out/libs/lpc_chip_43xx/src/chip_18xx_43xx.o
Chip_Clock_GetDividerDivisor                      out/libs/lpc_chip_43xx/src/clock_18xx_43xx.o
Chip_Clock_GetDividerSource                       out/libs/lpc_chip_43xx/src/clock_18xx_43xx.o
Chip_Clock_GetEMCRate                             out/libs/lpc_chip_43xx/src/clock_18xx_43xx.o
                                                  out/libs/lpc_chip_43xx/src/emc_18xx_43xx.o
Chip_Clock_GetMainPLLHz                           out/libs/lpc_chip_43xx/src/clock_18xx_43xx.o
Chip_Clock_GetPLLStatus                           out/libs/lpc_chip_43xx/src/clock_18xx_43xx.o
                                                  out/libs/lpc_chip_43xx/src/chip_18xx_43xx.o
Chip_Clock_GetRate                                out/libs/lpc_chip_43xx/src/clock_18xx_43xx.o
                                                  out/libs/lpc_chip_43xx/src/i2c_18xx_43xx.o
                                                  out/libs/lpc_chip_43xx/src/ssp_18xx_43xx.o
                                                  out/libs/lpc_chip_43xx/src/sct_pwm_18xx_43xx.o
                                                  out/libs/lpc_chip_43xx/src/ccan_18xx_43xx.o
                                                  out/libs/lpc_chip_43xx/src/hsadc_18xx_43xx.o
                                                  out/libs/lpc_chip_43xx/src/spi_18xx_43xx.o
                                                  out/libs/lpc_chip_43xx/src/ritimer_18xx_43xx.o
                                                  out/libs/lpc_chip_43xx/src/eeprom_18xx_43xx.o
                                                  out/libs/lpc_chip_43xx/src/i2cm_18xx_43xx.o
                                                  out/libs/lpc_chip_43xx/src/i2s_18xx_43xx.o
                                                  out/libs/lpc_chip_43xx/src/chip_18xx_43xx.o
                                                  out/libs/lpc_chip_43xx/src/stopwatch_18xx_43xx.o
                                                  out/libs/lpc_chip_43xx/src/adc_18xx_43xx.o
                                                  out/libs/lpc_chip_43xx/src/uart_18xx_43xx.o
Chip_Clock_IsBaseClockEnabled                     out/libs/lpc_chip_43xx/src/clock_18xx_43xx.o
Chip_Clock_RTCEnable                              out/libs/lpc_chip_43xx/src/clock_18xx_43xx.o
                                                  out/libs/lpc_chip_43xx/src/rtc_18xx_43xx.o
Chip_Clock_SetBaseClock                           out/libs/lpc_chip_43xx/src/clock_18xx_43xx.o
                                                  out/libs/lpc_board_ciaa_edu_4337/src/board_sysinit.o
                                                  out/libs/lpc_chip_43xx/src/sysinit_18xx_43xx.o
                                                  out/libs/lpc_chip_43xx/src/chip_18xx_43xx.o
Chip_Clock_SetDivider                             out/libs/lpc_chip_43xx/src/clock_18xx_43xx.o
                                                  out/libs/lpc_chip_43xx/src/chip_18xx_43xx.o
Chip_Clock_SetupMainPLLHz                         out/libs/lpc_chip_43xx/src/clock_18xx_43xx.o
Chip_Clock_SetupMainPLLMult                       out/libs/lpc_chip_43xx/src/clock_18xx_43xx.o
Chip_Clock_SetupPLL                               out/libs/lpc_chip_43xx/src/clock_18xx_43xx.o
                                                  out/libs/lpc_chip_43xx/src/chip_18xx_43xx.o
Chip_Clock_StartPowerDown                         out/libs/lpc_chip_43xx/src/clock_18xx_43xx.o
Chip_DAC_DeInit                                   out/libs/lpc_chip_43xx/src/dac_18xx_43xx.o
                                                  out/libs/sapi/src/sapi_dac.o
Chip_DAC_Init                                     out/libs/lpc_chip_43xx/src/dac_18xx_43xx.o
                                                  out/libs/sapi/src/sapi_dac.o
Chip_DAC_SetBias                                  out/libs/lpc_chip_43xx/src/dac_18xx_43xx.o
Chip_DAC_UpdateValue                              out/libs/lpc_chip_43xx/src/dac_18xx_43xx.o
                                                  out/libs/sapi/src/sapi_dac.o
Chip_EEPROM_EraseProgramPage                      out/libs/lpc_chip_43xx/src/eeprom_18xx_43xx.o
Chip_EEPROM_Init                                  out/libs/lpc_chip_43xx/src/eeprom_18xx_43xx.o
Chip_EEPROM_WaitForIntStatus                      out/libs/lpc_chip_43xx/src/eeprom_18xx_43xx.o
Chip_EMC_Dynamic_Enable                           out/libs/lpc_chip_43xx/src/emc_18xx_43xx.o
Chip_EMC_Dynamic_Init                             out/libs/lpc_chip_43xx/src/emc_18xx_43xx.o
Chip_EMC_Enable                                   out/libs/lpc_chip_43xx/src/emc_18xx_43xx.o
Chip_EMC_Init                                     out/libs/lpc_chip_43xx/src/emc_18xx_43xx.o
Chip_EMC_LowPowerMode                             out/libs/lpc_chip_43xx/src/emc_18xx_43xx.o
Chip_EMC_Mirror                                   out/libs/lpc_chip_43xx/src/emc_18xx_43xx.o
Chip_EMC_Static_Init                              out/libs/lpc_chip_43xx/src/emc_18xx_43xx.o
Chip_ENET_DeInit                                  out/libs/lpc_chip_43xx/src/enet_18xx_43xx.o
Chip_ENET_Init                                    out/libs/lpc_chip_43xx/src/enet_18xx_43xx.o
Chip_ENET_SetDuplex                               out/libs/lpc_chip_43xx/src/enet_18xx_43xx.o
Chip_ENET_SetSpeed                                out/libs/lpc_chip_43xx/src/enet_18xx_43xx.o
Chip_ENET_SetupMII                                out/libs/lpc_chip_43xx/src/enet_18xx_43xx.o
Chip_ENET_StartMIIRead                            out/libs/lpc_chip_43xx/src/enet_18xx_43xx.o
Chip_ENET_StartMIIWrite                           out/libs/lpc_chip_43xx/src/enet_18xx_43xx.o
Chip_EVRT_ConfigIntSrcActiveType                  out/libs/lpc_chip_43xx/src/evrt_18xx_43xx.o
Chip_EVRT_Init                                    out/libs/lpc_chip_43xx/src/evrt_18xx_43xx.o
Chip_EVRT_IsSourceInterrupting                    out/libs/lpc_chip_43xx/src/evrt_18xx_43xx.o
Chip_EVRT_SetUpIntSrc                             out/libs/lpc_chip_43xx/src/evrt_18xx_43xx.o
Chip_GPDMA_ChannelCmd                             out/libs/lpc_chip_43xx/src/gpdma_18xx_43xx.o
Chip_GPDMA_ClearIntPending                        out/libs/lpc_chip_43xx/src/gpdma_18xx_43xx.o
Chip_GPDMA_DeInit                                 out/libs/lpc_chip_43xx/src/gpdma_18xx_43xx.o
Chip_GPDMA_GetFreeChannel                         out/libs/lpc_chip_43xx/src/gpdma_18xx_43xx.o
Chip_GPDMA_Init                                   out/libs/lpc_chip_43xx/src/gpdma_18xx_43xx.o
Chip_GPDMA_InitChannelCfg                         out/libs/lpc_chip_43xx/src/gpdma_18xx_43xx.o
Chip_GPDMA_IntGetStatus                           out/libs/lpc_chip_43xx/src/gpdma_18xx_43xx.o
Chip_GPDMA_Interrupt                              out/libs/lpc_chip_43xx/src/gpdma_18xx_43xx.o
Chip_GPDMA_PrepareDescriptor                      out/libs/lpc_chip_43xx/src/gpdma_18xx_43xx.o
Chip_GPDMA_SGTransfer                             out/libs/lpc_chip_43xx/src/gpdma_18xx_43xx.o
Chip_GPDMA_Stop                                   out/libs/lpc_chip_43xx/src/gpdma_18xx_43xx.o
Chip_GPDMA_Transfer                               out/libs/lpc_chip_43xx/src/gpdma_18xx_43xx.o
Chip_GPIO_DeInit                                  out/libs/lpc_chip_43xx/src/gpio_18xx_43xx.o
Chip_GPIO_Init                                    out/libs/lpc_chip_43xx/src/gpio_18xx_43xx.o
                                                  out/libs/sapi/src/sapi_gpio.o
                                                  out/libs/lpc_board_ciaa_edu_4337/src/board.o
Chip_GPIO_SetDir                                  out/libs/lpc_chip_43xx/src/gpio_18xx_43xx.o
                                                  out/libs/sapi/src/sapi_gpio.o
Chip_GPIO_SetPinDIR                               out/libs/lpc_chip_43xx/src/gpio_18xx_43xx.o
Chip_GPIO_SetPortDIR                              out/libs/lpc_chip_43xx/src/gpio_18xx_43xx.o
Chip_GPIO_WriteDirBit                             out/libs/lpc_chip_43xx/src/gpio_18xx_43xx.o
Chip_HSADC_DeInit                                 out/libs/lpc_chip_43xx/src/hsadc_18xx_43xx.o
Chip_HSADC_Init                                   out/libs/lpc_chip_43xx/src/hsadc_18xx_43xx.o
Chip_HSADC_SetACDCBias                            out/libs/lpc_chip_43xx/src/hsadc_18xx_43xx.o
Chip_HSADC_SetPowerSpeed                          out/libs/lpc_chip_43xx/src/hsadc_18xx_43xx.o
Chip_HSADC_SetSpeed                               out/libs/lpc_chip_43xx/src/hsadc_18xx_43xx.o
Chip_HSADC_SetThrHighValue                        out/libs/lpc_chip_43xx/src/hsadc_18xx_43xx.o
Chip_HSADC_SetThrLowValue                         out/libs/lpc_chip_43xx/src/hsadc_18xx_43xx.o
Chip_HSADC_SetupFIFO                              out/libs/lpc_chip_43xx/src/hsadc_18xx_43xx.o
Chip_I2CM_DeInit                                  out/libs/lpc_chip_43xx/src/i2cm_18xx_43xx.o
Chip_I2CM_Init                                    out/libs/lpc_chip_43xx/src/i2cm_18xx_43xx.o
Chip_I2CM_Read                                    out/libs/lpc_chip_43xx/src/i2cm_18xx_43xx.o
Chip_I2CM_SetBusSpeed                             out/libs/lpc_chip_43xx/src/i2cm_18xx_43xx.o
Chip_I2CM_Write                                   out/libs/lpc_chip_43xx/src/i2cm_18xx_43xx.o
Chip_I2CM_Xfer                                    out/libs/lpc_chip_43xx/src/i2cm_18xx_43xx.o
Chip_I2CM_XferBlocking                            out/libs/lpc_chip_43xx/src/i2cm_18xx_43xx.o
                                                  out/libs/sapi/src/sapi_i2c.o
Chip_I2CM_XferHandler                             out/libs/lpc_chip_43xx/src/i2cm_18xx_43xx.o
Chip_I2C_DeInit                                   out/libs/lpc_chip_43xx/src/i2c_18xx_43xx.o
Chip_I2C_Disable                                  out/libs/lpc_chip_43xx/src/i2c_18xx_43xx.o
Chip_I2C_EventHandler                             out/libs/lpc_chip_43xx/src/i2c_18xx_43xx.o
Chip_I2C_EventHandlerPolling                      out/libs/lpc_chip_43xx/src/i2c_18xx_43xx.o
                                                  out/libs/sapi/src/sapi_i2c.o
Chip_I2C_GetClockRate                             out/libs/lpc_chip_43xx/src/i2c_18xx_43xx.o
Chip_I2C_GetMasterEventHandler                    out/libs/lpc_chip_43xx/src/i2c_18xx_43xx.o
Chip_I2C_Init                                     out/libs/lpc_chip_43xx/src/i2c_18xx_43xx.o
                                                  out/libs/sapi/src/sapi_i2c.o
Chip_I2C_IsMasterActive                           out/libs/lpc_chip_43xx/src/i2c_18xx_43xx.o
Chip_I2C_IsStateChanged                           out/libs/lpc_chip_43xx/src/i2c_18xx_43xx.o
Chip_I2C_MasterCmdRead                            out/libs/lpc_chip_43xx/src/i2c_18xx_43xx.o
Chip_I2C_MasterRead                               out/libs/lpc_chip_43xx/src/i2c_18xx_43xx.o
Chip_I2C_MasterSend                               out/libs/lpc_chip_43xx/src/i2c_18xx_43xx.o
Chip_I2C_MasterStateHandler                       out/libs/lpc_chip_43xx/src/i2c_18xx_43xx.o
Chip_I2C_MasterTransfer                           out/libs/lpc_chip_43xx/src/i2c_18xx_43xx.o
Chip_I2C_SetClockRate                             out/libs/lpc_chip_43xx/src/i2c_18xx_43xx.o
                                                  out/libs/sapi/src/sapi_i2c.o
Chip_I2C_SetMasterEventHandler                    out/libs/lpc_chip_43xx/src/i2c_18xx_43xx.o
                                                  out/libs/sapi/src/sapi_i2c.o
Chip_I2C_SlaveSetup                               out/libs/lpc_chip_43xx/src/i2c_18xx_43xx.o
Chip_I2C_SlaveStateHandler                        out/libs/lpc_chip_43xx/src/i2c_18xx_43xx.o
Chip_I2S_DMA_RxCmd                                out/libs/lpc_chip_43xx/src/i2s_18xx_43xx.o
Chip_I2S_DMA_TxCmd                                out/libs/lpc_chip_43xx/src/i2s_18xx_43xx.o
Chip_I2S_DeInit                                   out/libs/lpc_chip_43xx/src/i2s_18xx_43xx.o
Chip_I2S_Init                                     out/libs/lpc_chip_43xx/src/i2s_18xx_43xx.o
Chip_I2S_Int_RxCmd                                out/libs/lpc_chip_43xx/src/i2s_18xx_43xx.o
Chip_I2S_Int_TxCmd                                out/libs/lpc_chip_43xx/src/i2s_18xx_43xx.o
Chip_I2S_RxConfig                                 out/libs/lpc_chip_43xx/src/i2s_18xx_43xx.o
Chip_I2S_TxConfig                                 out/libs/lpc_chip_43xx/src/i2s_18xx_43xx.o
Chip_IAP_BlankCheckSector                         out/libs/lpc_chip_43xx/src/iap_18xx_43xx.o
Chip_IAP_Compare                                  out/libs/lpc_chip_43xx/src/iap_18xx_43xx.o
Chip_IAP_CopyRamToFlash                           out/libs/lpc_chip_43xx/src/iap_18xx_43xx.o
Chip_IAP_ErasePage                                out/libs/lpc_chip_43xx/src/iap_18xx_43xx.o
Chip_IAP_EraseSector                              out/libs/lpc_chip_43xx/src/iap_18xx_43xx.o
Chip_IAP_PreSectorForReadWrite                    out/libs/lpc_chip_43xx/src/iap_18xx_43xx.o
Chip_IAP_ReadBootCode                             out/libs/lpc_chip_43xx/src/iap_18xx_43xx.o
Chip_IAP_ReadPID                                  out/libs/lpc_chip_43xx/src/iap_18xx_43xx.o
Chip_IAP_ReadUID                                  out/libs/lpc_chip_43xx/src/iap_18xx_43xx.o
Chip_IAP_ReinvokeISP                              out/libs/lpc_chip_43xx/src/iap_18xx_43xx.o
Chip_IAP_SetBootFlashBank                         out/libs/lpc_chip_43xx/src/iap_18xx_43xx.o
Chip_LCD_Cursor_Config                            out/libs/lpc_chip_43xx/src/lcd_18xx_43xx.o
Chip_LCD_Cursor_WriteImage                        out/libs/lpc_chip_43xx/src/lcd_18xx_43xx.o
Chip_LCD_DeInit                                   out/libs/lpc_chip_43xx/src/lcd_18xx_43xx.o
Chip_LCD_Init                                     out/libs/lpc_chip_43xx/src/lcd_18xx_43xx.o
Chip_LCD_LoadPalette                              out/libs/lpc_chip_43xx/src/lcd_18xx_43xx.o
Chip_OTP_GenRand                                  out/libs/lpc_chip_43xx/src/otp_18xx_43xx.o
Chip_OTP_Init                                     out/libs/lpc_chip_43xx/src/otp_18xx_43xx.o
Chip_OTP_ProgBootSrc                              out/libs/lpc_chip_43xx/src/otp_18xx_43xx.o
Chip_OTP_ProgGPWord                               out/libs/lpc_chip_43xx/src/otp_18xx_43xx.o
Chip_OTP_ProgJTAGDis                              out/libs/lpc_chip_43xx/src/otp_18xx_43xx.o
Chip_OTP_ProgKey                                  out/libs/lpc_chip_43xx/src/otp_18xx_43xx.o
Chip_OTP_ProgUSBID                                out/libs/lpc_chip_43xx/src/otp_18xx_43xx.o
Chip_PMC_Set_PwrState                             out/libs/lpc_chip_43xx/src/pmc_18xx_43xx.o
Chip_PMC_Sleep                                    out/libs/lpc_chip_43xx/src/pmc_18xx_43xx.o
Chip_RIT_DeInit                                   out/libs/lpc_chip_43xx/src/ritimer_18xx_43xx.o
Chip_RIT_GetIntStatus                             out/libs/lpc_chip_43xx/src/ritimer_18xx_43xx.o
Chip_RIT_Init                                     out/libs/lpc_chip_43xx/src/ritimer_18xx_43xx.o
Chip_RIT_SetTimerInterval                         out/libs/lpc_chip_43xx/src/ritimer_18xx_43xx.o
Chip_RTC_AlarmIntConfig                           out/libs/lpc_chip_43xx/src/rtc_18xx_43xx.o
Chip_RTC_CalibCounterCmd                          out/libs/lpc_chip_43xx/src/rtc_18xx_43xx.o
Chip_RTC_CntIncrIntConfig                         out/libs/lpc_chip_43xx/src/rtc_18xx_43xx.o
Chip_RTC_DeInit                                   out/libs/lpc_chip_43xx/src/rtc_18xx_43xx.o
Chip_RTC_EV_GetFirstTimeStamp                     out/libs/lpc_chip_43xx/src/rtc_18xx_43xx.o
Chip_RTC_EV_GetLastTimeStamp                      out/libs/lpc_chip_43xx/src/rtc_18xx_43xx.o
Chip_RTC_Enable                                   out/libs/lpc_chip_43xx/src/rtc_18xx_43xx.o
                                                  out/libs/sapi/src/sapi_rtc.o
Chip_RTC_GetFullAlarmTime                         out/libs/lpc_chip_43xx/src/rtc_18xx_43xx.o
Chip_RTC_GetFullTime                              out/libs/lpc_chip_43xx/src/rtc_18xx_43xx.o
                                                  out/libs/sapi/src/sapi_rtc.o
Chip_RTC_Init                                     out/libs/lpc_chip_43xx/src/rtc_18xx_43xx.o
                                                  out/libs/sapi/src/sapi_rtc.o
Chip_RTC_ResetClockTickCounter                    out/libs/lpc_chip_43xx/src/rtc_18xx_43xx.o
Chip_RTC_SetFullAlarmTime                         out/libs/lpc_chip_43xx/src/rtc_18xx_43xx.o
Chip_RTC_SetFullTime                              out/libs/lpc_chip_43xx/src/rtc_18xx_43xx.o
                                                  out/libs/sapi/src/sapi_rtc.o
Chip_SCTPWM_SetOutPin                             out/libs/lpc_chip_43xx/src/sct_pwm_18xx_43xx.o
                                                  out/libs/sapi/src/sapi_sct.o
Chip_SCTPWM_SetRate                               out/libs/lpc_chip_43xx/src/sct_pwm_18xx_43xx.o
                                                  out/libs/sapi/src/sapi_sct.o
Chip_SCT_DeInit                                   out/libs/lpc_chip_43xx/src/sct_18xx_43xx.o
Chip_SCT_Init                                     out/libs/lpc_chip_43xx/src/sct_18xx_43xx.o
                                                  out/libs/sapi/src/sapi_sct.o
Chip_SCT_SetClrControl                            out/libs/lpc_chip_43xx/src/sct_18xx_43xx.o
Chip_SCT_SetConflictResolution                    out/libs/lpc_chip_43xx/src/sct_18xx_43xx.o
Chip_SDIF_DeInit                                  out/libs/lpc_chip_43xx/src/sdif_18xx_43xx.o
Chip_SDIF_DmaSetup                                out/libs/lpc_chip_43xx/src/sdif_18xx_43xx.o
                                                  out/libs/lpc_chip_43xx/src/sdio_18xx_43xx.o
                                                  out/libs/lpc_chip_43xx/src/sdmmc_18xx_43xx.o
Chip_SDIF_GetResponse                             out/libs/lpc_chip_43xx/src/sdif_18xx_43xx.o
                                                  out/libs/lpc_chip_43xx/src/sdio_18xx_43xx.o
                                                  out/libs/lpc_chip_43xx/src/sdmmc_18xx_43xx.o
Chip_SDIF_Init                                    out/libs/lpc_chip_43xx/src/sdif_18xx_43xx.o
Chip_SDIF_SendCmd                                 out/libs/lpc_chip_43xx/src/sdif_18xx_43xx.o
                                                  out/libs/lpc_chip_43xx/src/sdio_18xx_43xx.o
                                                  out/libs/lpc_chip_43xx/src/sdmmc_18xx_43xx.o
Chip_SDIF_SetClearIntFifo                         out/libs/lpc_chip_43xx/src/sdif_18xx_43xx.o
                                                  out/libs/lpc_chip_43xx/src/sdmmc_18xx_43xx.o
Chip_SDIF_SetClock                                out/libs/lpc_chip_43xx/src/sdif_18xx_43xx.o
                                                  out/libs/lpc_chip_43xx/src/sdio_18xx_43xx.o
                                                  out/libs/lpc_chip_43xx/src/sdmmc_18xx_43xx.o
Chip_SDMMC_Acquire                                out/libs/lpc_chip_43xx/src/sdmmc_18xx_43xx.o
Chip_SDMMC_GetDeviceBlocks                        out/libs/lpc_chip_43xx/src/sdmmc_18xx_43xx.o
Chip_SDMMC_GetDeviceSize                          out/libs/lpc_chip_43xx/src/sdmmc_18xx_43xx.o
Chip_SDMMC_GetState                               out/libs/lpc_chip_43xx/src/sdmmc_18xx_43xx.o
Chip_SDMMC_ReadBlocks                             out/libs/lpc_chip_43xx/src/sdmmc_18xx_43xx.o
Chip_SDMMC_WriteBlocks                            out/libs/lpc_chip_43xx/src/sdmmc_18xx_43xx.o
Chip_SPI_DeInit                                   out/libs/lpc_chip_43xx/src/spi_18xx_43xx.o
Chip_SPI_Init                                     out/libs/lpc_chip_43xx/src/spi_18xx_43xx.o
Chip_SPI_Int_FlushData                            out/libs/lpc_chip_43xx/src/spi_18xx_43xx.o
Chip_SPI_Int_RWFrames                             out/libs/lpc_chip_43xx/src/spi_18xx_43xx.o
Chip_SPI_Int_RWFrames16Bits                       out/libs/lpc_chip_43xx/src/spi_18xx_43xx.o
Chip_SPI_Int_RWFrames8Bits                        out/libs/lpc_chip_43xx/src/spi_18xx_43xx.o
Chip_SPI_RWFrames_Blocking                        out/libs/lpc_chip_43xx/src/spi_18xx_43xx.o
Chip_SPI_SetBitRate                               out/libs/lpc_chip_43xx/src/spi_18xx_43xx.o
Chip_SSP_DeInit                                   out/libs/lpc_chip_43xx/src/ssp_18xx_43xx.o
Chip_SSP_Init                                     out/libs/lpc_chip_43xx/src/ssp_18xx_43xx.o
Chip_SSP_Int_FlushData                            out/libs/lpc_chip_43xx/src/ssp_18xx_43xx.o
Chip_SSP_Int_RWFrames16Bits                       out/libs/lpc_chip_43xx/src/ssp_18xx_43xx.o
Chip_SSP_Int_RWFrames8Bits                        out/libs/lpc_chip_43xx/src/ssp_18xx_43xx.o
Chip_SSP_RWFrames_Blocking                        out/libs/lpc_chip_43xx/src/ssp_18xx_43xx.o
Chip_SSP_ReadFrames_Blocking                      out/libs/lpc_chip_43xx/src/ssp_18xx_43xx.o
Chip_SSP_SetBitRate                               out/libs/lpc_chip_43xx/src/ssp_18xx_43xx.o
Chip_SSP_SetClockRate                             out/libs/lpc_chip_43xx/src/ssp_18xx_43xx.o
Chip_SSP_SetMaster                                out/libs/lpc_chip_43xx/src/ssp_18xx_43xx.o
Chip_SSP_WriteFrames_Blocking                     out/libs/lpc_chip_43xx/src/ssp_18xx_43xx.o
Chip_SetupCoreClock                               out/libs/lpc_chip_43xx/src/sysinit_18xx_43xx.o
                                                  out/libs/lpc_board_ciaa_edu_4337/src/board_sysinit.o
Chip_SetupIrcClocking                             out/libs/lpc_chip_43xx/src/sysinit_18xx_43xx.o
Chip_SetupXtalClocking                            out/libs/lpc_chip_43xx/src/sysinit_18xx_43xx.o
Chip_SystemInit                                   out/libs/lpc_chip_43xx/src/sysinit_18xx_43xx.o
Chip_TIMER_DeInit                                 out/libs/lpc_chip_43xx/src/timer_18xx_43xx.o
                                                  out/libs/sapi/src/sapi_timer.o
Chip_TIMER_ExtMatchControlSet                     out/libs/lpc_chip_43xx/src/timer_18xx_43xx.o
Chip_TIMER_Init                                   out/libs/lpc_chip_43xx/src/timer_18xx_43xx.o
                                                  out/libs/sapi/src/sapi_timer.o
                                                  out/libs/lpc_chip_43xx/src/stopwatch_18xx_43xx.o
Chip_TIMER_Reset                                  out/libs/lpc_chip_43xx/src/timer_18xx_43xx.o
                                                  out/libs/sapi/src/sapi_timer.o
Chip_UART_ABCmd                                   out/libs/lpc_chip_43xx/src/uart_18xx_43xx.o
Chip_UART_CheckBusy                               out/libs/lpc_chip_43xx/src/uart_18xx_43xx.o
Chip_UART_DeInit                                  out/libs/lpc_chip_43xx/src/uart_18xx_43xx.o
Chip_UART_GetABEOStatus                           out/libs/lpc_chip_43xx/src/uart_18xx_43xx.o
Chip_UART_IRQRBHandler                            out/libs/lpc_chip_43xx/src/uart_18xx_43xx.o
Chip_UART_Init                                    out/libs/lpc_chip_43xx/src/uart_18xx_43xx.o
                                                  out/libs/sapi/src/sapi_uart.o
                                                  out/libs/lpc_board_ciaa_edu_4337/src/board.o
Chip_UART_RXIntHandlerRB                          out/libs/lpc_chip_43xx/src/uart_18xx_43xx.o
Chip_UART_Read                                    out/libs/lpc_chip_43xx/src/uart_18xx_43xx.o
Chip_UART_ReadBlocking                            out/libs/lpc_chip_43xx/src/uart_18xx_43xx.o
Chip_UART_ReadRB                                  out/libs/lpc_chip_43xx/src/uart_18xx_43xx.o
Chip_UART_Send                                    out/libs/lpc_chip_43xx/src/uart_18xx_43xx.o
Chip_UART_SendBlocking                            out/libs/lpc_chip_43xx/src/uart_18xx_43xx.o
Chip_UART_SendRB                                  out/libs/lpc_chip_43xx/src/uart_18xx_43xx.o
Chip_UART_SetBaud                                 out/libs/lpc_chip_43xx/src/uart_18xx_43xx.o
                                                  out/libs/sapi/src/sapi_uart.o
Chip_UART_SetBaudFDR                              out/libs/lpc_chip_43xx/src/uart_18xx_43xx.o
                                                  out/libs/lpc_board_ciaa_edu_4337/src/board.o
Chip_UART_TXIntHandlerRB                          out/libs/lpc_chip_43xx/src/uart_18xx_43xx.o
Chip_USB0_Init                                    out/libs/lpc_chip_43xx/src/chip_18xx_43xx.o
Chip_USB1_Init                                    out/libs/lpc_chip_43xx/src/chip_18xx_43xx.o
Chip_WWDT_ClearStatusFlag                         out/libs/lpc_chip_43xx/src/wwdt_18xx_43xx.o
Chip_WWDT_DeInit                                  out/libs/lpc_chip_43xx/src/wwdt_18xx_43xx.o
Chip_WWDT_Init                                    out/libs/lpc_chip_43xx/src/wwdt_18xx_43xx.o
DAC_IRQHandler                                    out/libs/lpc_board_ciaa_edu_4337/src/cr_startup_lpc43xx.o
DMA_IRQHandler                                    out/libs/lpc_board_ciaa_edu_4337/src/cr_startup_lpc43xx.o