Archive member included to satisfy reference by file (symbol)

/tmp/.mount_fuqaDC/bin/../lib/gcc/arm-none-eabi/6.3.1/thumb/v7e-m/fpv4-sp/hard/libgcc.a(_aeabi_uldivmod.o)
                              out/libs/lpc_chip_43xx/src/uart_18xx_43xx.o (__aeabi_uldivmod)
/tmp/.mount_fuqaDC/bin/../lib/gcc/arm-none-eabi/6.3.1/thumb/v7e-m/fpv4-sp/hard/libgcc.a(_udivmoddi4.o)
                              /tmp/.mount_fuqaDC/bin/../lib/gcc/arm-none-eabi/6.3.1/thumb/v7e-m/fpv4-sp/hard/libgcc.a(_aeabi_uldivmod.o) (__udivmoddi4)
/tmp/.mount_fuqaDC/bin/../lib/gcc/arm-none-eabi/6.3.1/thumb/v7e-m/fpv4-sp/hard/libgcc.a(_dvmd_tls.o)
                              /tmp/.mount_fuqaDC/bin/../lib/gcc/arm-none-eabi/6.3.1/thumb/v7e-m/fpv4-sp/hard/libgcc.a(_aeabi_uldivmod.o) (__aeabi_ldiv0)
/tmp/.mount_fuqaDC/bin/../lib/gcc/arm-none-eabi/6.3.1/../../../../arm-none-eabi/lib/thumb/v7e-m/fpv4-sp/hard/libc_nano.a(lib_a-memcpy-stub.o)
                              out/libs/lpc_chip_43xx/src/ring_buffer.o (memcpy)
/tmp/.mount_fuqaDC/bin/../lib/gcc/arm-none-eabi/6.3.1/../../../../arm-none-eabi/lib/thumb/v7e-m/fpv4-sp/hard/libc_nano.a(lib_a-memset.o)
                              out/libs/lpc_chip_43xx/src/clock_18xx_43xx.o (memset)

Allocating common symbols
Common symbol       size              file

SystemCoreClock     0x4               out/libs/lpc_chip_43xx/src/chip_18xx_43xx.o
tickCounter         0x8               out/libs/sapi/src/sapi_tick.o
tickRateMS          0x8               out/libs/sapi/src/sapi_tick.o

Discarded input sections

 .group         0x0000000000000000        0x8 out/app/src/snap_es.o
 .group         0x0000000000000000        0x8 out/app/src/snap_es.o
 .group         0x0000000000000000        0x8 out/app/src/snap_es.o
 .group         0x0000000000000000        0x8 out/app/src/snap_es.o
 .group         0x0000000000000000        0x8 out/app/src/snap_es.o
 .group         0x0000000000000000        0x8 out/app/src/snap_es.o
 .group         0x0000000000000000        0x8 out/app/src/snap_es.o
 .group         0x0000000000000000        0x8 out/app/src/snap_es.o
 .group         0x0000000000000000        0x8 out/app/src/snap_es.o
 .group         0x0000000000000000        0x8 out/app/src/snap_es.o
 .group         0x0000000000000000        0x8 out/app/src/snap_es.o
 .group         0x0000000000000000        0x8 out/app/src/snap_es.o
 .group         0x0000000000000000        0x8 out/app/src/snap_es.o
 .group         0x0000000000000000        0x8 out/app/src/snap_es.o
 .group         0x0000000000000000        0x8 out/app/src/snap_es.o
 .group         0x0000000000000000        0x8 out/app/src/snap_es.o
 .group         0x0000000000000000        0x8 out/app/src/snap_es.o
 .group         0x0000000000000000        0x8 out/app/src/snap_es.o
 .group         0x0000000000000000        0x8 out/app/src/snap_es.o
 .group         0x0000000000000000        0x8 out/app/src/snap_es.o
 .group         0x0000000000000000        0x8 out/app/src/snap_es.o
 .group         0x0000000000000000        0x8 out/app/src/snap_es.o
 .group         0x0000000000000000        0x8 out/app/src/snap_es.o
 .group         0x0000000000000000        0x8 out/app/src/snap_es.o
 .group         0x0000000000000000        0x8 out/app/src/snap_es.o
 .group         0x0000000000000000        0x8 out/app/src/snap_es.o
 .group         0x0000000000000000        0x8 out/app/src/snap_es.o
 .group         0x0000000000000000        0x8 out/app/src/snap_es.o
 .group         0x0000000000000000        0x8 out/app/src/snap_es.o
 .group         0x0000000000000000        0x8 out/app/src/snap_es.o
 .group         0x0000000000000000        0x8 out/app/src/snap_es.o
 .group         0x0000000000000000        0x8 out/app/src/snap_es.o
 .group         0x0000000000000000        0x8 out/app/src/snap_es.o
 .group         0x0000000000000000        0x8 out/app/src/snap_es.o
 .group         0x0000000000000000        0x8 out/app/src/snap_es.o
 .group         0x0000000000000000        0x8 out/app/src/snap_es.o
 .group         0x0000000000000000        0x8 out/app/src/snap_es.o
 .group         0x0000000000000000        0x8 out/app/src/snap_es.o
 .group         0x0000000000000000        0x8 out/app/src/snap_es.o
 .group         0x0000000000000000        0x8 out/app/src/snap_es.o
 .group         0x0000000000000000        0x8 out/app/src/snap_es.o
 .group         0x0000000000000000        0x8 out/app/src/snap_es.o
 .group         0x0000000000000000        0x8 out/app/src/snap_es.o
 .group         0x0000000000000000        0x8 out/app/src/snap_es.o
 .group         0x0000000000000000        0x8 out/app/src/snap_es.o
 .group         0x0000000000000000        0x8 out/app/src/snap_es.o
 .group         0x0000000000000000        0x8 out/app/src/snap_es.o
 .group         0x0000000000000000        0x8 out/app/src/snap_es.o
 .group         0x0000000000000000        0x8 out/app/src/snap_es.o
 .group         0x0000000000000000        0x8 out/app/src/snap_es.o
 .group         0x0000000000000000        0x8 out/app/src/snap_es.o
[...]
Memory Configuration

Name             Origin             Length             Attributes
MFlashA512       0x000000001a000000 0x0000000000080000 xr
MFlashB512       0x000000001b000000 0x0000000000080000 xr
RamLoc32         0x0000000010000000 0x0000000000008000 xrw
RamLoc40         0x0000000010080000 0x000000000000a000 xrw
RamAHB32         0x0000000020000000 0x0000000000008000 xrw
RamAHB16         0x0000000020008000 0x0000000000004000 xrw
RamAHB_ETB16     0x000000002000c000 0x0000000000004000 xrw
*default*        0x0000000000000000 0xffffffffffffffff

Linker script and memory map

LOAD out/app/src/snap_es.o
LOAD out/libs/lpc_chip_43xx/src/gpiogroup_18xx_43xx.o
LOAD out/libs/lpc_chip_43xx/src/dac_18xx_43xx.o
LOAD out/libs/lpc_chip_43xx/src/lcd_18xx_43xx.o
LOAD out/libs/lpc_chip_43xx/src/uart_18xx_43xx.o
LOAD out/libs/lpc_chip_43xx/src/adc_18xx_43xx.o
LOAD out/libs/lpc_chip_43xx/src/stopwatch_18xx_43xx.o
LOAD out/libs/lpc_chip_43xx/src/chip_18xx_43xx.o
LOAD out/libs/lpc_chip_43xx/src/pmc_18xx_43xx.o
LOAD out/libs/lpc_chip_43xx/src/clock_18xx_43xx.o
LOAD out/libs/lpc_chip_43xx/src/aes_18xx_43xx.o
LOAD out/libs/lpc_chip_43xx/src/atimer_18xx_43xx.o
LOAD out/libs/lpc_chip_43xx/src/sdif_18xx_43xx.o
LOAD out/libs/lpc_chip_43xx/src/i2s_18xx_43xx.o
LOAD out/libs/lpc_chip_43xx/src/iap_18xx_43xx.o
LOAD out/libs/lpc_chip_43xx/src/wwdt_18xx_43xx.o
LOAD out/libs/lpc_chip_43xx/src/timer_18xx_43xx.o
LOAD out/libs/lpc_chip_43xx/src/ring_buffer.o
LOAD out/libs/lpc_chip_43xx/src/i2cm_18xx_43xx.o
LOAD out/libs/lpc_chip_43xx/src/pinint_18xx_43xx.o
LOAD out/libs/lpc_chip_43xx/src/fpu_init.o
LOAD out/libs/lpc_chip_43xx/src/rtc_18xx_43xx.o
LOAD out/libs/lpc_chip_43xx/src/sct_18xx_43xx.o
LOAD out/libs/lpc_chip_43xx/src/emc_18xx_43xx.o
LOAD out/libs/lpc_chip_43xx/src/eeprom_18xx_43xx.o
LOAD out/libs/lpc_chip_43xx/src/ritimer_18xx_43xx.o
LOAD out/libs/lpc_chip_43xx/src/sdmmc_18xx_43xx.o
LOAD out/libs/lpc_chip_43xx/src/sdio_18xx_43xx.o
LOAD out/libs/lpc_chip_43xx/src/otp_18xx_43xx.o
LOAD out/libs/lpc_chip_43xx/src/spi_18xx_43xx.o
LOAD out/libs/lpc_chip_43xx/src/gpio_18xx_43xx.o
LOAD out/libs/lpc_chip_43xx/src/hsadc_18xx_43xx.o
LOAD out/libs/lpc_chip_43xx/src/sysinit_18xx_43xx.o
LOAD out/libs/lpc_chip_43xx/src/gpdma_18xx_43xx.o
LOAD out/libs/lpc_chip_43xx/src/ccan_18xx_43xx.o
LOAD out/libs/lpc_chip_43xx/src/evrt_18xx_43xx.o
LOAD out/libs/lpc_chip_43xx/src/sct_pwm_18xx_43xx.o
LOAD out/libs/lpc_chip_43xx/src/enet_18xx_43xx.o
LOAD out/libs/lpc_chip_43xx/src/ssp_18xx_43xx.o
LOAD out/libs/lpc_chip_43xx/src/i2c_18xx_43xx.o
LOAD out/libs/lpc_board_ciaa_edu_4337/src/board.o
LOAD out/libs/lpc_board_ciaa_edu_4337/src/crp.o
LOAD out/libs/lpc_board_ciaa_edu_4337/src/system.o
LOAD out/libs/lpc_board_ciaa_edu_4337/src/cr_startup_lpc43xx.o
LOAD out/libs/lpc_board_ciaa_edu_4337/src/sysinit.o
LOAD out/libs/lpc_board_ciaa_edu_4337/src/board_sysinit.o
LOAD out/libs/sapi/src/sapi_keypad.o
LOAD out/libs/sapi/src/sapi_dac.o
LOAD out/libs/sapi/src/sapi_hmc5883l.o
LOAD out/libs/sapi/src/sapi_sleep.o
LOAD out/libs/sapi/src/sapi_uart.o
LOAD out/libs/sapi/src/sapi_servo.o
LOAD out/libs/sapi/src/sapi_spi.o
LOAD out/libs/sapi/src/sapi_datatypes.o
LOAD out/libs/sapi/src/sapi_7_segment_display.o
LOAD out/libs/sapi/src/sapi_pwm.o
LOAD out/libs/sapi/src/sapi_delay.o
LOAD out/libs/sapi/src/sapi_rtc.o
LOAD out/libs/sapi/src/sapi_tick.o
LOAD out/libs/sapi/src/sapi_i2c.o
LOAD out/libs/sapi/src/sapi_timer.o
LOAD out/libs/sapi/src/sapi_adc.o
LOAD out/libs/sapi/src/sapi_board.o
LOAD out/libs/sapi/src/sapi_sct.o
LOAD out/libs/sapi/src/sapi_gpio.o
START GROUP
LOAD /tmp/.mount_fuqaDC/bin/../lib/gcc/arm-none-eabi/6.3.1/thumb/v7e-m/fpv4-sp/hard/libgcc.a
LOAD /tmp/.mount_fuqaDC/bin/../lib/gcc/arm-none-eabi/6.3.1/../../../../arm-none-eabi/lib/thumb/v7e-m/fpv4-sp/hard/libc_nano.a
END GROUP
START GROUP
LOAD /tmp/.mount_fuqaDC/bin/../lib/gcc/arm-none-eabi/6.3.1/thumb/v7e-m/fpv4-sp/hard/libgcc.a
LOAD /tmp/.mount_fuqaDC/bin/../lib/gcc/arm-none-eabi/6.3.1/../../../../arm-none-eabi/lib/thumb/v7e-m/fpv4-sp/hard/libc_nano.a
END GROUP
START GROUP
LOAD /tmp/.mount_fuqaDC/bin/../lib/gcc/arm-none-eabi/6.3.1/thumb/v7e-m/fpv4-sp/hard/libgcc.a
LOAD /tmp/.mount_fuqaDC/bin/../lib/gcc/arm-none-eabi/6.3.1/../../../../arm-none-eabi/lib/thumb/v7e-m/fpv4-sp/hard/libc.a
LOAD /tmp/.mount_fuqaDC/bin/../lib/gcc/arm-none-eabi/6.3.1/../../../../arm-none-eabi/lib/thumb/v7e-m/fpv4-sp/hard/libm.a
END GROUP
                0x000000001a080000                __top_MFlashA512 = 0x1a080000
                0x000000001b080000                __top_MFlashB512 = 0x1b080000
                0x0000000010008000                __top_RamLoc32 = 0x10008000
                0x000000001008a000                __top_RamLoc40 = 0x1008a000
                0x0000000020008000                __top_RamAHB32 = 0x20008000
                0x000000002000c000                __top_RamAHB16 = 0x2000c000
                0x0000000020010000                __top_RamAHB_ETB16 = 0x20010000

.text_Flash2    0x000000001b000000        0x0
 FILL mask 0xff
 *(.text_Flash2*)
 *(.text_MFlashB512*)
 *(.text.$Flash2*)
 *(.text.$MFlashB512*)
 *(.rodata.$Flash2*)
 *(.rodata.$MFlashB512*)

.text           0x000000001a000000     0x1834
 FILL mask 0xff
                0x000000001a000000                __vectors_start__ = ABSOLUTE (.)
 *(.isr_vector)
 .isr_vector    0x000000001a000000      0x114 out/libs/lpc_board_ciaa_edu_4337/src/cr_startup_lpc43xx.o
                0x000000001a000000                g_pfnVectors
                0x000000001a000114                . = ALIGN (0x4)
                0x000000001a000114                __section_table_start = .
                0x000000001a000114                __data_section_table = .
                0x000000001a000114        0x4 LONG 0x1a00183c LOADADDR (.data)
                0x000000001a000118        0x4 LONG 0x10000000 ADDR (.data)
                0x000000001a00011c        0x4 LONG 0x44 SIZEOF (.data)
                0x000000001a000120        0x4 LONG 0x1a00183c LOADADDR (.data_RAM2)
                0x000000001a000124        0x4 LONG 0x10080000 ADDR (.data_RAM2)
                0x000000001a000128        0x4 LONG 0x0 SIZEOF (.data_RAM2)
                0x000000001a00012c        0x4 LONG 0x1a00183c LOADADDR (.data_RAM3)
                0x000000001a000130        0x4 LONG 0x20000000 ADDR (.data_RAM3)
                0x000000001a000134        0x4 LONG 0x0 SIZEOF (.data_RAM3)
                0x000000001a000138        0x4 LONG 0x1a00183c LOADADDR (.data_RAM4)
                0x000000001a00013c        0x4 LONG 0x20008000 ADDR (.data_RAM4)
                0x000000001a000140        0x4 LONG 0x0 SIZEOF (.data_RAM4)
                0x000000001a000144        0x4 LONG 0x1a00183c LOADADDR (.data_RAM5)
                0x000000001a000148        0x4 LONG 0x2000c000 ADDR (.data_RAM5)
                0x000000001a00014c        0x4 LONG 0x0 SIZEOF (.data_RAM5)
                0x000000001a000150                __data_section_table_end = .
                0x000000001a000150                __bss_section_table = .
                0x000000001a000150        0x4 LONG 0x10000048 ADDR (.bss)
                0x000000001a000154        0x4 LONG 0x20 SIZEOF (.bss)
                0x000000001a000158        0x4 LONG 0x10080000 ADDR (.bss_RAM2)
                0x000000001a00015c        0x4 LONG 0x0 SIZEOF (.bss_RAM2)
                0x000000001a000160        0x4 LONG 0x20000000 ADDR (.bss_RAM3)
                0x000000001a000164        0x4 LONG 0x0 SIZEOF (.bss_RAM3)
                0x000000001a000168        0x4 LONG 0x20008000 ADDR (.bss_RAM4)
                0x000000001a00016c        0x4 LONG 0x0 SIZEOF (.bss_RAM4)
                0x000000001a000170        0x4 LONG 0x2000c000 ADDR (.bss_RAM5)
                0x000000001a000174        0x4 LONG 0x0 SIZEOF (.bss_RAM5)
                0x000000001a000178                __bss_section_table_end = .
                0x000000001a000178                __section_table_end = .
 *(.after_vectors*)
 .after_vectors
                0x000000001a000178       0x44 out/libs/lpc_board_ciaa_edu_4337/src/cr_startup_lpc43xx.o
                0x000000001a000178                NMI_Handler
                0x000000001a00017a                HardFault_Handler
                0x000000001a00017c                MemManage_Handler
                0x000000001a00017e                BusFault_Handler
                0x000000001a000180                UsageFault_Handler
                0x000000001a000182                SVC_Handler
                0x000000001a000184                DebugMon_Handler
                0x000000001a000186                PendSV_Handler
                0x000000001a00018a                RIT_IRQHandler
                0x000000001a00018a                ADCHS_IRQHandler
                0x000000001a00018a                FLASH_EEPROM_IRQHandler
                0x000000001a00018a                I2C0_IRQHandler
                0x000000001a00018a                SDIO_IRQHandler
                0x000000001a00018a                ATIMER_IRQHandler
                0x000000001a00018a                I2C1_IRQHandler
                0x000000001a00018a                UART1_IRQHandler
                0x000000001a00018a                GPIO5_IRQHandler
                0x000000001a00018a                CAN1_IRQHandler
                0x000000001a00018a                USB1_IRQHandler
                0x000000001a00018a                I2S0_IRQHandler
                0x000000001a00018a                SGPIO_IRQHandler
                0x000000001a00018a                ADC0_IRQHandler
                0x000000001a00018a                GPIO6_IRQHandler
                0x000000001a00018a                IntDefaultHandler
                0x000000001a00018a                GPIO1_IRQHandler
                0x000000001a00018a                SSP0_IRQHandler
                0x000000001a00018a                ADC1_IRQHandler
                0x000000001a00018a                RTC_IRQHandler
                0x000000001a00018a                SPI_IRQHandler
                0x000000001a00018a                LCD_IRQHandler
                0x000000001a00018a                GPIO2_IRQHandler
                0x000000001a00018a                I2S1_IRQHandler
                0x000000001a00018a                SSP1_IRQHandler
                0x000000001a00018a                USB0_IRQHandler
                0x000000001a00018a                GPIO3_IRQHandler
                0x000000001a00018a                SCT_IRQHandler
                0x000000001a00018a                WDT_IRQHandler
                0x000000001a00018a                GPIO7_IRQHandler
                0x000000001a00018a                SPIFI_IRQHandler
                0x000000001a00018a                QEI_IRQHandler
                0x000000001a00018a                ETH_IRQHandler
                0x000000001a00018a                CAN0_IRQHandler
                0x000000001a00018a                GINT0_IRQHandler
                0x000000001a00018a                DAC_IRQHandler
                0x000000001a00018a                M0SUB_IRQHandler
                0x000000001a00018a                GPIO0_IRQHandler
                0x000000001a00018a                DMA_IRQHandler
                0x000000001a00018a                EVRT_IRQHandler
                0x000000001a00018a                MCPWM_IRQHandler
                0x000000001a00018a                M0APP_IRQHandler
                0x000000001a00018a                GINT1_IRQHandler
                0x000000001a00018a                GPIO4_IRQHandler
                0x000000001a00018c                data_init
                0x000000001a0001aa                bss_init
 .after_vectors
                0x000000001a0001bc        0x2 out/libs/sapi/src/sapi_uart.o
                0x000000001a0001bc                UART0_IRQHandler
                0x00000000000002fc                . = 0x2fc
 *fill*         0x000000001a0001be      0x13e ff
                0x000000001a0002fc                PROVIDE (__CRP_WORD_START__, .)
 *(.crp)
 .crp           0x000000001a0002fc        0x4 out/libs/lpc_board_ciaa_edu_4337/src/crp.o
                0x000000001a0002fc                CRP_WORD
                0x000000001a000300                PROVIDE (__CRP_WORD_END__, .)
                0x0000000000000001                ASSERT (! ((__CRP_WORD_START__ == __CRP_WORD_END__)), Linker CRP Enabled, but no CRP_WORD provided within application)
 *(.text*)
 .text.main     0x000000001a000300       0x2c out/app/src/snap_es.o
                0x000000001a000300                main
 .text.Chip_UART_GetIndex
                0x000000001a00032c       0x2c out/libs/lpc_chip_43xx/src/uart_18xx_43xx.o
 .text.Chip_UART_Init
                0x000000001a000358       0x54 out/libs/lpc_chip_43xx/src/uart_18xx_43xx.o
                0x000000001a000358                Chip_UART_Init
 .text.Chip_UART_SetBaudFDR
                0x000000001a0003ac       0xe8 out/libs/lpc_chip_43xx/src/uart_18xx_43xx.o
                0x000000001a0003ac                Chip_UART_SetBaudFDR
 .text.SystemCoreClockUpdate
                0x000000001a000494       0x14 out/libs/lpc_chip_43xx/src/chip_18xx_43xx.o
                0x000000001a000494                SystemCoreClockUpdate
 .text.pll_calc_divs
                0x000000001a0004a8       0xa0 out/libs/lpc_chip_43xx/src/clock_18xx_43xx.o
 .text.pll_get_frac
                0x000000001a000548      0x100 out/libs/lpc_chip_43xx/src/clock_18xx_43xx.o
 .text.Chip_Clock_FindBaseClock
                0x000000001a000648       0x4c out/libs/lpc_chip_43xx/src/clock_18xx_43xx.o
 .text.Chip_Clock_EnableCrystal
                0x000000001a000694       0x4c out/libs/lpc_chip_43xx/src/clock_18xx_43xx.o
                0x000000001a000694                Chip_Clock_EnableCrystal
 .text.Chip_Clock_GetDividerSource
                0x000000001a0006e0       0x1c out/libs/lpc_chip_43xx/src/clock_18xx_43xx.o
                0x000000001a0006e0                Chip_Clock_GetDividerSource
 .text.Chip_Clock_GetDividerDivisor
                0x000000001a0006fc       0x1c out/libs/lpc_chip_43xx/src/clock_18xx_43xx.o
                0x000000001a0006fc                Chip_Clock_GetDividerDivisor
 .text.Chip_Clock_GetClockInputHz
                0x000000001a000718       0xb8 out/libs/lpc_chip_43xx/src/clock_18xx_43xx.o
                0x000000001a000718                Chip_Clock_GetClockInputHz
 .text.Chip_Clock_CalcMainPLLValue
                0x000000001a0007d0       0x80 out/libs/lpc_chip_43xx/src/clock_18xx_43xx.o
                0x000000001a0007d0                Chip_Clock_CalcMainPLLValue
 .text.Chip_Clock_GetMainPLLHz
                0x000000001a000850       0x6c out/libs/lpc_chip_43xx/src/clock_18xx_43xx.o
                0x000000001a000850                Chip_Clock_GetMainPLLHz
 .text.Chip_Clock_GetDivRate
                0x000000001a0008bc       0x22 out/libs/lpc_chip_43xx/src/clock_18xx_43xx.o
 *fill*         0x000000001a0008de        0x2 ff
 .text.Chip_Clock_SetBaseClock
                0x000000001a0008e0       0x58 out/libs/lpc_chip_43xx/src/clock_18xx_43xx.o
                0x000000001a0008e0                Chip_Clock_SetBaseClock
 .text.Chip_Clock_GetBaseClock
                0x000000001a000938       0x26 out/libs/lpc_chip_43xx/src/clock_18xx_43xx.o
                0x000000001a000938                Chip_Clock_GetBaseClock
 .text.Chip_Clock_GetBaseClocktHz
                0x000000001a00095e        0xc out/libs/lpc_chip_43xx/src/clock_18xx_43xx.o
                0x000000001a00095e                Chip_Clock_GetBaseClocktHz
 *fill*         0x000000001a00096a        0x2 ff
 .text.Chip_Clock_EnableOpts
                0x000000001a00096c       0x3c out/libs/lpc_chip_43xx/src/clock_18xx_43xx.o
                0x000000001a00096c                Chip_Clock_EnableOpts
 .text.Chip_Clock_GetRate
                0x000000001a0009a8       0x4c out/libs/lpc_chip_43xx/src/clock_18xx_43xx.o
                0x000000001a0009a8                Chip_Clock_GetRate
 .text.fpuInit  0x000000001a0009f4       0x54 out/libs/lpc_chip_43xx/src/fpu_init.o
                0x000000001a0009f4                fpuInit
 .text.Chip_GPIO_Init
                0x000000001a000a48        0x2 out/libs/lpc_chip_43xx/src/gpio_18xx_43xx.o
                0x000000001a000a48                Chip_GPIO_Init
 .text.Chip_GPIO_SetDir
                0x000000001a000a4a       0x24 out/libs/lpc_chip_43xx/src/gpio_18xx_43xx.o
                0x000000001a000a4a                Chip_GPIO_SetDir
 *fill*         0x000000001a000a6e        0x2 ff
 .text.Chip_SetupCoreClock
                0x000000001a000a70      0x158 out/libs/lpc_chip_43xx/src/sysinit_18xx_43xx.o
                0x000000001a000a70                Chip_SetupCoreClock
 .text.Board_LED_Init
                0x000000001a000bc8       0x44 out/libs/lpc_board_ciaa_edu_4337/src/board.o
 .text.Board_UART_Init
                0x000000001a000c0c       0x14 out/libs/lpc_board_ciaa_edu_4337/src/board.o
                0x000000001a000c0c                Board_UART_Init
 .text.Board_Debug_Init
                0x000000001a000c20       0x28 out/libs/lpc_board_ciaa_edu_4337/src/board.o
                0x000000001a000c20                Board_Debug_Init
 .text.Board_Init
                0x000000001a000c48       0x28 out/libs/lpc_board_ciaa_edu_4337/src/board.o
                0x000000001a000c48                Board_Init
 .text.ResetISR
                0x000000001a000c70       0x7c out/libs/lpc_board_ciaa_edu_4337/src/cr_startup_lpc43xx.o
                0x000000001a000c70                ResetISR
 .text.SystemInit
                0x000000001a000cec        0xc out/libs/lpc_board_ciaa_edu_4337/src/sysinit.o
                0x000000001a000cec                SystemInit
 .text.Board_SetupMuxing
                0x000000001a000cf8       0x38 out/libs/lpc_board_ciaa_edu_4337/src/board_sysinit.o
                0x000000001a000cf8                Board_SetupMuxing
 .text.Board_SetupClocking
                0x000000001a000d30       0x6c out/libs/lpc_board_ciaa_edu_4337/src/board_sysinit.o
                0x000000001a000d30                Board_SetupClocking
 .text.Board_SystemInit
                0x000000001a000d9c        0xc out/libs/lpc_board_ciaa_edu_4337/src/board_sysinit.o
                0x000000001a000d9c                Board_SystemInit
 .text.UART2_IRQHandler
                0x000000001a000da8        0x2 out/libs/sapi/src/sapi_uart.o
                0x000000001a000da8                UART2_IRQHandler
 .text.UART3_IRQHandler
                0x000000001a000daa        0x2 out/libs/sapi/src/sapi_uart.o
                0x000000001a000daa                UART3_IRQHandler
 .text.sAPI_NullFuncPtr
                0x000000001a000dac        0x4 out/libs/sapi/src/sapi_datatypes.o
                0x000000001a000dac                sAPI_NullFuncPtr
 .text.delay    0x000000001a000db0       0x38 out/libs/sapi/src/sapi_delay.o
                0x000000001a000db0                delay
 .text.tickConfig
                0x000000001a000de8       0x78 out/libs/sapi/src/sapi_tick.o
                0x000000001a000de8                tickConfig
 .text.tickRead
                0x000000001a000e60        0xc out/libs/sapi/src/sapi_tick.o
                0x000000001a000e60                tickRead
 .text.SysTick_Handler
                0x000000001a000e6c       0x24 out/libs/sapi/src/sapi_tick.o
                0x000000001a000e6c                SysTick_Handler
 .text.errorOcurred
                0x000000001a000e90        0x2 out/libs/sapi/src/sapi_timer.o
 .text.doNothing
                0x000000001a000e92        0x2 out/libs/sapi/src/sapi_timer.o
 .text.TIMER0_IRQHandler
                0x000000001a000e94       0x40 out/libs/sapi/src/sapi_timer.o
                0x000000001a000e94                TIMER0_IRQHandler
 .text.TIMER1_IRQHandler
                0x000000001a000ed4       0x40 out/libs/sapi/src/sapi_timer.o
                0x000000001a000ed4                TIMER1_IRQHandler
 .text.TIMER2_IRQHandler
                0x000000001a000f14       0x44 out/libs/sapi/src/sapi_timer.o
                0x000000001a000f14                TIMER2_IRQHandler
 .text.TIMER3_IRQHandler
                0x000000001a000f58       0x44 out/libs/sapi/src/sapi_timer.o
                0x000000001a000f58                TIMER3_IRQHandler
 .text.boardConfig
                0x000000001a000f9c       0xee out/libs/sapi/src/sapi_board.o
                0x000000001a000f9c                boardConfig
 *fill*         0x000000001a00108a        0x2 ff
 .text.gpioObtainPinConfig
                0x000000001a00108c       0x34 out/libs/sapi/src/sapi_gpio.o
 .text.gpioConfig
                0x000000001a0010c0      0x174 out/libs/sapi/src/sapi_gpio.o
                0x000000001a0010c0                gpioConfig
 .text.gpioWrite
                0x000000001a001234       0x56 out/libs/sapi/src/sapi_gpio.o
                0x000000001a001234                gpioWrite
 *fill*         0x000000001a00128a        0x2 ff
 .text          0x000000001a00128c       0x30 /tmp/.mount_fuqaDC/bin/../lib/gcc/arm-none-eabi/6.3.1/thumb/v7e-m/fpv4-sp/hard/libgcc.a(_aeabi_uldivmod.o)
                0x000000001a00128c                __aeabi_uldivmod
 .text          0x000000001a0012bc      0x2dc /tmp/.mount_fuqaDC/bin/../lib/gcc/arm-none-eabi/6.3.1/thumb/v7e-m/fpv4-sp/hard/libgcc.a(_udivmoddi4.o)
                0x000000001a0012bc                __udivmoddi4
 .text          0x000000001a001598        0x4 /tmp/.mount_fuqaDC/bin/../lib/gcc/arm-none-eabi/6.3.1/thumb/v7e-m/fpv4-sp/hard/libgcc.a(_dvmd_tls.o)
                0x000000001a001598                __aeabi_ldiv0
                0x000000001a001598                __aeabi_idiv0
 .text.memset   0x000000001a00159c       0x10 /tmp/.mount_fuqaDC/bin/../lib/gcc/arm-none-eabi/6.3.1/../../../../arm-none-eabi/lib/thumb/v7e-m/fpv4-sp/hard/libc_nano.a(lib_a-memset.o)
                0x000000001a00159c                memset
 *(.rodata .rodata.* .constdata .constdata.*)
 .rodata.UART_BClock
                0x000000001a0015ac        0x8 out/libs/lpc_chip_43xx/src/uart_18xx_43xx.o
 .rodata.UART_PClock
                0x000000001a0015b4        0x8 out/libs/lpc_chip_43xx/src/uart_18xx_43xx.o
 .rodata        0x000000001a0015bc        0x4 out/libs/lpc_chip_43xx/src/clock_18xx_43xx.o
 .rodata.Chip_Clock_SetDivider.str1.4
                0x000000001a0015c0        0x8 out/libs/lpc_chip_43xx/src/clock_18xx_43xx.o
                                          0x6 (size before relaxing)
 .rodata.periph_to_base
                0x000000001a0015c8       0x6c out/libs/lpc_chip_43xx/src/clock_18xx_43xx.o
 .rodata.InitClkStates
                0x000000001a001634       0x48 out/libs/lpc_chip_43xx/src/sysinit_18xx_43xx.o
 .rodata.ExtRateIn
                0x000000001a00167c        0x4 out/libs/lpc_board_ciaa_edu_4337/src/board.o
                0x000000001a00167c                ExtRateIn
 .rodata.OscRateIn
                0x000000001a001680        0x4 out/libs/lpc_board_ciaa_edu_4337/src/board.o
                0x000000001a001680                OscRateIn
 .rodata.gpioLEDBits
                0x000000001a001684        0xc out/libs/lpc_board_ciaa_edu_4337/src/board.o
 .rodata.InitClkStates
                0x000000001a001690        0xc out/libs/lpc_board_ciaa_edu_4337/src/board_sysinit.o
 .rodata.pinmuxing
                0x000000001a00169c       0x60 out/libs/lpc_board_ciaa_edu_4337/src/board_sysinit.o
 .rodata.gpioPinsConfig
                0x000000001a0016fc      0x136 out/libs/sapi/src/sapi_gpio.o
                0x000000001a0016fc                gpioPinsConfig
                0x000000001a001834                . = ALIGN (0x4)
 *fill*         0x000000001a001832        0x2 ff

.glue_7         0x000000001a001834        0x0
 .glue_7        0x000000001a001834        0x0 linker stubs

.glue_7t        0x000000001a001834        0x0
 .glue_7t       0x000000001a001834        0x0 linker stubs

.vfp11_veneer   0x000000001a001834        0x0
 .vfp11_veneer  0x000000001a001834        0x0 linker stubs

.v4_bx          0x000000001a001834        0x0
 .v4_bx         0x000000001a001834        0x0 linker stubs

.iplt           0x000000001a001834        0x0
 .iplt          0x000000001a001834        0x0 out/app/src/snap_es.o

.ARM.extab
 *(.ARM.extab* .gnu.linkonce.armextab.*)
                0x000000001a001834                __exidx_start = .

.ARM.exidx      0x000000001a001834        0x8
 *(.ARM.exidx* .gnu.linkonce.armexidx.*)
 .ARM.exidx     0x000000001a001834        0x8 /tmp/.mount_fuqaDC/bin/../lib/gcc/arm-none-eabi/6.3.1/thumb/v7e-m/fpv4-sp/hard/libgcc.a(_udivmoddi4.o)
                0x000000001a00183c                __exidx_end = .
                0x000000001a00183c                _etext = .

.rel.dyn        0x000000001a00183c        0x0
 .rel.iplt      0x000000001a00183c        0x0 out/app/src/snap_es.o

.data_RAM2      0x0000000010080000        0x0 load address 0x000000001a00183c
 FILL mask 0xff
 *(.ramfunc.$RAM2)
 *(.ramfunc.$RamLoc40)
 *(.data.$RAM2*)
 *(.data.$RamLoc40*)
                0x0000000010080000                . = ALIGN (0x4)

.data_RAM3      0x0000000020000000        0x0 load address 0x000000001a00183c
 FILL mask 0xff
 *(.ramfunc.$RAM3)
 *(.ramfunc.$RamAHB32)
 *(.data.$RAM3*)
 *(.data.$RamAHB32*)
                0x0000000020000000                . = ALIGN (0x4)

.data_RAM4      0x0000000020008000        0x0 load address 0x000000001a00183c
 FILL mask 0xff
 *(.ramfunc.$RAM4)
 *(.ramfunc.$RamAHB16)
 *(.data.$RAM4*)
 *(.data.$RamAHB16*)
                0x0000000020008000                . = ALIGN (0x4)

.data_RAM5      0x000000002000c000        0x0 load address 0x000000001a00183c
 FILL mask 0xff
 *(.ramfunc.$RAM5)
 *(.ramfunc.$RamAHB_ETB16)
 *(.data.$RAM5*)
 *(.data.$RamAHB_ETB16*)
                0x000000002000c000                . = ALIGN (0x4)

.uninit_RESERVED
                0x0000000010000000        0x0
 *(.bss.$RESERVED*)
                0x0000000010000000                . = ALIGN (0x4)
                0x0000000010000000                _end_uninit_RESERVED = .

.data           0x0000000010000000       0x44 load address 0x000000001a00183c
 FILL mask 0xff
                0x0000000010000000                _data = .
 *(vtable)
 *(.ramfunc*)
 *(.data*)
 .data.tickHookFunction
                0x0000000010000000        0x4 out/libs/sapi/src/sapi_tick.o
                0x0000000010000000                tickHookFunction
 .data.timer_dd
                0x0000000010000004       0x40 out/libs/sapi/src/sapi_timer.o
                0x0000000010000044                . = ALIGN (0x4)
                0x0000000010000044                _edata = .

.igot.plt       0x0000000010000044        0x0 load address 0x000000001a001880
 .igot.plt      0x0000000010000044        0x0 out/app/src/snap_es.o

.bss_RAM2       0x0000000010080000        0x0
 *(.bss.$RAM2*)
 *(.bss.$RamLoc40*)
                0x0000000010080000                . = ALIGN (0x4)

.bss_RAM3       0x0000000020000000        0x0
 *(.bss.$RAM3*)
 *(.bss.$RamAHB32*)
                0x0000000020000000                . = ALIGN (0x4)

.bss_RAM4       0x0000000020008000        0x0
 *(.bss.$RAM4*)
 *(.bss.$RamAHB16*)
                0x0000000020008000                . = ALIGN (0x4)

.bss_RAM5       0x000000002000c000        0x0
 *(.bss.$RAM5*)
 *(.bss.$RamAHB_ETB16*)
                0x000000002000c000                . = ALIGN (0x4)

.bss            0x0000000010000048       0x20
                0x0000000010000048                _bss = .
 *(.bss*)
 .bss.audio_usb_pll_freq
                0x0000000010000048        0x8 out/libs/lpc_chip_43xx/src/clock_18xx_43xx.o
 *(COMMON)
 COMMON         0x0000000010000050        0x4 out/libs/lpc_chip_43xx/src/chip_18xx_43xx.o
                0x0000000010000050                SystemCoreClock
 *fill*         0x0000000010000054        0x4 
 COMMON         0x0000000010000058       0x10 out/libs/sapi/src/sapi_tick.o
                0x0000000010000058                tickCounter
                0x0000000010000060                tickRateMS
                0x0000000010000068                . = ALIGN (0x4)
                0x0000000010000068                _ebss = .
                [!provide]                        PROVIDE (end, .)

.noinit_RAM2    0x0000000010080000        0x0
 *(.noinit.$RAM2*)
 *(.noinit.$RamLoc40*)
                0x0000000010080000                . = ALIGN (0x4)

.noinit_RAM3    0x0000000020000000        0x0
 *(.noinit.$RAM3*)
 *(.noinit.$RamAHB32*)
                0x0000000020000000                . = ALIGN (0x4)

.noinit_RAM4    0x0000000020008000        0x0
 *(.noinit.$RAM4*)
 *(.noinit.$RamAHB16*)
                0x0000000020008000                . = ALIGN (0x4)

.noinit_RAM5    0x000000002000c000        0x0
 *(.noinit.$RAM5*)
 *(.noinit.$RamAHB_ETB16*)
                0x000000002000c000                . = ALIGN (0x4)

.noinit         0x0000000010000068        0x0
                0x0000000010000068                _noinit = .
 *(.noinit*)
                0x0000000010000068                . = ALIGN (0x4)
                0x0000000010000068                _end_noinit = .
                0x0000000010000068                PROVIDE (_pvHeapStart, .)
                0x0000000010008000                PROVIDE (_vStackTop, (__top_RamLoc32 - 0x0))
                0xffffffff53ff6c1e                PROVIDE (__valid_user_code_checksum, (0x0 - ((((((_vStackTop + (ResetISR + 0x1)) + (NMI_Handler + 0x1)) + (HardFault_Handler + 0x1)) + (DEFINED (MemManage_Handler)?MemManage_Handler:0x0 + 0x1)) + (DEFINED (BusFault_Handler)?BusFault_Handler:0x0 + 0x1)) + (DEFINED (UsageFault_Handler)?UsageFault_Handler:0x0 + 0x1))))
OUTPUT(out/c_estilo_snap.elf elf32-littlearm)

.debug_info     0x0000000000000000    0x11e02
 .debug_info    0x0000000000000000      0xe52 out/app/src/snap_es.o
 .debug_info    0x0000000000000e52     0x164c out/libs/lpc_chip_43xx/src/uart_18xx_43xx.o
 .debug_info    0x000000000000249e      0xc3b out/libs/lpc_chip_43xx/src/chip_18xx_43xx.o
 .debug_info    0x00000000000030d9     0x18e4 out/libs/lpc_chip_43xx/src/clock_18xx_43xx.o
 .debug_info    0x00000000000049bd      0x14c out/libs/lpc_chip_43xx/src/fpu_init.o
 .debug_info    0x0000000000004b09      0x4c8 out/libs/lpc_chip_43xx/src/gpio_18xx_43xx.o
 .debug_info    0x0000000000004fd1      0xb07 out/libs/lpc_chip_43xx/src/sysinit_18xx_43xx.o
 .debug_info    0x0000000000005ad8     0x212f out/libs/lpc_board_ciaa_edu_4337/src/board.o
 .debug_info    0x0000000000007c07       0x3f out/libs/lpc_board_ciaa_edu_4337/src/crp.o
 .debug_info    0x0000000000007c46      0x2ec out/libs/lpc_board_ciaa_edu_4337/src/cr_startup_lpc43xx.o
 .debug_info    0x0000000000007f32      0x95e out/libs/lpc_board_ciaa_edu_4337/src/sysinit.o
 .debug_info    0x0000000000008890     0x14b0 out/libs/lpc_board_ciaa_edu_4337/src/board_sysinit.o
 .debug_info    0x0000000000009d40     0x1454 out/libs/sapi/src/sapi_uart.o
 .debug_info    0x000000000000b194      0x950 out/libs/sapi/src/sapi_datatypes.o
 .debug_info    0x000000000000bae4      0xb1b out/libs/sapi/src/sapi_delay.o
 .debug_info    0x000000000000c5ff     0x1431 out/libs/sapi/src/sapi_tick.o
 .debug_info    0x000000000000da30     0x1c92 out/libs/sapi/src/sapi_timer.o
 .debug_info    0x000000000000f6c2      0xdc1 out/libs/sapi/src/sapi_board.o
 .debug_info    0x0000000000010483     0x197f out/libs/sapi/src/sapi_gpio.o

.debug_abbrev   0x0000000000000000     0x2cfb
 .debug_abbrev  0x0000000000000000      0x23c out/app/src/snap_es.o
 .debug_abbrev  0x000000000000023c      0x3b3 out/libs/lpc_chip_43xx/src/uart_18xx_43xx.o
 .debug_abbrev  0x00000000000005ef      0x1bf out/libs/lpc_chip_43xx/src/chip_18xx_43xx.o
 .debug_abbrev  0x00000000000007ae      0x36f out/libs/lpc_chip_43xx/src/clock_18xx_43xx.o
 .debug_abbrev  0x0000000000000b1d       0xa2 out/libs/lpc_chip_43xx/src/fpu_init.o
 .debug_abbrev  0x0000000000000bbf      0x172 out/libs/lpc_chip_43xx/src/gpio_18xx_43xx.o
 .debug_abbrev  0x0000000000000d31      0x20a out/libs/lpc_chip_43xx/src/sysinit_18xx_43xx.o
 .debug_abbrev  0x0000000000000f3b      0x3d6 out/libs/lpc_board_ciaa_edu_4337/src/board.o
 .debug_abbrev  0x0000000000001311       0x36 out/libs/lpc_board_ciaa_edu_4337/src/crp.o
 .debug_abbrev  0x0000000000001347      0x114 out/libs/lpc_board_ciaa_edu_4337/src/cr_startup_lpc43xx.o
 .debug_abbrev  0x000000000000145b      0x1de out/libs/lpc_board_ciaa_edu_4337/src/sysinit.o
 .debug_abbrev  0x0000000000001639      0x2f8 out/libs/lpc_board_ciaa_edu_4337/src/board_sysinit.o
 .debug_abbrev  0x0000000000001931      0x360 out/libs/sapi/src/sapi_uart.o
 .debug_abbrev  0x0000000000001c91      0x1c2 out/libs/sapi/src/sapi_datatypes.o
 .debug_abbrev  0x0000000000001e53      0x241 out/libs/sapi/src/sapi_delay.o
 .debug_abbrev  0x0000000000002094      0x301 out/libs/sapi/src/sapi_tick.o
 .debug_abbrev  0x0000000000002395      0x3cd out/libs/sapi/src/sapi_timer.o
 .debug_abbrev  0x0000000000002762      0x214 out/libs/sapi/src/sapi_board.o
 .debug_abbrev  0x0000000000002976      0x385 out/libs/sapi/src/sapi_gpio.o

.debug_aranges  0x0000000000000000      0x610
 .debug_aranges
                0x0000000000000000       0x20 out/app/src/snap_es.o
 .debug_aranges
                0x0000000000000020       0xa8 out/libs/lpc_chip_43xx/src/uart_18xx_43xx.o
 .debug_aranges
                0x00000000000000c8       0x38 out/libs/lpc_chip_43xx/src/chip_18xx_43xx.o
 .debug_aranges
                0x0000000000000100      0x128 out/libs/lpc_chip_43xx/src/clock_18xx_43xx.o
 .debug_aranges
                0x0000000000000228       0x20 out/libs/lpc_chip_43xx/src/fpu_init.o
 .debug_aranges
                0x0000000000000248       0x48 out/libs/lpc_chip_43xx/src/gpio_18xx_43xx.o
 .debug_aranges
                0x0000000000000290       0x38 out/libs/lpc_chip_43xx/src/sysinit_18xx_43xx.o
 .debug_aranges
                0x00000000000002c8       0x90 out/libs/lpc_board_ciaa_edu_4337/src/board.o
 .debug_aranges
                0x0000000000000358       0x18 out/libs/lpc_board_ciaa_edu_4337/src/crp.o
 .debug_aranges
                0x0000000000000370       0x80 out/libs/lpc_board_ciaa_edu_4337/src/cr_startup_lpc43xx.o
 .debug_aranges
                0x00000000000003f0       0x20 out/libs/lpc_board_ciaa_edu_4337/src/sysinit.o
 .debug_aranges
                0x0000000000000410       0x30 out/libs/lpc_board_ciaa_edu_4337/src/board_sysinit.o
 .debug_aranges
                0x0000000000000440       0x60 out/libs/sapi/src/sapi_uart.o
 .debug_aranges
                0x00000000000004a0       0x20 out/libs/sapi/src/sapi_datatypes.o
 .debug_aranges
                0x00000000000004c0       0x48 out/libs/sapi/src/sapi_delay.o
 .debug_aranges
                0x0000000000000508       0x38 out/libs/sapi/src/sapi_tick.o
 .debug_aranges
                0x0000000000000540       0x78 out/libs/sapi/src/sapi_timer.o
 .debug_aranges
                0x00000000000005b8       0x20 out/libs/sapi/src/sapi_board.o
 .debug_aranges
                0x00000000000005d8       0x38 out/libs/sapi/src/sapi_gpio.o

.debug_ranges   0x0000000000000000      0x598
 .debug_ranges  0x0000000000000000       0x10 out/app/src/snap_es.o
 .debug_ranges  0x0000000000000010       0xb0 out/libs/lpc_chip_43xx/src/uart_18xx_43xx.o
 .debug_ranges  0x00000000000000c0       0x28 out/libs/lpc_chip_43xx/src/chip_18xx_43xx.o
 .debug_ranges  0x00000000000000e8      0x190 out/libs/lpc_chip_43xx/src/clock_18xx_43xx.o
 .debug_ranges  0x0000000000000278       0x10 out/libs/lpc_chip_43xx/src/fpu_init.o
 .debug_ranges  0x0000000000000288       0x38 out/libs/lpc_chip_43xx/src/gpio_18xx_43xx.o
 .debug_ranges  0x00000000000002c0       0x28 out/libs/lpc_chip_43xx/src/sysinit_18xx_43xx.o
 .debug_ranges  0x00000000000002e8       0x80 out/libs/lpc_board_ciaa_edu_4337/src/board.o
 .debug_ranges  0x0000000000000368       0x70 out/libs/lpc_board_ciaa_edu_4337/src/cr_startup_lpc43xx.o
 .debug_ranges  0x00000000000003d8       0x10 out/libs/lpc_board_ciaa_edu_4337/src/sysinit.o
 .debug_ranges  0x00000000000003e8       0x38 out/libs/lpc_board_ciaa_edu_4337/src/board_sysinit.o
 .debug_ranges  0x0000000000000420       0x50 out/libs/sapi/src/sapi_uart.o
 .debug_ranges  0x0000000000000470       0x10 out/libs/sapi/src/sapi_datatypes.o
 .debug_ranges  0x0000000000000480       0x38 out/libs/sapi/src/sapi_delay.o
 .debug_ranges  0x00000000000004b8       0x28 out/libs/sapi/src/sapi_tick.o
 .debug_ranges  0x00000000000004e0       0x80 out/libs/sapi/src/sapi_timer.o
 .debug_ranges  0x0000000000000560       0x10 out/libs/sapi/src/sapi_board.o
 .debug_ranges  0x0000000000000570       0x28 out/libs/sapi/src/sapi_gpio.o

.debug_macro    0x0000000000000000     0x963e
 .debug_macro   0x0000000000000000      0x563 out/app/src/snap_es.o
 .debug_macro   0x0000000000000563      0x8b0 out/app/src/snap_es.o
 .debug_macro   0x0000000000000e13       0x22 out/app/src/snap_es.o
 .debug_macro   0x0000000000000e35       0x87 out/app/src/snap_es.o
 .debug_macro   0x0000000000000ebc       0x51 out/app/src/snap_es.o
 .debug_macro   0x0000000000000f0d       0xef out/app/src/snap_es.o
 .debug_macro   0x0000000000000ffc       0x6a out/app/src/snap_es.o
 .debug_macro   0x0000000000001066      0x1df out/app/src/snap_es.o
 .debug_macro   0x0000000000001245       0x10 out/app/src/snap_es.o
 .debug_macro   0x0000000000001255       0x22 out/app/src/snap_es.o
 .debug_macro   0x0000000000001277       0x66 out/app/src/snap_es.o
 .debug_macro   0x00000000000012dd       0x28 out/app/src/snap_es.o
 .debug_macro   0x0000000000001305       0x3b out/app/src/snap_es.o
 .debug_macro   0x0000000000001340       0x2d out/app/src/snap_es.o
 .debug_macro   0x000000000000136d       0x42 out/app/src/snap_es.o
 .debug_macro   0x00000000000013af      0xd39 out/app/src/snap_es.o
 .debug_macro   0x00000000000020e8      0x2bc out/app/src/snap_es.o
 .debug_macro   0x00000000000023a4      0x112 out/app/src/snap_es.o
 .debug_macro   0x00000000000024b6       0x11 out/app/src/snap_es.o
 .debug_macro   0x00000000000024c7       0x2a out/app/src/snap_es.o
 .debug_macro   0x00000000000024f1       0x16 out/app/src/snap_es.o
 .debug_macro   0x0000000000002507      0x2e6 out/app/src/snap_es.o
 .debug_macro   0x00000000000027ed       0x82 out/app/src/snap_es.o
 .debug_macro   0x000000000000286f      0x13d out/app/src/snap_es.o
 .debug_macro   0x00000000000029ac      0x198 out/app/src/snap_es.o
 .debug_macro   0x0000000000002b44       0x34 out/app/src/snap_es.o
 .debug_macro   0x0000000000002b78       0x58 out/app/src/snap_es.o
 .debug_macro   0x0000000000002bd0      0x236 out/app/src/snap_es.o
 .debug_macro   0x0000000000002e06      0x572 out/app/src/snap_es.o
 .debug_macro   0x0000000000003378       0x16 out/app/src/snap_es.o
 .debug_macro   0x000000000000338e      0x18a out/app/src/snap_es.o
 .debug_macro   0x0000000000003518       0x88 out/app/src/snap_es.o
 .debug_macro   0x00000000000035a0      0x1b9 out/app/src/snap_es.o
 .debug_macro   0x0000000000003759      0x1da out/app/src/snap_es.o
 .debug_macro   0x0000000000003933       0x40 out/app/src/snap_es.o
 .debug_macro   0x0000000000003973       0x1c out/app/src/snap_es.o
 .debug_macro   0x000000000000398f       0x2e out/app/src/snap_es.o
 .debug_macro   0x00000000000039bd       0x2e out/app/src/snap_es.o
 .debug_macro   0x00000000000039eb       0x22 out/app/src/snap_es.o
 .debug_macro   0x0000000000003a0d      0x201 out/app/src/snap_es.o
 .debug_macro   0x0000000000003c0e       0xe0 out/app/src/snap_es.o
 .debug_macro   0x0000000000003cee      0x34c out/app/src/snap_es.o
 .debug_macro   0x000000000000403a       0xdc out/app/src/snap_es.o
 .debug_macro   0x0000000000004116       0xc4 out/app/src/snap_es.o
 .debug_macro   0x00000000000041da       0x94 out/app/src/snap_es.o
 .debug_macro   0x000000000000426e       0xb8 out/app/src/snap_es.o
 .debug_macro   0x0000000000004326       0x4c out/app/src/snap_es.o
 .debug_macro   0x0000000000004372       0x16 out/app/src/snap_es.o
 .debug_macro   0x0000000000004388      0x328 out/app/src/snap_es.o
 .debug_macro   0x00000000000046b0       0x3a out/app/src/snap_es.o
 .debug_macro   0x00000000000046ea       0xd0 out/app/src/snap_es.o
 .debug_macro   0x00000000000047ba       0x18 out/app/src/snap_es.o
 .debug_macro   0x00000000000047d2       0x22 out/app/src/snap_es.o
 .debug_macro   0x00000000000047f4       0x40 out/app/src/snap_es.o
 .debug_macro   0x0000000000004834       0x4c out/app/src/snap_es.o
 .debug_macro   0x0000000000004880       0x58 out/app/src/snap_es.o
 .debug_macro   0x00000000000048d8       0x35 out/app/src/snap_es.o
 .debug_macro   0x000000000000490d       0x9c out/app/src/snap_es.o
 .debug_macro   0x00000000000049a9       0x16 out/app/src/snap_es.o
 .debug_macro   0x00000000000049bf       0x97 out/app/src/snap_es.o
 .debug_macro   0x0000000000004a56      0x30d out/app/src/snap_es.o
 .debug_macro   0x0000000000004d63       0xfd out/app/src/snap_es.o
 .debug_macro   0x0000000000004e60       0x10 out/app/src/snap_es.o
 .debug_macro   0x0000000000004e70       0x58 out/app/src/snap_es.o
 .debug_macro   0x0000000000004ec8       0x1f out/app/src/snap_es.o
 .debug_macro   0x0000000000004ee7       0x43 out/app/src/snap_es.o
 .debug_macro   0x0000000000004f2a       0x20 out/app/src/snap_es.o
 .debug_macro   0x0000000000004f4a      0x187 out/app/src/snap_es.o
 .debug_macro   0x00000000000050d1       0x10 out/app/src/snap_es.o
 .debug_macro   0x00000000000050e1       0x1c out/app/src/snap_es.o
 .debug_macro   0x00000000000050fd       0x52 out/app/src/snap_es.o
 .debug_macro   0x000000000000514f       0x40 out/app/src/snap_es.o
 .debug_macro   0x000000000000518f       0x10 out/app/src/snap_es.o
 .debug_macro   0x000000000000519f       0x40 out/app/src/snap_es.o
 .debug_macro   0x00000000000051df       0xd7 out/app/src/snap_es.o
 .debug_macro   0x00000000000052b6       0x16 out/app/src/snap_es.o
 .debug_macro   0x00000000000052cc      0x18b out/app/src/snap_es.o
 .debug_macro   0x0000000000005457       0x20 out/app/src/snap_es.o
 .debug_macro   0x0000000000005477       0x28 out/app/src/snap_es.o
 .debug_macro   0x000000000000549f       0x16 out/app/src/snap_es.o
 .debug_macro   0x00000000000054b5       0x3a out/app/src/snap_es.o
 .debug_macro   0x00000000000054ef       0x10 out/app/src/snap_es.o
 .debug_macro   0x00000000000054ff       0x70 out/app/src/snap_es.o
 .debug_macro   0x000000000000556f      0x230 out/app/src/snap_es.o
 .debug_macro   0x000000000000579f       0x5e out/app/src/snap_es.o
 .debug_macro   0x00000000000057fd      0x301 out/libs/lpc_chip_43xx/src/uart_18xx_43xx.o
 .debug_macro   0x0000000000005afe      0x301 out/libs/lpc_chip_43xx/src/chip_18xx_43xx.o
 .debug_macro   0x0000000000005dff      0x307 out/libs/lpc_chip_43xx/src/clock_18xx_43xx.o
 .debug_macro   0x0000000000006106       0xe7 out/libs/lpc_chip_43xx/src/fpu_init.o
 .debug_macro   0x00000000000061ed      0x301 out/libs/lpc_chip_43xx/src/gpio_18xx_43xx.o
 .debug_macro   0x00000000000064ee      0x301 out/libs/lpc_chip_43xx/src/sysinit_18xx_43xx.o
 .debug_macro   0x00000000000067ef      0x499 out/libs/lpc_board_ciaa_edu_4337/src/board.o
 .debug_macro   0x0000000000006c88       0x46 out/libs/lpc_board_ciaa_edu_4337/src/board.o
 .debug_macro   0x0000000000006cce       0x16 out/libs/lpc_board_ciaa_edu_4337/src/board.o
 .debug_macro   0x0000000000006ce4       0x17 out/libs/lpc_board_ciaa_edu_4337/src/crp.o
 .debug_macro   0x0000000000006cfb       0x1d out/libs/lpc_board_ciaa_edu_4337/src/cr_startup_lpc43xx.o
 .debug_macro   0x0000000000006d18      0x472 out/libs/lpc_board_ciaa_edu_4337/src/sysinit.o
 .debug_macro   0x000000000000718a      0x472 out/libs/lpc_board_ciaa_edu_4337/src/board_sysinit.o
 .debug_macro   0x00000000000075fc      0x4d1 out/libs/sapi/src/sapi_uart.o
 .debug_macro   0x0000000000007acd       0x10 out/libs/sapi/src/sapi_uart.o
 .debug_macro   0x0000000000007add      0x47b out/libs/sapi/src/sapi_datatypes.o
 .debug_macro   0x0000000000007f58      0x494 out/libs/sapi/src/sapi_delay.o
 .debug_macro   0x00000000000083ec      0x485 out/libs/sapi/src/sapi_tick.o
 .debug_macro   0x0000000000008871      0x49b out/libs/sapi/src/sapi_timer.o
 .debug_macro   0x0000000000008d0c      0x4a3 out/libs/sapi/src/sapi_board.o
 .debug_macro   0x00000000000091af      0x48f out/libs/sapi/src/sapi_gpio.o

.debug_line     0x0000000000000000     0x875c
 .debug_line    0x0000000000000000      0x8db out/app/src/snap_es.o
 .debug_line    0x00000000000008db      0x913 out/libs/lpc_chip_43xx/src/uart_18xx_43xx.o
 .debug_line    0x00000000000011ee      0x675 out/libs/lpc_chip_43xx/src/chip_18xx_43xx.o
 .debug_line    0x0000000000001863      0xa4b out/libs/lpc_chip_43xx/src/clock_18xx_43xx.o
 .debug_line    0x00000000000022ae      0x231 out/libs/lpc_chip_43xx/src/fpu_init.o
 .debug_line    0x00000000000024df      0x69d out/libs/lpc_chip_43xx/src/gpio_18xx_43xx.o
 .debug_line    0x0000000000002b7c      0x6eb out/libs/lpc_chip_43xx/src/sysinit_18xx_43xx.o
 .debug_line    0x0000000000003267      0x92f out/libs/lpc_board_ciaa_edu_4337/src/board.o
 .debug_line    0x0000000000003b96       0x47 out/libs/lpc_board_ciaa_edu_4337/src/crp.o
 .debug_line    0x0000000000003bdd       0xe0 out/libs/lpc_board_ciaa_edu_4337/src/cr_startup_lpc43xx.o
 .debug_line    0x0000000000003cbd      0x788 out/libs/lpc_board_ciaa_edu_4337/src/sysinit.o
 .debug_line    0x0000000000004445      0x7e8 out/libs/lpc_board_ciaa_edu_4337/src/board_sysinit.o
 .debug_line    0x0000000000004c2d      0x93a out/libs/sapi/src/sapi_uart.o
 .debug_line    0x0000000000005567      0x79b out/libs/sapi/src/sapi_datatypes.o
 .debug_line    0x0000000000005d02      0x83b out/libs/sapi/src/sapi_delay.o
 .debug_line    0x000000000000653d      0x7fd out/libs/sapi/src/sapi_tick.o
 .debug_line    0x0000000000006d3a      0x992 out/libs/sapi/src/sapi_timer.o
 .debug_line    0x00000000000076cc      0x7fb out/libs/sapi/src/sapi_board.o
 .debug_line    0x0000000000007ec7      0x895 out/libs/sapi/src/sapi_gpio.o

.debug_str      0x0000000000000000    0x1c851
 .debug_str     0x0000000000000000    0x1a1f2 out/app/src/snap_es.o
                                      0x1a4bb (size before relaxing)
 .debug_str     0x000000000001a1f2      0x4d3 out/libs/lpc_chip_43xx/src/uart_18xx_43xx.o
                                      0x15726 (size before relaxing)
 .debug_str     0x000000000001a6c5      0x37c out/libs/lpc_chip_43xx/src/chip_18xx_43xx.o
                                      0x15616 (size before relaxing)
 .debug_str     0x000000000001aa41      0x530 out/libs/lpc_chip_43xx/src/clock_18xx_43xx.o
                                      0x15ad8 (size before relaxing)
 .debug_str     0x000000000001af71       0xc5 out/libs/lpc_chip_43xx/src/fpu_init.o
                                       0x90d3 (size before relaxing)
 .debug_str     0x000000000001b036      0x14a out/libs/lpc_chip_43xx/src/gpio_18xx_43xx.o
                                      0x14964 (size before relaxing)
 .debug_str     0x000000000001b180       0xf1 out/libs/lpc_chip_43xx/src/sysinit_18xx_43xx.o
                                      0x15574 (size before relaxing)
 .debug_str     0x000000000001b271      0x57d out/libs/lpc_board_ciaa_edu_4337/src/board.o
                                      0x19c18 (size before relaxing)
 .debug_str     0x000000000001b7ee       0x46 out/libs/lpc_board_ciaa_edu_4337/src/crp.o
                                       0x2580 (size before relaxing)
 .debug_str     0x000000000001b834      0x20c out/libs/lpc_board_ciaa_edu_4337/src/cr_startup_lpc43xx.o
                                       0x276a (size before relaxing)
 .debug_str     0x000000000001ba40       0x46 out/libs/lpc_board_ciaa_edu_4337/src/sysinit.o
                                      0x189e9 (size before relaxing)
 .debug_str     0x000000000001ba86       0xce out/libs/lpc_board_ciaa_edu_4337/src/board_sysinit.o
                                      0x197c2 (size before relaxing)
 .debug_str     0x000000000001bb54      0x1c9 out/libs/sapi/src/sapi_uart.o
                                      0x18ee0 (size before relaxing)
 .debug_str     0x000000000001bd1d       0x1f out/libs/sapi/src/sapi_datatypes.o
                                      0x18a1b (size before relaxing)
 .debug_str     0x000000000001bd3c       0x52 out/libs/sapi/src/sapi_delay.o
                                      0x18b1c (size before relaxing)
 .debug_str     0x000000000001bd8e      0x446 out/libs/sapi/src/sapi_tick.o
                                      0x19907 (size before relaxing)
 .debug_str     0x000000000001c1d4      0x406 out/libs/sapi/src/sapi_timer.o
                                      0x19c4f (size before relaxing)
 .debug_str     0x000000000001c5da      0x1b1 out/libs/sapi/src/sapi_board.o
                                      0x18c18 (size before relaxing)
 .debug_str     0x000000000001c78b       0xc6 out/libs/sapi/src/sapi_gpio.o
                                      0x197fa (size before relaxing)

.comment        0x0000000000000000       0x7f
 .comment       0x0000000000000000       0x7f out/app/src/snap_es.o
                                         0x80 (size before relaxing)
 .comment       0x000000000000007f       0x80 out/libs/lpc_chip_43xx/src/uart_18xx_43xx.o
 .comment       0x000000000000007f       0x80 out/libs/lpc_chip_43xx/src/chip_18xx_43xx.o
 .comment       0x000000000000007f       0x80 out/libs/lpc_chip_43xx/src/clock_18xx_43xx.o
 .comment       0x000000000000007f       0x80 out/libs/lpc_chip_43xx/src/fpu_init.o
 .comment       0x000000000000007f       0x80 out/libs/lpc_chip_43xx/src/gpio_18xx_43xx.o
 .comment       0x000000000000007f       0x80 out/libs/lpc_chip_43xx/src/sysinit_18xx_43xx.o
 .comment       0x000000000000007f       0x80 out/libs/lpc_board_ciaa_edu_4337/src/board.o
 .comment       0x000000000000007f       0x80 out/libs/lpc_board_ciaa_edu_4337/src/crp.o
 .comment       0x000000000000007f       0x80 out/libs/lpc_board_ciaa_edu_4337/src/cr_startup_lpc43xx.o
 .comment       0x000000000000007f       0x80 out/libs/lpc_board_ciaa_edu_4337/src/sysinit.o
 .comment       0x000000000000007f       0x80 out/libs/lpc_board_ciaa_edu_4337/src/board_sysinit.o
 .comment       0x000000000000007f       0x80 out/libs/sapi/src/sapi_uart.o
 .comment       0x000000000000007f       0x80 out/libs/sapi/src/sapi_datatypes.o
 .comment       0x000000000000007f       0x80 out/libs/sapi/src/sapi_delay.o
 .comment       0x000000000000007f       0x80 out/libs/sapi/src/sapi_tick.o
 .comment       0x000000000000007f       0x80 out/libs/sapi/src/sapi_timer.o
 .comment       0x000000000000007f       0x80 out/libs/sapi/src/sapi_board.o
 .comment       0x000000000000007f       0x80 out/libs/sapi/src/sapi_gpio.o

.ARM.attributes
                0x0000000000000000       0x39
 .ARM.attributes
                0x0000000000000000       0x39 out/app/src/snap_es.o
 .ARM.attributes
                0x0000000000000039       0x39 out/libs/lpc_chip_43xx/src/uart_18xx_43xx.o
 .ARM.attributes
                0x0000000000000072       0x39 out/libs/lpc_chip_43xx/src/chip_18xx_43xx.o
 .ARM.attributes
                0x00000000000000ab       0x39 out/libs/lpc_chip_43xx/src/clock_18xx_43xx.o
 .ARM.attributes
                0x00000000000000e4       0x39 out/libs/lpc_chip_43xx/src/fpu_init.o
 .ARM.attributes
                0x000000000000011d       0x39 out/libs/lpc_chip_43xx/src/gpio_18xx_43xx.o
 .ARM.attributes
                0x0000000000000156       0x39 out/libs/lpc_chip_43xx/src/sysinit_18xx_43xx.o
 .ARM.attributes
                0x000000000000018f       0x39 out/libs/lpc_board_ciaa_edu_4337/src/board.o
 .ARM.attributes
                0x00000000000001c8       0x39 out/libs/lpc_board_ciaa_edu_4337/src/crp.o
 .ARM.attributes
                0x0000000000000201       0x39 out/libs/lpc_board_ciaa_edu_4337/src/cr_startup_lpc43xx.o
 .ARM.attributes
                0x000000000000023a       0x39 out/libs/lpc_board_ciaa_edu_4337/src/sysinit.o
 .ARM.attributes
                0x0000000000000273       0x39 out/libs/lpc_board_ciaa_edu_4337/src/board_sysinit.o
 .ARM.attributes
                0x00000000000002ac       0x39 out/libs/sapi/src/sapi_uart.o
 .ARM.attributes
                0x00000000000002e5       0x39 out/libs/sapi/src/sapi_datatypes.o
 .ARM.attributes
                0x000000000000031e       0x39 out/libs/sapi/src/sapi_delay.o
 .ARM.attributes
                0x0000000000000357       0x39 out/libs/sapi/src/sapi_tick.o
 .ARM.attributes
                0x0000000000000390       0x39 out/libs/sapi/src/sapi_timer.o
 .ARM.attributes
                0x00000000000003c9       0x39 out/libs/sapi/src/sapi_board.o
 .ARM.attributes
                0x0000000000000402       0x39 out/libs/sapi/src/sapi_gpio.o
 .ARM.attributes
                0x000000000000043b       0x22 /tmp/.mount_fuqaDC/bin/../lib/gcc/arm-none-eabi/6.3.1/thumb/v7e-m/fpv4-sp/hard/libgcc.a(_aeabi_uldivmod.o)
 .ARM.attributes
                0x000000000000045d       0x34 /tmp/.mount_fuqaDC/bin/../lib/gcc/arm-none-eabi/6.3.1/thumb/v7e-m/fpv4-sp/hard/libgcc.a(_udivmoddi4.o)
 .ARM.attributes
                0x0000000000000491       0x22 /tmp/.mount_fuqaDC/bin/../lib/gcc/arm-none-eabi/6.3.1/thumb/v7e-m/fpv4-sp/hard/libgcc.a(_dvmd_tls.o)
 .ARM.attributes
                0x00000000000004b3       0x34 /tmp/.mount_fuqaDC/bin/../lib/gcc/arm-none-eabi/6.3.1/../../../../arm-none-eabi/lib/thumb/v7e-m/fpv4-sp/hard/libc_nano.a(lib_a-memset.o)

.debug_frame    0x0000000000000000      0xdfc
 .debug_frame   0x0000000000000000       0x28 out/app/src/snap_es.o
 .debug_frame   0x0000000000000028      0x1f4 out/libs/lpc_chip_43xx/src/uart_18xx_43xx.o
 .debug_frame   0x000000000000021c       0x70 out/libs/lpc_chip_43xx/src/chip_18xx_43xx.o
 .debug_frame   0x000000000000028c      0x314 out/libs/lpc_chip_43xx/src/clock_18xx_43xx.o
 .debug_frame   0x00000000000005a0       0x2c out/libs/lpc_chip_43xx/src/fpu_init.o
 .debug_frame   0x00000000000005cc       0x88 out/libs/lpc_chip_43xx/src/gpio_18xx_43xx.o
 .debug_frame   0x0000000000000654       0x7c out/libs/lpc_chip_43xx/src/sysinit_18xx_43xx.o
 .debug_frame   0x00000000000006d0      0x138 out/libs/lpc_board_ciaa_edu_4337/src/board.o
 .debug_frame   0x0000000000000808       0xf4 out/libs/lpc_board_ciaa_edu_4337/src/cr_startup_lpc43xx.o
 .debug_frame   0x00000000000008fc       0x28 out/libs/lpc_board_ciaa_edu_4337/src/sysinit.o
 .debug_frame   0x0000000000000924       0x5c out/libs/lpc_board_ciaa_edu_4337/src/board_sysinit.o
 .debug_frame   0x0000000000000980       0xd8 out/libs/sapi/src/sapi_uart.o
 .debug_frame   0x0000000000000a58       0x20 out/libs/sapi/src/sapi_datatypes.o
 .debug_frame   0x0000000000000a78       0xbc out/libs/sapi/src/sapi_delay.o
 .debug_frame   0x0000000000000b34       0x60 out/libs/sapi/src/sapi_tick.o
 .debug_frame   0x0000000000000b94      0x134 out/libs/sapi/src/sapi_timer.o
 .debug_frame   0x0000000000000cc8       0x28 out/libs/sapi/src/sapi_board.o
 .debug_frame   0x0000000000000cf0       0x8c out/libs/sapi/src/sapi_gpio.o
 .debug_frame   0x0000000000000d7c       0x2c /tmp/.mount_fuqaDC/bin/../lib/gcc/arm-none-eabi/6.3.1/thumb/v7e-m/fpv4-sp/hard/libgcc.a(_aeabi_uldivmod.o)
 .debug_frame   0x0000000000000da8       0x34 /tmp/.mount_fuqaDC/bin/../lib/gcc/arm-none-eabi/6.3.1/thumb/v7e-m/fpv4-sp/hard/libgcc.a(_udivmoddi4.o)
 .debug_frame   0x0000000000000ddc       0x20 /tmp/.mount_fuqaDC/bin/../lib/gcc/arm-none-eabi/6.3.1/../../../../arm-none-eabi/lib/thumb/v7e-m/fpv4-sp/hard/libc_nano.a(lib_a-memset.o)

.debug_loc      0x0000000000000000     0x43ef
 .debug_loc     0x0000000000000000      0xd25 out/libs/lpc_chip_43xx/src/uart_18xx_43xx.o
 .debug_loc     0x0000000000000d25     0x1295 out/libs/lpc_chip_43xx/src/clock_18xx_43xx.o
 .debug_loc     0x0000000000001fba       0x2b out/libs/lpc_chip_43xx/src/fpu_init.o
 .debug_loc     0x0000000000001fe5      0x3d8 out/libs/lpc_chip_43xx/src/gpio_18xx_43xx.o
 .debug_loc     0x00000000000023bd      0x14d out/libs/lpc_chip_43xx/src/sysinit_18xx_43xx.o
 .debug_loc     0x000000000000250a      0x5e2 out/libs/lpc_board_ciaa_edu_4337/src/board.o
 .debug_loc     0x0000000000002aec      0x206 out/libs/lpc_board_ciaa_edu_4337/src/cr_startup_lpc43xx.o
 .debug_loc     0x0000000000002cf2       0xc3 out/libs/lpc_board_ciaa_edu_4337/src/board_sysinit.o
 .debug_loc     0x0000000000002db5      0x594 out/libs/sapi/src/sapi_uart.o
 .debug_loc     0x0000000000003349       0x21 out/libs/sapi/src/sapi_datatypes.o
 .debug_loc     0x000000000000336a      0x1af out/libs/sapi/src/sapi_delay.o
 .debug_loc     0x0000000000003519      0x129 out/libs/sapi/src/sapi_tick.o
 .debug_loc     0x0000000000003642      0x7c0 out/libs/sapi/src/sapi_timer.o
 .debug_loc     0x0000000000003e02      0x5ed out/libs/sapi/src/sapi_gpio.o

Cross Reference Table

Symbol                                            File
ADC0_IRQHandler                                   out/libs/lpc_board_ciaa_edu_4337/src/cr_startup_lpc43xx.o
ADC1_IRQHandler                                   out/libs/lpc_board_ciaa_edu_4337/src/cr_startup_lpc43xx.o
ADCHS_IRQHandler                                  out/libs/lpc_board_ciaa_edu_4337/src/cr_startup_lpc43xx.o
ATIMER_IRQHandler                                 out/libs/lpc_board_ciaa_edu_4337/src/cr_startup_lpc43xx.o
Board_DAC_Init                                    out/libs/lpc_board_ciaa_edu_4337/src/board.o
Board_Debug_Init                                  out/libs/lpc_board_ciaa_edu_4337/src/board.o
Board_ENET_GetMacADDR                             out/libs/lpc_board_ciaa_edu_4337/src/board.o
Board_I2C_Init                                    out/libs/lpc_board_ciaa_edu_4337/src/board.o
Board_Init                                        out/libs/lpc_board_ciaa_edu_4337/src/board.o
                                                  out/libs/sapi/src/sapi_board.o
Board_LED_Set                                     out/libs/lpc_board_ciaa_edu_4337/src/board.o
Board_LED_Test                                    out/libs/lpc_board_ciaa_edu_4337/src/board.o
Board_LED_Toggle                                  out/libs/lpc_board_ciaa_edu_4337/src/board.o
Board_SDMMC_Init                                  out/libs/lpc_board_ciaa_edu_4337/src/board.o
Board_SSP_Init                                    out/libs/lpc_board_ciaa_edu_4337/src/board.o
Board_SetupClocking                               out/libs/lpc_board_ciaa_edu_4337/src/board_sysinit.o
Board_SetupMuxing                                 out/libs/lpc_board_ciaa_edu_4337/src/board_sysinit.o
Board_SystemInit                                  out/libs/lpc_board_ciaa_edu_4337/src/board_sysinit.o
                                                  out/libs/lpc_board_ciaa_edu_4337/src/sysinit.o
Board_UARTGetChar                                 out/libs/lpc_board_ciaa_edu_4337/src/board.o
                                                  out/libs/lpc_board_ciaa_edu_4337/src/system.o
Board_UARTPutChar                                 out/libs/lpc_board_ciaa_edu_4337/src/board.o
                                                  out/libs/lpc_board_ciaa_edu_4337/src/system.o
Board_UARTPutSTR                                  out/libs/lpc_board_ciaa_edu_4337/src/board.o
Board_UART_Init                                   out/libs/lpc_board_ciaa_edu_4337/src/board.o
BusFault_Handler                                  out/libs/lpc_board_ciaa_edu_4337/src/cr_startup_lpc43xx.o
CAN0_IRQHandler                                   out/libs/lpc_board_ciaa_edu_4337/src/cr_startup_lpc43xx.o
CAN1_IRQHandler                                   out/libs/lpc_board_ciaa_edu_4337/src/cr_startup_lpc43xx.o
CRP_WORD                                          out/libs/lpc_board_ciaa_edu_4337/src/crp.o
Chip_ADC_DeInit                                   out/libs/lpc_chip_43xx/src/adc_18xx_43xx.o
                                                  out/libs/sapi/src/sapi_adc.o
Chip_ADC_EnableChannel                            out/libs/lpc_chip_43xx/src/adc_18xx_43xx.o
                                                  out/libs/sapi/src/sapi_adc.o
Chip_ADC_Init                                     out/libs/lpc_chip_43xx/src/adc_18xx_43xx.o
                                                  out/libs/sapi/src/sapi_adc.o
Chip_ADC_Int_SetChannelCmd                        out/libs/lpc_chip_43xx/src/adc_18xx_43xx.o
                                                  out/libs/sapi/src/sapi_adc.o
Chip_ADC_ReadByte                                 out/libs/lpc_chip_43xx/src/adc_18xx_43xx.o
Chip_ADC_ReadStatus                               out/libs/lpc_chip_43xx/src/adc_18xx_43xx.o
                                                  out/libs/sapi/src/sapi_adc.o
Chip_ADC_ReadValue                                out/libs/lpc_chip_43xx/src/adc_18xx_43xx.o
                                                  out/libs/sapi/src/sapi_adc.o
Chip_ADC_SetBurstCmd                              out/libs/lpc_chip_43xx/src/adc_18xx_43xx.o
                                                  out/libs/sapi/src/sapi_adc.o
Chip_ADC_SetResolution                            out/libs/lpc_chip_43xx/src/adc_18xx_43xx.o
Chip_ADC_SetSampleRate                            out/libs/lpc_chip_43xx/src/adc_18xx_43xx.o
                                                  out/libs/sapi/src/sapi_adc.o
Chip_ADC_SetStartMode                             out/libs/lpc_chip_43xx/src/adc_18xx_43xx.o
                                                  out/libs/sapi/src/sapi_adc.o
Chip_AES_Config_DMA                               out/libs/lpc_chip_43xx/src/aes_18xx_43xx.o
Chip_AES_GetStatusDMA                             out/libs/lpc_chip_43xx/src/aes_18xx_43xx.o
Chip_AES_Init                                     out/libs/lpc_chip_43xx/src/aes_18xx_43xx.o
Chip_AES_LoadIV_IC                                out/libs/lpc_chip_43xx/src/aes_18xx_43xx.o
Chip_AES_LoadIV_SW                                out/libs/lpc_chip_43xx/src/aes_18xx_43xx.o
Chip_AES_LoadKey                                  out/libs/lpc_chip_43xx/src/aes_18xx_43xx.o
Chip_AES_LoadKeyRNG                               out/libs/lpc_chip_43xx/src/aes_18xx_43xx.o
Chip_AES_LoadKeySW                                out/libs/lpc_chip_43xx/src/aes_18xx_43xx.o
Chip_AES_Operate                                  out/libs/lpc_chip_43xx/src/aes_18xx_43xx.o
Chip_AES_OperateDMA                               out/libs/lpc_chip_43xx/src/aes_18xx_43xx.o
Chip_AES_ProgramKey                               out/libs/lpc_chip_43xx/src/aes_18xx_43xx.o
Chip_AES_SetMode                                  out/libs/lpc_chip_43xx/src/aes_18xx_43xx.o
Chip_ATIMER_DeInit                                out/libs/lpc_chip_43xx/src/atimer_18xx_43xx.o
Chip_ATIMER_Init                                  out/libs/lpc_chip_43xx/src/atimer_18xx_43xx.o
Chip_CCAN_AddReceiveID                            out/libs/lpc_chip_43xx/src/ccan_18xx_43xx.o
Chip_CCAN_ClearStatus                             out/libs/lpc_chip_43xx/src/ccan_18xx_43xx.o
Chip_CCAN_DeInit                                  out/libs/lpc_chip_43xx/src/ccan_18xx_43xx.o
Chip_CCAN_DeleteReceiveID                         out/libs/lpc_chip_43xx/src/ccan_18xx_43xx.o
Chip_CCAN_GetMsgObject                            out/libs/lpc_chip_43xx/src/ccan_18xx_43xx.o
Chip_CCAN_Init                                    out/libs/lpc_chip_43xx/src/ccan_18xx_43xx.o
Chip_CCAN_Send                                    out/libs/lpc_chip_43xx/src/ccan_18xx_43xx.o
Chip_CCAN_SetBitRate                              out/libs/lpc_chip_43xx/src/ccan_18xx_43xx.o
Chip_CCAN_SetMsgObject                            out/libs/lpc_chip_43xx/src/ccan_18xx_43xx.o
Chip_CCAN_SetValidMsg                             out/libs/lpc_chip_43xx/src/ccan_18xx_43xx.o
Chip_CCAN_TransferMsgObject                       out/libs/lpc_chip_43xx/src/ccan_18xx_43xx.o
Chip_Clock_CalcMainPLLValue                       out/libs/lpc_chip_43xx/src/clock_18xx_43xx.o
                                                  out/libs/lpc_chip_43xx/src/sysinit_18xx_43xx.o
Chip_Clock_ClearPowerDown                         out/libs/lpc_chip_43xx/src/clock_18xx_43xx.o
Chip_Clock_Disable                                out/libs/lpc_chip_43xx/src/clock_18xx_43xx.o
                                                  out/libs/lpc_chip_43xx/src/i2c_18xx_43xx.o
                                                  out/libs/lpc_chip_43xx/src/ssp_18xx_43xx.o
                                                  out/libs/lpc_chip_43xx/src/enet_18xx_43xx.o
                                                  out/libs/lpc_chip_43xx/src/ccan_18xx_43xx.o
                                                  out/libs/lpc_chip_43xx/src/gpdma_18xx_43xx.o
                                                  out/libs/lpc_chip_43xx/src/hsadc_18xx_43xx.o
                                                  out/libs/lpc_chip_43xx/src/spi_18xx_43xx.o
                                                  out/libs/lpc_chip_43xx/src/ritimer_18xx_43xx.o
                                                  out/libs/lpc_chip_43xx/src/sct_18xx_43xx.o
                                                  out/libs/lpc_chip_43xx/src/i2cm_18xx_43xx.o
                                                  out/libs/lpc_chip_43xx/src/timer_18xx_43xx.o
                                                  out/libs/lpc_chip_43xx/src/i2s_18xx_43xx.o
                                                  out/libs/lpc_chip_43xx/src/sdif_18xx_43xx.o
                                                  out/libs/lpc_chip_43xx/src/adc_18xx_43xx.o
                                                  out/libs/lpc_chip_43xx/src/uart_18xx_43xx.o
                                                  out/libs/lpc_chip_43xx/src/lcd_18xx_43xx.o
                                                  out/libs/lpc_chip_43xx/src/dac_18xx_43xx.o
Chip_Clock_DisableBaseClock                       out/libs/lpc_chip_43xx/src/clock_18xx_43xx.o
Chip_Clock_DisableCrystal                         out/libs/lpc_chip_43xx/src/clock_18xx_43xx.o
Chip_Clock_DisablePLL                             out/libs/lpc_chip_43xx/src/clock_18xx_43xx.o
Chip_Clock_Enable                                 out/libs/lpc_chip_43xx/src/clock_18xx_43xx.o
                                                  out/libs/lpc_chip_43xx/src/i2c_18xx_43xx.o
                                                  out/libs/lpc_chip_43xx/src/ssp_18xx_43xx.o
                                                  out/libs/lpc_chip_43xx/src/hsadc_18xx_43xx.o
                                                  out/libs/lpc_chip_43xx/src/spi_18xx_43xx.o
                                                  out/libs/lpc_chip_43xx/src/i2cm_18xx_43xx.o
                                                  out/libs/lpc_chip_43xx/src/timer_18xx_43xx.o
                                                  out/libs/lpc_chip_43xx/src/i2s_18xx_43xx.o
Chip_Clock_EnableBaseClock                        out/libs/lpc_chip_43xx/src/clock_18xx_43xx.o
                                                  out/libs/lpc_chip_43xx/src/chip_18xx_43xx.o
Chip_Clock_EnableCrystal                          out/libs/lpc_chip_43xx/src/clock_18xx_43xx.o
                                                  out/libs/lpc_chip_43xx/src/sysinit_18xx_43xx.o
Chip_Clock_EnableOpts                             out/libs/lpc_chip_43xx/src/clock_18xx_43xx.o
                                                  out/libs/lpc_chip_43xx/src/enet_18xx_43xx.o
                                                  out/libs/lpc_chip_43xx/src/ccan_18xx_43xx.o
                                                  out/libs/lpc_chip_43xx/src/gpdma_18xx_43xx.o
                                                  out/libs/lpc_chip_43xx/src/hsadc_18xx_43xx.o
                                                  out/libs/lpc_chip_43xx/src/ritimer_18xx_43xx.o
                                                  out/libs/lpc_chip_43xx/src/sct_18xx_43xx.o
                                                  out/libs/lpc_chip_43xx/src/sdif_18xx_43xx.o
                                                  out/libs/lpc_chip_43xx/src/chip_18xx_43xx.o
                                                  out/libs/lpc_chip_43xx/src/adc_18xx_43xx.o
                                                  out/libs/lpc_chip_43xx/src/uart_18xx_43xx.o
                                                  out/libs/lpc_chip_43xx/src/lcd_18xx_43xx.o
                                                  out/libs/lpc_chip_43xx/src/dac_18xx_43xx.o
Chip_Clock_EnablePLL                              out/libs/lpc_chip_43xx/src/clock_18xx_43xx.o
                                                  out/libs/lpc_chip_43xx/src/chip_18xx_43xx.o
Chip_Clock_GetBaseClock                           out/libs/lpc_chip_43xx/src/clock_18xx_43xx.o
Chip_Clock_GetBaseClockOpts                       out/libs/lpc_chip_43xx/src/clock_18xx_43xx.o
Chip_Clock_GetBaseClocktHz                        out/libs/lpc_chip_43xx/src/clock_18xx_43xx.o
                                                  out/libs/lpc_chip_43xx/src/sdio_18xx_43xx.o
                                                  out/libs/lpc_chip_43xx/src/sdmmc_18xx_43xx.o
Chip_Clock_GetClockInputHz                        out/libs/lpc_chip_43xx/src/clock_18xx_43xx.o
                                                  out/libs/lpc_chip_43xx/src/chip_18xx_43xx.o
Chip_Clock_GetDividerDivisor                      out/libs/lpc_chip_43xx/src/clock_18xx_43xx.o
Chip_Clock_GetDividerSource                       out/libs/lpc_chip_43xx/src/clock_18xx_43xx.o
Chip_Clock_GetEMCRate                             out/libs/lpc_chip_43xx/src/clock_18xx_43xx.o
                                                  out/libs/lpc_chip_43xx/src/emc_18xx_43xx.o
Chip_Clock_GetMainPLLHz                           out/libs/lpc_chip_43xx/src/clock_18xx_43xx.o
Chip_Clock_GetPLLStatus                           out/libs/lpc_chip_43xx/src/clock_18xx_43xx.o
                                                  out/libs/lpc_chip_43xx/src/chip_18xx_43xx.o
Chip_Clock_GetRate                                out/libs/lpc_chip_43xx/src/clock_18xx_43xx.o
                                                  out/libs/lpc_chip_43xx/src/i2c_18xx_43xx.o
                                                  out/libs/lpc_chip_43xx/src/ssp_18xx_43xx.o
                                                  out/libs/lpc_chip_43xx/src/sct_pwm_18xx_43xx.o
                                                  out/libs/lpc_chip_43xx/src/ccan_18xx_43xx.o
                                                  out/libs/lpc_chip_43xx/src/hsadc_18xx_43xx.o
                                                  out/libs/lpc_chip_43xx/src/spi_18xx_43xx.o
                                                  out/libs/lpc_chip_43xx/src/ritimer_18xx_43xx.o
                                                  out/libs/lpc_chip_43xx/src/eeprom_18xx_43xx.o
                                                  out/libs/lpc_chip_43xx/src/i2cm_18xx_43xx.o
                                                  out/libs/lpc_chip_43xx/src/i2s_18xx_43xx.o
                                                  out/libs/lpc_chip_43xx/src/chip_18xx_43xx.o
                                                  out/libs/lpc_chip_43xx/src/stopwatch_18xx_43xx.o
                                                  out/libs/lpc_chip_43xx/src/adc_18xx_43xx.o
                                                  out/libs/lpc_chip_43xx/src/uart_18xx_43xx.o
Chip_Clock_IsBaseClockEnabled                     out/libs/lpc_chip_43xx/src/clock_18xx_43xx.o
Chip_Clock_RTCEnable                              out/libs/lpc_chip_43xx/src/clock_18xx_43xx.o
                                                  out/libs/lpc_chip_43xx/src/rtc_18xx_43xx.o
Chip_Clock_SetBaseClock                           out/libs/lpc_chip_43xx/src/clock_18xx_43xx.o
                                                  out/libs/lpc_board_ciaa_edu_4337/src/board_sysinit.o
                                                  out/libs/lpc_chip_43xx/src/sysinit_18xx_43xx.o
                                                  out/libs/lpc_chip_43xx/src/chip_18xx_43xx.o
Chip_Clock_SetDivider                             out/libs/lpc_chip_43xx/src/clock_18xx_43xx.o
                                                  out/libs/lpc_chip_43xx/src/chip_18xx_43xx.o
Chip_Clock_SetupMainPLLHz                         out/libs/lpc_chip_43xx/src/clock_18xx_43xx.o
Chip_Clock_SetupMainPLLMult                       out/libs/lpc_chip_43xx/src/clock_18xx_43xx.o
Chip_Clock_SetupPLL                               out/libs/lpc_chip_43xx/src/clock_18xx_43xx.o
                                                  out/libs/lpc_chip_43xx/src/chip_18xx_43xx.o
Chip_Clock_StartPowerDown                         out/libs/lpc_chip_43xx/src/clock_18xx_43xx.o
Chip_DAC_DeInit                                   out/libs/lpc_chip_43xx/src/dac_18xx_43xx.o
                                                  out/libs/sapi/src/sapi_dac.o
Chip_DAC_Init                                     out/libs/lpc_chip_43xx/src/dac_18xx_43xx.o
                                                  out/libs/sapi/src/sapi_dac.o
Chip_DAC_SetBias                                  out/libs/lpc_chip_43xx/src/dac_18xx_43xx.o
Chip_DAC_UpdateValue                              out/libs/lpc_chip_43xx/src/dac_18xx_43xx.o
                                                  out/libs/sapi/src/sapi_dac.o
Chip_EEPROM_EraseProgramPage                      out/libs/lpc_chip_43xx/src/eeprom_18xx_43xx.o
Chip_EEPROM_Init                                  out/libs/lpc_chip_43xx/src/eeprom_18xx_43xx.o
Chip_EEPROM_WaitForIntStatus                      out/libs/lpc_chip_43xx/src/eeprom_18xx_43xx.o
Chip_EMC_Dynamic_Enable                           out/libs/lpc_chip_43xx/src/emc_18xx_43xx.o
Chip_EMC_Dynamic_Init                             out/libs/lpc_chip_43xx/src/emc_18xx_43xx.o
Chip_EMC_Enable                                   out/libs/lpc_chip_43xx/src/emc_18xx_43xx.o
Chip_EMC_Init                                     out/libs/lpc_chip_43xx/src/emc_18xx_43xx.o
Chip_EMC_LowPowerMode                             out/libs/lpc_chip_43xx/src/emc_18xx_43xx.o
Chip_EMC_Mirror                                   out/libs/lpc_chip_43xx/src/emc_18xx_43xx.o
Chip_EMC_Static_Init                              out/libs/lpc_chip_43xx/src/emc_18xx_43xx.o
Chip_ENET_DeInit                                  out/libs/lpc_chip_43xx/src/enet_18xx_43xx.o
Chip_ENET_Init                                    out/libs/lpc_chip_43xx/src/enet_18xx_43xx.o
Chip_ENET_SetDuplex                               out/libs/lpc_chip_43xx/src/enet_18xx_43xx.o
Chip_ENET_SetSpeed                                out/libs/lpc_chip_43xx/src/enet_18xx_43xx.o
Chip_ENET_SetupMII                                out/libs/lpc_chip_43xx/src/enet_18xx_43xx.o
Chip_ENET_StartMIIRead                            out/libs/lpc_chip_43xx/src/enet_18xx_43xx.o
Chip_ENET_StartMIIWrite                           out/libs/lpc_chip_43xx/src/enet_18xx_43xx.o
Chip_EVRT_ConfigIntSrcActiveType                  out/libs/lpc_chip_43xx/src/evrt_18xx_43xx.o
Chip_EVRT_Init                                    out/libs/lpc_chip_43xx/src/evrt_18xx_43xx.o
Chip_EVRT_IsSourceInterrupting                    out/libs/lpc_chip_43xx/src/evrt_18xx_43xx.o
Chip_EVRT_SetUpIntSrc                             out/libs/lpc_chip_43xx/src/evrt_18xx_43xx.o
Chip_GPDMA_ChannelCmd                             out/libs/lpc_chip_43xx/src/gpdma_18xx_43xx.o
Chip_GPDMA_ClearIntPending                        out/libs/lpc_chip_43xx/src/gpdma_18xx_43xx.o
Chip_GPDMA_DeInit                                 out/libs/lpc_chip_43xx/src/gpdma_18xx_43xx.o
Chip_GPDMA_GetFreeChannel                         out/libs/lpc_chip_43xx/src/gpdma_18xx_43xx.o
Chip_GPDMA_Init                                   out/libs/lpc_chip_43xx/src/gpdma_18xx_43xx.o
Chip_GPDMA_InitChannelCfg                         out/libs/lpc_chip_43xx/src/gpdma_18xx_43xx.o
Chip_GPDMA_IntGetStatus                           out/libs/lpc_chip_43xx/src/gpdma_18xx_43xx.o
Chip_GPDMA_Interrupt                              out/libs/lpc_chip_43xx/src/gpdma_18xx_43xx.o
Chip_GPDMA_PrepareDescriptor                      out/libs/lpc_chip_43xx/src/gpdma_18xx_43xx.o
Chip_GPDMA_SGTransfer                             out/libs/lpc_chip_43xx/src/gpdma_18xx_43xx.o
Chip_GPDMA_Stop                                   out/libs/lpc_chip_43xx/src/gpdma_18xx_43xx.o
Chip_GPDMA_Transfer                               out/libs/lpc_chip_43xx/src/gpdma_18xx_43xx.o
Chip_GPIO_DeInit                                  out/libs/lpc_chip_43xx/src/gpio_18xx_43xx.o
Chip_GPIO_Init                                    out/libs/lpc_chip_43xx/src/gpio_18xx_43xx.o
                                                  out/libs/sapi/src/sapi_gpio.o
                                                  out/libs/lpc_board_ciaa_edu_4337/src/board.o
Chip_GPIO_SetDir                                  out/libs/lpc_chip_43xx/src/gpio_18xx_43xx.o
                                                  out/libs/sapi/src/sapi_gpio.o
Chip_GPIO_SetPinDIR                               out/libs/lpc_chip_43xx/src/gpio_18xx_43xx.o
Chip_GPIO_SetPortDIR                              out/libs/lpc_chip_43xx/src/gpio_18xx_43xx.o
Chip_GPIO_WriteDirBit                             out/libs/lpc_chip_43xx/src/gpio_18xx_43xx.o
Chip_HSADC_DeInit                                 out/libs/lpc_chip_43xx/src/hsadc_18xx_43xx.o
Chip_HSADC_Init                                   out/libs/lpc_chip_43xx/src/hsadc_18xx_43xx.o
Chip_HSADC_SetACDCBias                            out/libs/lpc_chip_43xx/src/hsadc_18xx_43xx.o
Chip_HSADC_SetPowerSpeed                          out/libs/lpc_chip_43xx/src/hsadc_18xx_43xx.o
Chip_HSADC_SetSpeed                               out/libs/lpc_chip_43xx/src/hsadc_18xx_43xx.o
Chip_HSADC_SetThrHighValue                        out/libs/lpc_chip_43xx/src/hsadc_18xx_43xx.o
Chip_HSADC_SetThrLowValue                         out/libs/lpc_chip_43xx/src/hsadc_18xx_43xx.o
Chip_HSADC_SetupFIFO                              out/libs/lpc_chip_43xx/src/hsadc_18xx_43xx.o
Chip_I2CM_DeInit                                  out/libs/lpc_chip_43xx/src/i2cm_18xx_43xx.o
Chip_I2CM_Init                                    out/libs/lpc_chip_43xx/src/i2cm_18xx_43xx.o
Chip_I2CM_Read                                    out/libs/lpc_chip_43xx/src/i2cm_18xx_43xx.o
Chip_I2CM_SetBusSpeed                             out/libs/lpc_chip_43xx/src/i2cm_18xx_43xx.o
Chip_I2CM_Write                                   out/libs/lpc_chip_43xx/src/i2cm_18xx_43xx.o
Chip_I2CM_Xfer                                    out/libs/lpc_chip_43xx/src/i2cm_18xx_43xx.o
Chip_I2CM_XferBlocking                            out/libs/lpc_chip_43xx/src/i2cm_18xx_43xx.o
                                                  out/libs/sapi/src/sapi_i2c.o
Chip_I2CM_XferHandler                             out/libs/lpc_chip_43xx/src/i2cm_18xx_43xx.o
Chip_I2C_DeInit                                   out/libs/lpc_chip_43xx/src/i2c_18xx_43xx.o
Chip_I2C_Disable                                  out/libs/lpc_chip_43xx/src/i2c_18xx_43xx.o
Chip_I2C_EventHandler                             out/libs/lpc_chip_43xx/src/i2c_18xx_43xx.o
Chip_I2C_EventHandlerPolling                      out/libs/lpc_chip_43xx/src/i2c_18xx_43xx.o
                                                  out/libs/sapi/src/sapi_i2c.o
Chip_I2C_GetClockRate                             out/libs/lpc_chip_43xx/src/i2c_18xx_43xx.o
Chip_I2C_GetMasterEventHandler                    out/libs/lpc_chip_43xx/src/i2c_18xx_43xx.o
Chip_I2C_Init                                     out/libs/lpc_chip_43xx/src/i2c_18xx_43xx.o
                                                  out/libs/sapi/src/sapi_i2c.o
Chip_I2C_IsMasterActive                           out/libs/lpc_chip_43xx/src/i2c_18xx_43xx.o
Chip_I2C_IsStateChanged                           out/libs/lpc_chip_43xx/src/i2c_18xx_43xx.o
Chip_I2C_MasterCmdRead                            out/libs/lpc_chip_43xx/src/i2c_18xx_43xx.o
Chip_I2C_MasterRead                               out/libs/lpc_chip_43xx/src/i2c_18xx_43xx.o
Chip_I2C_MasterSend                               out/libs/lpc_chip_43xx/src/i2c_18xx_43xx.o
Chip_I2C_MasterStateHandler                       out/libs/lpc_chip_43xx/src/i2c_18xx_43xx.o
Chip_I2C_MasterTransfer                           out/libs/lpc_chip_43xx/src/i2c_18xx_43xx.o
Chip_I2C_SetClockRate                             out/libs/lpc_chip_43xx/src/i2c_18xx_43xx.o
                                                  out/libs/sapi/src/sapi_i2c.o
Chip_I2C_SetMasterEventHandler                    out/libs/lpc_chip_43xx/src/i2c_18xx_43xx.o
                                                  out/libs/sapi/src/sapi_i2c.o
Chip_I2C_SlaveSetup                               out/libs/lpc_chip_43xx/src/i2c_18xx_43xx.o
Chip_I2C_SlaveStateHandler                        out/libs/lpc_chip_43xx/src/i2c_18xx_43xx.o
Chip_I2S_DMA_RxCmd                                out/libs/lpc_chip_43xx/src/i2s_18xx_43xx.o
Chip_I2S_DMA_TxCmd                                out/libs/lpc_chip_43xx/src/i2s_18xx_43xx.o
Chip_I2S_DeInit                                   out/libs/lpc_chip_43xx/src/i2s_18xx_43xx.o
Chip_I2S_Init                                     out/libs/lpc_chip_43xx/src/i2s_18xx_43xx.o
Chip_I2S_Int_RxCmd                                out/libs/lpc_chip_43xx/src/i2s_18xx_43xx.o
Chip_I2S_Int_TxCmd                                out/libs/lpc_chip_43xx/src/i2s_18xx_43xx.o
Chip_I2S_RxConfig                                 out/libs/lpc_chip_43xx/src/i2s_18xx_43xx.o
Chip_I2S_TxConfig                                 out/libs/lpc_chip_43xx/src/i2s_18xx_43xx.o
Chip_IAP_BlankCheckSector                         out/libs/lpc_chip_43xx/src/iap_18xx_43xx.o
Chip_IAP_Compare                                  out/libs/lpc_chip_43xx/src/iap_18xx_43xx.o
Chip_IAP_CopyRamToFlash                           out/libs/lpc_chip_43xx/src/iap_18xx_43xx.o
Chip_IAP_ErasePage                                out/libs/lpc_chip_43xx/src/iap_18xx_43xx.o
Chip_IAP_EraseSector                              out/libs/lpc_chip_43xx/src/iap_18xx_43xx.o
Chip_IAP_PreSectorForReadWrite                    out/libs/lpc_chip_43xx/src/iap_18xx_43xx.o
Chip_IAP_ReadBootCode                             out/libs/lpc_chip_43xx/src/iap_18xx_43xx.o
Chip_IAP_ReadPID                                  out/libs/lpc_chip_43xx/src/iap_18xx_43xx.o
Chip_IAP_ReadUID                                  out/libs/lpc_chip_43xx/src/iap_18xx_43xx.o
Chip_IAP_ReinvokeISP                              out/libs/lpc_chip_43xx/src/iap_18xx_43xx.o
Chip_IAP_SetBootFlashBank                         out/libs/lpc_chip_43xx/src/iap_18xx_43xx.o
Chip_LCD_Cursor_Config                            out/libs/lpc_chip_43xx/src/lcd_18xx_43xx.o
Chip_LCD_Cursor_WriteImage                        out/libs/lpc_chip_43xx/src/lcd_18xx_43xx.o
Chip_LCD_DeInit                                   out/libs/lpc_chip_43xx/src/lcd_18xx_43xx.o
Chip_LCD_Init                                     out/libs/lpc_chip_43xx/src/lcd_18xx_43xx.o
Chip_LCD_LoadPalette                              out/libs/lpc_chip_43xx/src/lcd_18xx_43xx.o
Chip_OTP_GenRand                                  out/libs/lpc_chip_43xx/src/otp_18xx_43xx.o
Chip_OTP_Init                                     out/libs/lpc_chip_43xx/src/otp_18xx_43xx.o
Chip_OTP_ProgBootSrc                              out/libs/lpc_chip_43xx/src/otp_18xx_43xx.o
Chip_OTP_ProgGPWord                               out/libs/lpc_chip_43xx/src/otp_18xx_43xx.o
Chip_OTP_ProgJTAGDis                              out/libs/lpc_chip_43xx/src/otp_18xx_43xx.o
Chip_OTP_ProgKey                                  out/libs/lpc_chip_43xx/src/otp_18xx_43xx.o
Chip_OTP_ProgUSBID                                out/libs/lpc_chip_43xx/src/otp_18xx_43xx.o
Chip_PMC_Set_PwrState                             out/libs/lpc_chip_43xx/src/pmc_18xx_43xx.o
Chip_PMC_Sleep                                    out/libs/lpc_chip_43xx/src/pmc_18xx_43xx.o
Chip_RIT_DeInit                                   out/libs/lpc_chip_43xx/src/ritimer_18xx_43xx.o
Chip_RIT_GetIntStatus                             out/libs/lpc_chip_43xx/src/ritimer_18xx_43xx.o
Chip_RIT_Init                                     out/libs/lpc_chip_43xx/src/ritimer_18xx_43xx.o
Chip_RIT_SetTimerInterval                         out/libs/lpc_chip_43xx/src/ritimer_18xx_43xx.o
Chip_RTC_AlarmIntConfig                           out/libs/lpc_chip_43xx/src/rtc_18xx_43xx.o
Chip_RTC_CalibCounterCmd                          out/libs/lpc_chip_43xx/src/rtc_18xx_43xx.o
Chip_RTC_CntIncrIntConfig                         out/libs/lpc_chip_43xx/src/rtc_18xx_43xx.o
Chip_RTC_DeInit                                   out/libs/lpc_chip_43xx/src/rtc_18xx_43xx.o
Chip_RTC_EV_GetFirstTimeStamp                     out/libs/lpc_chip_43xx/src/rtc_18xx_43xx.o
Chip_RTC_EV_GetLastTimeStamp                      out/libs/lpc_chip_43xx/src/rtc_18xx_43xx.o
Chip_RTC_Enable                                   out/libs/lpc_chip_43xx/src/rtc_18xx_43xx.o
                                                  out/libs/sapi/src/sapi_rtc.o
Chip_RTC_GetFullAlarmTime                         out/libs/lpc_chip_43xx/src/rtc_18xx_43xx.o
Chip_RTC_GetFullTime                              out/libs/lpc_chip_43xx/src/rtc_18xx_43xx.o
                                                  out/libs/sapi/src/sapi_rtc.o
Chip_RTC_Init                                     out/libs/lpc_chip_43xx/src/rtc_18xx_43xx.o
                                                  out/libs/sapi/src/sapi_rtc.o
Chip_RTC_ResetClockTickCounter                    out/libs/lpc_chip_43xx/src/rtc_18xx_43xx.o
Chip_RTC_SetFullAlarmTime                         out/libs/lpc_chip_43xx/src/rtc_18xx_43xx.o
Chip_RTC_SetFullTime                              out/libs/lpc_chip_43xx/src/rtc_18xx_43xx.o
                                                  out/libs/sapi/src/sapi_rtc.o
Chip_SCTPWM_SetOutPin                             out/libs/lpc_chip_43xx/src/sct_pwm_18xx_43xx.o
                                                  out/libs/sapi/src/sapi_sct.o
Chip_SCTPWM_SetRate                               out/libs/lpc_chip_43xx/src/sct_pwm_18xx_43xx.o
                                                  out/libs/sapi/src/sapi_sct.o
Chip_SCT_DeInit                                   out/libs/lpc_chip_43xx/src/sct_18xx_43xx.o
Chip_SCT_Init                                     out/libs/lpc_chip_43xx/src/sct_18xx_43xx.o
                                                  out/libs/sapi/src/sapi_sct.o
Chip_SCT_SetClrControl                            out/libs/lpc_chip_43xx/src/sct_18xx_43xx.o
Chip_SCT_SetConflictResolution                    out/libs/lpc_chip_43xx/src/sct_18xx_43xx.o
Chip_SDIF_DeInit                                  out/libs/lpc_chip_43xx/src/sdif_18xx_43xx.o
Chip_SDIF_DmaSetup                                out/libs/lpc_chip_43xx/src/sdif_18xx_43xx.o
                                                  out/libs/lpc_chip_43xx/src/sdio_18xx_43xx.o
                                                  out/libs/lpc_chip_43xx/src/sdmmc_18xx_43xx.o
Chip_SDIF_GetResponse                             out/libs/lpc_chip_43xx/src/sdif_18xx_43xx.o
                                                  out/libs/lpc_chip_43xx/src/sdio_18xx_43xx.o
                                                  out/libs/lpc_chip_43xx/src/sdmmc_18xx_43xx.o
Chip_SDIF_Init                                    out/libs/lpc_chip_43xx/src/sdif_18xx_43xx.o
Chip_SDIF_SendCmd                                 out/libs/lpc_chip_43xx/src/sdif_18xx_43xx.o
                                                  out/libs/lpc_chip_43xx/src/sdio_18xx_43xx.o
                                                  out/libs/lpc_chip_43xx/src/sdmmc_18xx_43xx.o
Chip_SDIF_SetClearIntFifo                         out/libs/lpc_chip_43xx/src/sdif_18xx_43xx.o
                                                  out/libs/lpc_chip_43xx/src/sdmmc_18xx_43xx.o
Chip_SDIF_SetClock                                out/libs/lpc_chip_43xx/src/sdif_18xx_43xx.o
                                                  out/libs/lpc_chip_43xx/src/sdio_18xx_43xx.o
                                                  out/libs/lpc_chip_43xx/src/sdmmc_18xx_43xx.o
Chip_SDMMC_Acquire                                out/libs/lpc_chip_43xx/src/sdmmc_18xx_43xx.o
Chip_SDMMC_GetDeviceBlocks                        out/libs/lpc_chip_43xx/src/sdmmc_18xx_43xx.o
Chip_SDMMC_GetDeviceSize                          out/libs/lpc_chip_43xx/src/sdmmc_18xx_43xx.o
Chip_SDMMC_GetState                               out/libs/lpc_chip_43xx/src/sdmmc_18xx_43xx.o
Chip_SDMMC_ReadBlocks                             out/libs/lpc_chip_43xx/src/sdmmc_18xx_43xx.o
Chip_SDMMC_WriteBlocks                            out/libs/lpc_chip_43xx/src/sdmmc_18xx_43xx.o
Chip_SPI_DeInit                                   out/libs/lpc_chip_43xx/src/spi_18xx_43xx.o
Chip_SPI_Init                                     out/libs/lpc_chip_43xx/src/spi_18xx_43xx.o
Chip_SPI_Int_FlushData                            out/libs/lpc_chip_43xx/src/spi_18xx_43xx.o
Chip_SPI_Int_RWFrames                             out/libs/lpc_chip_43xx/src/spi_18xx_43xx.o
Chip_SPI_Int_RWFrames16Bits                       out/libs/lpc_chip_43xx/src/spi_18xx_43xx.o
Chip_SPI_Int_RWFrames8Bits                        out/libs/lpc_chip_43xx/src/spi_18xx_43xx.o
Chip_SPI_RWFrames_Blocking                        out/libs/lpc_chip_43xx/src/spi_18xx_43xx.o
Chip_SPI_SetBitRate                               out/libs/lpc_chip_43xx/src/spi_18xx_43xx.o
Chip_SSP_DeInit                                   out/libs/lpc_chip_43xx/src/ssp_18xx_43xx.o
Chip_SSP_Init                                     out/libs/lpc_chip_43xx/src/ssp_18xx_43xx.o
Chip_SSP_Int_FlushData                            out/libs/lpc_chip_43xx/src/ssp_18xx_43xx.o
Chip_SSP_Int_RWFrames16Bits                       out/libs/lpc_chip_43xx/src/ssp_18xx_43xx.o
Chip_SSP_Int_RWFrames8Bits                        out/libs/lpc_chip_43xx/src/ssp_18xx_43xx.o
Chip_SSP_RWFrames_Blocking                        out/libs/lpc_chip_43xx/src/ssp_18xx_43xx.o
Chip_SSP_ReadFrames_Blocking                      out/libs/lpc_chip_43xx/src/ssp_18xx_43xx.o
Chip_SSP_SetBitRate                               out/libs/lpc_chip_43xx/src/ssp_18xx_43xx.o
Chip_SSP_SetClockRate                             out/libs/lpc_chip_43xx/src/ssp_18xx_43xx.o
Chip_SSP_SetMaster                                out/libs/lpc_chip_43xx/src/ssp_18xx_43xx.o
Chip_SSP_WriteFrames_Blocking                     out/libs/lpc_chip_43xx/src/ssp_18xx_43xx.o
Chip_SetupCoreClock                               out/libs/lpc_chip_43xx/src/sysinit_18xx_43xx.o
                                                  out/libs/lpc_board_ciaa_edu_4337/src/board_sysinit.o
Chip_SetupIrcClocking                             out/libs/lpc_chip_43xx/src/sysinit_18xx_43xx.o
Chip_SetupXtalClocking                            out/libs/lpc_chip_43xx/src/sysinit_18xx_43xx.o
Chip_SystemInit                                   out/libs/lpc_chip_43xx/src/sysinit_18xx_43xx.o
Chip_TIMER_DeInit                                 out/libs/lpc_chip_43xx/src/timer_18xx_43xx.o
                                                  out/libs/sapi/src/sapi_timer.o
Chip_TIMER_ExtMatchControlSet                     out/libs/lpc_chip_43xx/src/timer_18xx_43xx.o
Chip_TIMER_Init                                   out/libs/lpc_chip_43xx/src/timer_18xx_43xx.o
                                                  out/libs/sapi/src/sapi_timer.o
                                                  out/libs/lpc_chip_43xx/src/stopwatch_18xx_43xx.o
Chip_TIMER_Reset                                  out/libs/lpc_chip_43xx/src/timer_18xx_43xx.o
                                                  out/libs/sapi/src/sapi_timer.o
Chip_UART_ABCmd                                   out/libs/lpc_chip_43xx/src/uart_18xx_43xx.o
Chip_UART_CheckBusy                               out/libs/lpc_chip_43xx/src/uart_18xx_43xx.o
Chip_UART_DeInit                                  out/libs/lpc_chip_43xx/src/uart_18xx_43xx.o
Chip_UART_GetABEOStatus                           out/libs/lpc_chip_43xx/src/uart_18xx_43xx.o
Chip_UART_IRQRBHandler                            out/libs/lpc_chip_43xx/src/uart_18xx_43xx.o
Chip_UART_Init                                    out/libs/lpc_chip_43xx/src/uart_18xx_43xx.o
                                                  out/libs/sapi/src/sapi_uart.o
                                                  out/libs/lpc_board_ciaa_edu_4337/src/board.o
Chip_UART_RXIntHandlerRB                          out/libs/lpc_chip_43xx/src/uart_18xx_43xx.o
Chip_UART_Read                                    out/libs/lpc_chip_43xx/src/uart_18xx_43xx.o
Chip_UART_ReadBlocking                            out/libs/lpc_chip_43xx/src/uart_18xx_43xx.o
Chip_UART_ReadRB                                  out/libs/lpc_chip_43xx/src/uart_18xx_43xx.o
Chip_UART_Send                                    out/libs/lpc_chip_43xx/src/uart_18xx_43xx.o
Chip_UART_SendBlocking                            out/libs/lpc_chip_43xx/src/uart_18xx_43xx.o
Chip_UART_SendRB                                  out/libs/lpc_chip_43xx/src/uart_18xx_43xx.o
Chip_UART_SetBaud                                 out/libs/lpc_chip_43xx/src/uart_18xx_43xx.o
                                                  out/libs/sapi/src/sapi_uart.o
Chip_UART_SetBaudFDR                              out/libs/lpc_chip_43xx/src/uart_18xx_43xx.o
                                                  out/libs/lpc_board_ciaa_edu_4337/src/board.o
Chip_UART_TXIntHandlerRB                          out/libs/lpc_chip_43xx/src/uart_18xx_43xx.o
Chip_USB0_Init                                    out/libs/lpc_chip_43xx/src/chip_18xx_43xx.o
Chip_USB1_Init                                    out/libs/lpc_chip_43xx/src/chip_18xx_43xx.o
Chip_WWDT_ClearStatusFlag                         out/libs/lpc_chip_43xx/src/wwdt_18xx_43xx.o
Chip_WWDT_DeInit                                  out/libs/lpc_chip_43xx/src/wwdt_18xx_43xx.o
Chip_WWDT_Init                                    out/libs/lpc_chip_43xx/src/wwdt_18xx_43xx.o
DAC_IRQHandler                                    out/libs/lpc_board_ciaa_edu_4337/src/cr_startup_lpc43xx.o
DMA_IRQHandler                                    out/libs/lpc_board_ciaa_edu_4337/src/cr_startup_lpc43xx.o
DebugMon_Handler                                  out/libs/lpc_board_ciaa_edu_4337/src/cr_startup_lpc43xx.o
ETH_IRQHandler                                    out/libs/lpc_board_ciaa_edu_4337/src/cr_startup_lpc43xx.o
EVRT_IRQHandler                                   out/libs/lpc_board_ciaa_edu_4337/src/cr_startup_lpc43xx.o
ExtRateIn                                         out/libs/lpc_board_ciaa_edu_4337/src/board.o
                                                  out/libs/lpc_chip_43xx/src/clock_18xx_43xx.o
FLASH_EEPROM_IRQHandler                           out/libs/lpc_board_ciaa_edu_4337/src/cr_startup_lpc43xx.o
GINT0_IRQHandler                                  out/libs/lpc_board_ciaa_edu_4337/src/cr_startup_lpc43xx.o
GINT1_IRQHandler                                  out/libs/lpc_board_ciaa_edu_4337/src/cr_startup_lpc43xx.o
GPIO0_IRQHandler                                  out/libs/lpc_board_ciaa_edu_4337/src/cr_startup_lpc43xx.o
GPIO1_IRQHandler                                  out/libs/lpc_board_ciaa_edu_4337/src/cr_startup_lpc43xx.o